18:32:01.605 INFO  main GatewayStart         : config ../root/conf.yaml !!ibgroup.web.core.clientportal.gw.Config
authDelay: 3000
ccp: false
cors: {origin.allowed: '*', allowCredentials: false}
ip2loc: US
ips:
  allow: [192.*, 131.216.*, 127.0.0.1]
  deny: [212.90.324.10]
listenPort: 8080
listenSsl: true
portalBaseURL: ''
proxyRemoteHost: https://api.ibkr.com
proxyRemoteSsl: true
sslCert: vertx.jks
sslPwd: mywebapi
ssoPing: 5
svcEnvironment: v1
tst: false
twsBaseURL: /tws.proxy
webApps:
- {cache: true, index: index.html, listing: false, name: demo, proxy: ''}

18:32:01.726 INFO  vert.x-eventloop-thread-0 GatewayHttpProxy     :  -> mount demo on /demo
18:32:01.737 INFO  vert.x-eventloop-thread-0 GatewayVerticle      : version: a27ed42161ad96c53e715ca5c5e3e3fa4cff5262 Mon, 24 Apr 2023 15:41:53 -0400
18:32:01.737 INFO  vert.x-eventloop-thread-0 GatewayVerticle      : Java Version: 17.0.10
18:32:02.020 WARN  vert.x-eventloop-thread-0 DefaultChannelPipeline : An exceptionCaught() event was fired, and it reached at the tail of the pipeline. It usually means the last handler in the pipeline did not handle the exception.
io.netty.handler.codec.DecoderException: javax.net.ssl.SSLHandshakeException: Received fatal alert: certificate_unknown
	at io.netty.handler.codec.ByteToMessageDecoder.callDecode(ByteToMessageDecoder.java:459)
	at io.netty.handler.codec.ByteToMessageDecoder.channelRead(ByteToMessageDecoder.java:265)
	at io.netty.channel.AbstractChannelHandlerContext.invokeChannelRead(AbstractChannelHandlerContext.java:362)
	at io.netty.channel.AbstractChannelHandlerContext.invokeChannelRead(AbstractChannelHandlerContext.java:348)
	at io.netty.channel.AbstractChannelHandlerContext.fireChannelRead(AbstractChannelHandlerContext.java:340)
	at io.netty.channel.DefaultChannelPipeline$HeadContext.channelRead(DefaultChannelPipeline.java:1359)
	at io.netty.channel.AbstractChannelHandlerContext.invokeChannelRead(AbstractChannelHandlerContext.java:362)
	at io.netty.channel.AbstractChannelHandlerContext.invokeChannelRead(AbstractChannelHandlerContext.java:348)
	at io.netty.channel.DefaultChannelPipeline.fireChannelRead(DefaultChannelPipeline.java:935)
	at io.netty.channel.nio.AbstractNioByteChannel$NioByteUnsafe.read(AbstractNioByteChannel.java:134)
	at io.netty.channel.nio.NioEventLoop.processSelectedKey(NioEventLoop.java:645)
	at io.netty.channel.nio.NioEventLoop.processSelectedKeysPlain(NioEventLoop.java:545)
	at io.netty.channel.nio.NioEventLoop.processSelectedKeys(NioEventLoop.java:499)
	at io.netty.channel.nio.NioEventLoop.run(NioEventLoop.java:459)
	at io.netty.util.concurrent.SingleThreadEventExecutor$5.run(SingleThreadEventExecutor.java:858)
	at java.base/java.lang.Thread.run(Thread.java:842)
Caused by: javax.net.ssl.SSLHandshakeException: Received fatal alert: certificate_unknown
	at java.base/sun.security.ssl.Alert.createSSLException(Alert.java:131)
	at java.base/sun.security.ssl.Alert.createSSLException(Alert.java:117)
	at java.base/sun.security.ssl.TransportContext.fatal(TransportContext.java:365)
	at java.base/sun.security.ssl.Alert$AlertConsumer.consume(Alert.java:293)
	at java.base/sun.security.ssl.TransportContext.dispatch(TransportContext.java:204)
	at java.base/sun.security.ssl.SSLTransport.decode(SSLTransport.java:172)
	at java.base/sun.security.ssl.SSLEngineImpl.decode(SSLEngineImpl.java:736)
	at java.base/sun.security.ssl.SSLEngineImpl.readRecord(SSLEngineImpl.java:691)
	at java.base/sun.security.ssl.SSLEngineImpl.unwrap(SSLEngineImpl.java:506)
	at java.base/sun.security.ssl.SSLEngineImpl.unwrap(SSLEngineImpl.java:482)
	at java.base/javax.net.ssl.SSLEngine.unwrap(SSLEngine.java:679)
	at io.netty.handler.ssl.SslHandler$SslEngineType$3.unwrap(SslHandler.java:281)
	at io.netty.handler.ssl.SslHandler.unwrap(SslHandler.java:1215)
	at io.netty.handler.ssl.SslHandler.decodeJdkCompatible(SslHandler.java:1127)
	at io.netty.handler.ssl.SslHandler.decode(SslHandler.java:1162)
	at io.netty.handler.codec.ByteToMessageDecoder.decodeRemovalReentryProtection(ByteToMessageDecoder.java:489)
	at io.netty.handler.codec.ByteToMessageDecoder.callDecode(ByteToMessageDecoder.java:428)
	... 15 common frames omitted
18:32:02.021 WARN  vert.x-eventloop-thread-0 DefaultChannelPipeline : An exceptionCaught() event was fired, and it reached at the tail of the pipeline. It usually means the last handler in the pipeline did not handle the exception.
io.netty.handler.codec.DecoderException: javax.net.ssl.SSLHandshakeException: Received fatal alert: certificate_unknown
	at io.netty.handler.codec.ByteToMessageDecoder.callDecode(ByteToMessageDecoder.java:459)
	at io.netty.handler.codec.ByteToMessageDecoder.channelRead(ByteToMessageDecoder.java:265)
	at io.netty.channel.AbstractChannelHandlerContext.invokeChannelRead(AbstractChannelHandlerContext.java:362)
	at io.netty.channel.AbstractChannelHandlerContext.invokeChannelRead(AbstractChannelHandlerContext.java:348)
	at io.netty.channel.AbstractChannelHandlerContext.fireChannelRead(AbstractChannelHandlerContext.java:340)
	at io.netty.channel.DefaultChannelPipeline$HeadContext.channelRead(DefaultChannelPipeline.java:1359)
	at io.netty.channel.AbstractChannelHandlerContext.invokeChannelRead(AbstractChannelHandlerContext.java:362)
	at io.netty.channel.AbstractChannelHandlerContext.invokeChannelRead(AbstractChannelHandlerContext.java:348)
	at io.netty.channel.DefaultChannelPipeline.fireChannelRead(DefaultChannelPipeline.java:935)
	at io.netty.channel.nio.AbstractNioByteChannel$NioByteUnsafe.read(AbstractNioByteChannel.java:134)
	at io.netty.channel.nio.NioEventLoop.processSelectedKey(NioEventLoop.java:645)
	at io.netty.channel.nio.NioEventLoop.processSelectedKeysPlain(NioEventLoop.java:545)
	at io.netty.channel.nio.NioEventLoop.processSelectedKeys(NioEventLoop.java:499)
	at io.netty.channel.nio.NioEventLoop.run(NioEventLoop.java:459)
	at io.netty.util.concurrent.SingleThreadEventExecutor$5.run(SingleThreadEventExecutor.java:858)
	at java.base/java.lang.Thread.run(Thread.java:842)
Caused by: javax.net.ssl.SSLHandshakeException: Received fatal alert: certificate_unknown
	at java.base/sun.security.ssl.Alert.createSSLException(Alert.java:131)
	at java.base/sun.security.ssl.Alert.createSSLException(Alert.java:117)
	at java.base/sun.security.ssl.TransportContext.fatal(TransportContext.java:365)
	at java.base/sun.security.ssl.Alert$AlertConsumer.consume(Alert.java:293)
	at java.base/sun.security.ssl.TransportContext.dispatch(TransportContext.java:204)
	at java.base/sun.security.ssl.SSLTransport.decode(SSLTransport.java:172)
	at java.base/sun.security.ssl.SSLEngineImpl.decode(SSLEngineImpl.java:736)
	at java.base/sun.security.ssl.SSLEngineImpl.readRecord(SSLEngineImpl.java:691)
	at java.base/sun.security.ssl.SSLEngineImpl.unwrap(SSLEngineImpl.java:506)
	at java.base/sun.security.ssl.SSLEngineImpl.unwrap(SSLEngineImpl.java:482)
	at java.base/javax.net.ssl.SSLEngine.unwrap(SSLEngine.java:679)
	at io.netty.handler.ssl.SslHandler$SslEngineType$3.unwrap(SslHandler.java:281)
	at io.netty.handler.ssl.SslHandler.unwrap(SslHandler.java:1215)
	at io.netty.handler.ssl.SslHandler.decodeJdkCompatible(SslHandler.java:1127)
	at io.netty.handler.ssl.SslHandler.decode(SslHandler.java:1162)
	at io.netty.handler.codec.ByteToMessageDecoder.decodeRemovalReentryProtection(ByteToMessageDecoder.java:489)
	at io.netty.handler.codec.ByteToMessageDecoder.callDecode(ByteToMessageDecoder.java:428)
	... 15 common frames omitted
18:32:03.099 INFO  vert.x-eventloop-thread-0 BaseServiceProxy     : -> GET /sso/Login?forwardTo=22&RL=1&ip2loc=US,200|1030ms
18:32:03.101 INFO  vert.x-eventloop-thread-0 CookieManager        : set cookies [partnerID=""; Domain=.ibkr.com; Expires=Thu, 01 Jan 1970 00:00:10 GMT; Path=/;Secure;HttpOnly;SameSite=None, partnerID=""; Domain=.ibkr.com; Expires=Thu, 01 Jan 1970 00:00:10 GMT; Path=/;Secure;HttpOnly;SameSite=None, URL_PARAM=forwardTo%3D22&RL%3D1&ip2loc%3DUS; Domain=.ibkr.com; Path=/;Secure, JSESSIONID=819A2B60BED4E40A6DC6D6C0EBF153F8.ny5wwwdam1-internet; Path=/sso; HttpOnly;Secure;SameSite=None, x-sess-uuid=0.7eaf74cb.1767177122.6b557b1f; secure; HttpOnly]
18:32:03.102 DEBUG vert.x-eventloop-thread-0 BaseServiceProxy     : Remapping Set-cookies [partnerID=""; Domain=.ibkr.com; Expires=Thu, 01 Jan 1970 00:00:10 GMT; Path=/;Secure;HttpOnly;SameSite=None, partnerID=""; Domain=.ibkr.com; Expires=Thu, 01 Jan 1970 00:00:10 GMT; Path=/;Secure;HttpOnly;SameSite=None, URL_PARAM=forwardTo%3D22&RL%3D1&ip2loc%3DUS; Domain=.ibkr.com; Path=/;Secure, JSESSIONID=819A2B60BED4E40A6DC6D6C0EBF153F8.ny5wwwdam1-internet; Path=/sso; HttpOnly;Secure;SameSite=None, x-sess-uuid=0.7eaf74cb.1767177122.6b557b1f; secure; HttpOnly] -> 
18:32:03.166 WARN  vert.x-eventloop-thread-0 DefaultChannelPipeline : An exceptionCaught() event was fired, and it reached at the tail of the pipeline. It usually means the last handler in the pipeline did not handle the exception.
io.netty.handler.codec.DecoderException: javax.net.ssl.SSLHandshakeException: Received fatal alert: certificate_unknown
	at io.netty.handler.codec.ByteToMessageDecoder.callDecode(ByteToMessageDecoder.java:459)
	at io.netty.handler.codec.ByteToMessageDecoder.channelRead(ByteToMessageDecoder.java:265)
	at io.netty.channel.AbstractChannelHandlerContext.invokeChannelRead(AbstractChannelHandlerContext.java:362)
	at io.netty.channel.AbstractChannelHandlerContext.invokeChannelRead(AbstractChannelHandlerContext.java:348)
	at io.netty.channel.AbstractChannelHandlerContext.fireChannelRead(AbstractChannelHandlerContext.java:340)
	at io.netty.channel.DefaultChannelPipeline$HeadContext.channelRead(DefaultChannelPipeline.java:1359)
	at io.netty.channel.AbstractChannelHandlerContext.invokeChannelRead(AbstractChannelHandlerContext.java:362)
	at io.netty.channel.AbstractChannelHandlerContext.invokeChannelRead(AbstractChannelHandlerContext.java:348)
	at io.netty.channel.DefaultChannelPipeline.fireChannelRead(DefaultChannelPipeline.java:935)
	at io.netty.channel.nio.AbstractNioByteChannel$NioByteUnsafe.read(AbstractNioByteChannel.java:134)
	at io.netty.channel.nio.NioEventLoop.processSelectedKey(NioEventLoop.java:645)
	at io.netty.channel.nio.NioEventLoop.processSelectedKeysPlain(NioEventLoop.java:545)
	at io.netty.channel.nio.NioEventLoop.processSelectedKeys(NioEventLoop.java:499)
	at io.netty.channel.nio.NioEventLoop.run(NioEventLoop.java:459)
	at io.netty.util.concurrent.SingleThreadEventExecutor$5.run(SingleThreadEventExecutor.java:858)
	at java.base/java.lang.Thread.run(Thread.java:842)
Caused by: javax.net.ssl.SSLHandshakeException: Received fatal alert: certificate_unknown
	at java.base/sun.security.ssl.Alert.createSSLException(Alert.java:131)
	at java.base/sun.security.ssl.Alert.createSSLException(Alert.java:117)
	at java.base/sun.security.ssl.TransportContext.fatal(TransportContext.java:365)
	at java.base/sun.security.ssl.Alert$AlertConsumer.consume(Alert.java:293)
	at java.base/sun.security.ssl.TransportContext.dispatch(TransportContext.java:204)
	at java.base/sun.security.ssl.SSLTransport.decode(SSLTransport.java:172)
	at java.base/sun.security.ssl.SSLEngineImpl.decode(SSLEngineImpl.java:736)
	at java.base/sun.security.ssl.SSLEngineImpl.readRecord(SSLEngineImpl.java:691)
	at java.base/sun.security.ssl.SSLEngineImpl.unwrap(SSLEngineImpl.java:506)
	at java.base/sun.security.ssl.SSLEngineImpl.unwrap(SSLEngineImpl.java:482)
	at java.base/javax.net.ssl.SSLEngine.unwrap(SSLEngine.java:679)
	at io.netty.handler.ssl.SslHandler$SslEngineType$3.unwrap(SslHandler.java:281)
	at io.netty.handler.ssl.SslHandler.unwrap(SslHandler.java:1215)
	at io.netty.handler.ssl.SslHandler.decodeJdkCompatible(SslHandler.java:1127)
	at io.netty.handler.ssl.SslHandler.decode(SslHandler.java:1162)
	at io.netty.handler.codec.ByteToMessageDecoder.decodeRemovalReentryProtection(ByteToMessageDecoder.java:489)
	at io.netty.handler.codec.ByteToMessageDecoder.callDecode(ByteToMessageDecoder.java:428)
	... 15 common frames omitted
18:32:03.166 WARN  vert.x-eventloop-thread-0 DefaultChannelPipeline : An exceptionCaught() event was fired, and it reached at the tail of the pipeline. It usually means the last handler in the pipeline did not handle the exception.
io.netty.handler.codec.DecoderException: javax.net.ssl.SSLHandshakeException: Received fatal alert: certificate_unknown
	at io.netty.handler.codec.ByteToMessageDecoder.callDecode(ByteToMessageDecoder.java:459)
	at io.netty.handler.codec.ByteToMessageDecoder.channelRead(ByteToMessageDecoder.java:265)
	at io.netty.channel.AbstractChannelHandlerContext.invokeChannelRead(AbstractChannelHandlerContext.java:362)
	at io.netty.channel.AbstractChannelHandlerContext.invokeChannelRead(AbstractChannelHandlerContext.java:348)
	at io.netty.channel.AbstractChannelHandlerContext.fireChannelRead(AbstractChannelHandlerContext.java:340)
	at io.netty.channel.DefaultChannelPipeline$HeadContext.channelRead(DefaultChannelPipeline.java:1359)
	at io.netty.channel.AbstractChannelHandlerContext.invokeChannelRead(AbstractChannelHandlerContext.java:362)
	at io.netty.channel.AbstractChannelHandlerContext.invokeChannelRead(AbstractChannelHandlerContext.java:348)
	at io.netty.channel.DefaultChannelPipeline.fireChannelRead(DefaultChannelPipeline.java:935)
	at io.netty.channel.nio.AbstractNioByteChannel$NioByteUnsafe.read(AbstractNioByteChannel.java:134)
	at io.netty.channel.nio.NioEventLoop.processSelectedKey(NioEventLoop.java:645)
	at io.netty.channel.nio.NioEventLoop.processSelectedKeysPlain(NioEventLoop.java:545)
	at io.netty.channel.nio.NioEventLoop.processSelectedKeys(NioEventLoop.java:499)
	at io.netty.channel.nio.NioEventLoop.run(NioEventLoop.java:459)
	at io.netty.util.concurrent.SingleThreadEventExecutor$5.run(SingleThreadEventExecutor.java:858)
	at java.base/java.lang.Thread.run(Thread.java:842)
Caused by: javax.net.ssl.SSLHandshakeException: Received fatal alert: certificate_unknown
	at java.base/sun.security.ssl.Alert.createSSLException(Alert.java:131)
	at java.base/sun.security.ssl.Alert.createSSLException(Alert.java:117)
	at java.base/sun.security.ssl.TransportContext.fatal(TransportContext.java:365)
	at java.base/sun.security.ssl.Alert$AlertConsumer.consume(Alert.java:293)
	at java.base/sun.security.ssl.TransportContext.dispatch(TransportContext.java:204)
	at java.base/sun.security.ssl.SSLTransport.decode(SSLTransport.java:172)
	at java.base/sun.security.ssl.SSLEngineImpl.decode(SSLEngineImpl.java:736)
	at java.base/sun.security.ssl.SSLEngineImpl.readRecord(SSLEngineImpl.java:691)
	at java.base/sun.security.ssl.SSLEngineImpl.unwrap(SSLEngineImpl.java:506)
	at java.base/sun.security.ssl.SSLEngineImpl.unwrap(SSLEngineImpl.java:482)
	at java.base/javax.net.ssl.SSLEngine.unwrap(SSLEngine.java:679)
	at io.netty.handler.ssl.SslHandler$SslEngineType$3.unwrap(SslHandler.java:281)
	at io.netty.handler.ssl.SslHandler.unwrap(SslHandler.java:1215)
	at io.netty.handler.ssl.SslHandler.decodeJdkCompatible(SslHandler.java:1127)
	at io.netty.handler.ssl.SslHandler.decode(SslHandler.java:1162)
	at io.netty.handler.codec.ByteToMessageDecoder.decodeRemovalReentryProtection(ByteToMessageDecoder.java:489)
	at io.netty.handler.codec.ByteToMessageDecoder.callDecode(ByteToMessageDecoder.java:428)
	... 15 common frames omitted
18:32:03.167 WARN  vert.x-eventloop-thread-0 DefaultChannelPipeline : An exceptionCaught() event was fired, and it reached at the tail of the pipeline. It usually means the last handler in the pipeline did not handle the exception.
io.netty.handler.codec.DecoderException: javax.net.ssl.SSLHandshakeException: Received fatal alert: certificate_unknown
	at io.netty.handler.codec.ByteToMessageDecoder.callDecode(ByteToMessageDecoder.java:459)
	at io.netty.handler.codec.ByteToMessageDecoder.channelRead(ByteToMessageDecoder.java:265)
	at io.netty.channel.AbstractChannelHandlerContext.invokeChannelRead(AbstractChannelHandlerContext.java:362)
	at io.netty.channel.AbstractChannelHandlerContext.invokeChannelRead(AbstractChannelHandlerContext.java:348)
	at io.netty.channel.AbstractChannelHandlerContext.fireChannelRead(AbstractChannelHandlerContext.java:340)
	at io.netty.channel.DefaultChannelPipeline$HeadContext.channelRead(DefaultChannelPipeline.java:1359)
	at io.netty.channel.AbstractChannelHandlerContext.invokeChannelRead(AbstractChannelHandlerContext.java:362)
	at io.netty.channel.AbstractChannelHandlerContext.invokeChannelRead(AbstractChannelHandlerContext.java:348)
	at io.netty.channel.DefaultChannelPipeline.fireChannelRead(DefaultChannelPipeline.java:935)
	at io.netty.channel.nio.AbstractNioByteChannel$NioByteUnsafe.read(AbstractNioByteChannel.java:134)
	at io.netty.channel.nio.NioEventLoop.processSelectedKey(NioEventLoop.java:645)
	at io.netty.channel.nio.NioEventLoop.processSelectedKeysPlain(NioEventLoop.java:545)
	at io.netty.channel.nio.NioEventLoop.processSelectedKeys(NioEventLoop.java:499)
	at io.netty.channel.nio.NioEventLoop.run(NioEventLoop.java:459)
	at io.netty.util.concurrent.SingleThreadEventExecutor$5.run(SingleThreadEventExecutor.java:858)
	at java.base/java.lang.Thread.run(Thread.java:842)
Caused by: javax.net.ssl.SSLHandshakeException: Received fatal alert: certificate_unknown
	at java.base/sun.security.ssl.Alert.createSSLException(Alert.java:131)
	at java.base/sun.security.ssl.Alert.createSSLException(Alert.java:117)
	at java.base/sun.security.ssl.TransportContext.fatal(TransportContext.java:365)
	at java.base/sun.security.ssl.Alert$AlertConsumer.consume(Alert.java:293)
	at java.base/sun.security.ssl.TransportContext.dispatch(TransportContext.java:204)
	at java.base/sun.security.ssl.SSLTransport.decode(SSLTransport.java:172)
	at java.base/sun.security.ssl.SSLEngineImpl.decode(SSLEngineImpl.java:736)
	at java.base/sun.security.ssl.SSLEngineImpl.readRecord(SSLEngineImpl.java:691)
	at java.base/sun.security.ssl.SSLEngineImpl.unwrap(SSLEngineImpl.java:506)
	at java.base/sun.security.ssl.SSLEngineImpl.unwrap(SSLEngineImpl.java:482)
	at java.base/javax.net.ssl.SSLEngine.unwrap(SSLEngine.java:679)
	at io.netty.handler.ssl.SslHandler$SslEngineType$3.unwrap(SslHandler.java:281)
	at io.netty.handler.ssl.SslHandler.unwrap(SslHandler.java:1215)
	at io.netty.handler.ssl.SslHandler.decodeJdkCompatible(SslHandler.java:1127)
	at io.netty.handler.ssl.SslHandler.decode(SslHandler.java:1162)
	at io.netty.handler.codec.ByteToMessageDecoder.decodeRemovalReentryProtection(ByteToMessageDecoder.java:489)
	at io.netty.handler.codec.ByteToMessageDecoder.callDecode(ByteToMessageDecoder.java:428)
	... 15 common frames omitted
18:32:03.171 WARN  vert.x-eventloop-thread-0 DefaultChannelPipeline : An exceptionCaught() event was fired, and it reached at the tail of the pipeline. It usually means the last handler in the pipeline did not handle the exception.
io.netty.handler.codec.DecoderException: javax.net.ssl.SSLHandshakeException: Received fatal alert: certificate_unknown
	at io.netty.handler.codec.ByteToMessageDecoder.callDecode(ByteToMessageDecoder.java:459)
	at io.netty.handler.codec.ByteToMessageDecoder.channelRead(ByteToMessageDecoder.java:265)
	at io.netty.channel.AbstractChannelHandlerContext.invokeChannelRead(AbstractChannelHandlerContext.java:362)
	at io.netty.channel.AbstractChannelHandlerContext.invokeChannelRead(AbstractChannelHandlerContext.java:348)
	at io.netty.channel.AbstractChannelHandlerContext.fireChannelRead(AbstractChannelHandlerContext.java:340)
	at io.netty.channel.DefaultChannelPipeline$HeadContext.channelRead(DefaultChannelPipeline.java:1359)
	at io.netty.channel.AbstractChannelHandlerContext.invokeChannelRead(AbstractChannelHandlerContext.java:362)
	at io.netty.channel.AbstractChannelHandlerContext.invokeChannelRead(AbstractChannelHandlerContext.java:348)
	at io.netty.channel.DefaultChannelPipeline.fireChannelRead(DefaultChannelPipeline.java:935)
	at io.netty.channel.nio.AbstractNioByteChannel$NioByteUnsafe.read(AbstractNioByteChannel.java:134)
	at io.netty.channel.nio.NioEventLoop.processSelectedKey(NioEventLoop.java:645)
	at io.netty.channel.nio.NioEventLoop.processSelectedKeysPlain(NioEventLoop.java:545)
	at io.netty.channel.nio.NioEventLoop.processSelectedKeys(NioEventLoop.java:499)
	at io.netty.channel.nio.NioEventLoop.run(NioEventLoop.java:459)
	at io.netty.util.concurrent.SingleThreadEventExecutor$5.run(SingleThreadEventExecutor.java:858)
	at java.base/java.lang.Thread.run(Thread.java:842)
Caused by: javax.net.ssl.SSLHandshakeException: Received fatal alert: certificate_unknown
	at java.base/sun.security.ssl.Alert.createSSLException(Alert.java:131)
	at java.base/sun.security.ssl.Alert.createSSLException(Alert.java:117)
	at java.base/sun.security.ssl.TransportContext.fatal(TransportContext.java:365)
	at java.base/sun.security.ssl.Alert$AlertConsumer.consume(Alert.java:293)
	at java.base/sun.security.ssl.TransportContext.dispatch(TransportContext.java:204)
	at java.base/sun.security.ssl.SSLTransport.decode(SSLTransport.java:172)
	at java.base/sun.security.ssl.SSLEngineImpl.decode(SSLEngineImpl.java:736)
	at java.base/sun.security.ssl.SSLEngineImpl.readRecord(SSLEngineImpl.java:691)
	at java.base/sun.security.ssl.SSLEngineImpl.unwrap(SSLEngineImpl.java:506)
	at java.base/sun.security.ssl.SSLEngineImpl.unwrap(SSLEngineImpl.java:482)
	at java.base/javax.net.ssl.SSLEngine.unwrap(SSLEngine.java:679)
	at io.netty.handler.ssl.SslHandler$SslEngineType$3.unwrap(SslHandler.java:281)
	at io.netty.handler.ssl.SslHandler.unwrap(SslHandler.java:1215)
	at io.netty.handler.ssl.SslHandler.decodeJdkCompatible(SslHandler.java:1127)
	at io.netty.handler.ssl.SslHandler.decode(SslHandler.java:1162)
	at io.netty.handler.codec.ByteToMessageDecoder.decodeRemovalReentryProtection(ByteToMessageDecoder.java:489)
	at io.netty.handler.codec.ByteToMessageDecoder.callDecode(ByteToMessageDecoder.java:428)
	... 15 common frames omitted
18:32:03.171 WARN  vert.x-eventloop-thread-0 DefaultChannelPipeline : An exceptionCaught() event was fired, and it reached at the tail of the pipeline. It usually means the last handler in the pipeline did not handle the exception.
io.netty.handler.codec.DecoderException: javax.net.ssl.SSLHandshakeException: Received fatal alert: certificate_unknown
	at io.netty.handler.codec.ByteToMessageDecoder.callDecode(ByteToMessageDecoder.java:459)
	at io.netty.handler.codec.ByteToMessageDecoder.channelRead(ByteToMessageDecoder.java:265)
	at io.netty.channel.AbstractChannelHandlerContext.invokeChannelRead(AbstractChannelHandlerContext.java:362)
	at io.netty.channel.AbstractChannelHandlerContext.invokeChannelRead(AbstractChannelHandlerContext.java:348)
	at io.netty.channel.AbstractChannelHandlerContext.fireChannelRead(AbstractChannelHandlerContext.java:340)
	at io.netty.channel.DefaultChannelPipeline$HeadContext.channelRead(DefaultChannelPipeline.java:1359)
	at io.netty.channel.AbstractChannelHandlerContext.invokeChannelRead(AbstractChannelHandlerContext.java:362)
	at io.netty.channel.AbstractChannelHandlerContext.invokeChannelRead(AbstractChannelHandlerContext.java:348)
	at io.netty.channel.DefaultChannelPipeline.fireChannelRead(DefaultChannelPipeline.java:935)
	at io.netty.channel.nio.AbstractNioByteChannel$NioByteUnsafe.read(AbstractNioByteChannel.java:134)
	at io.netty.channel.nio.NioEventLoop.processSelectedKey(NioEventLoop.java:645)
	at io.netty.channel.nio.NioEventLoop.processSelectedKeysPlain(NioEventLoop.java:545)
	at io.netty.channel.nio.NioEventLoop.processSelectedKeys(NioEventLoop.java:499)
	at io.netty.channel.nio.NioEventLoop.run(NioEventLoop.java:459)
	at io.netty.util.concurrent.SingleThreadEventExecutor$5.run(SingleThreadEventExecutor.java:858)
	at java.base/java.lang.Thread.run(Thread.java:842)
Caused by: javax.net.ssl.SSLHandshakeException: Received fatal alert: certificate_unknown
	at java.base/sun.security.ssl.Alert.createSSLException(Alert.java:131)
	at java.base/sun.security.ssl.Alert.createSSLException(Alert.java:117)
	at java.base/sun.security.ssl.TransportContext.fatal(TransportContext.java:365)
	at java.base/sun.security.ssl.Alert$AlertConsumer.consume(Alert.java:293)
	at java.base/sun.security.ssl.TransportContext.dispatch(TransportContext.java:204)
	at java.base/sun.security.ssl.SSLTransport.decode(SSLTransport.java:172)
	at java.base/sun.security.ssl.SSLEngineImpl.decode(SSLEngineImpl.java:736)
	at java.base/sun.security.ssl.SSLEngineImpl.readRecord(SSLEngineImpl.java:691)
	at java.base/sun.security.ssl.SSLEngineImpl.unwrap(SSLEngineImpl.java:506)
	at java.base/sun.security.ssl.SSLEngineImpl.unwrap(SSLEngineImpl.java:482)
	at java.base/javax.net.ssl.SSLEngine.unwrap(SSLEngine.java:679)
	at io.netty.handler.ssl.SslHandler$SslEngineType$3.unwrap(SslHandler.java:281)
	at io.netty.handler.ssl.SslHandler.unwrap(SslHandler.java:1215)
	at io.netty.handler.ssl.SslHandler.decodeJdkCompatible(SslHandler.java:1127)
	at io.netty.handler.ssl.SslHandler.decode(SslHandler.java:1162)
	at io.netty.handler.codec.ByteToMessageDecoder.decodeRemovalReentryProtection(ByteToMessageDecoder.java:489)
	at io.netty.handler.codec.ByteToMessageDecoder.callDecode(ByteToMessageDecoder.java:428)
	... 15 common frames omitted
18:32:03.173 WARN  vert.x-eventloop-thread-0 DefaultChannelPipeline : An exceptionCaught() event was fired, and it reached at the tail of the pipeline. It usually means the last handler in the pipeline did not handle the exception.
io.netty.handler.codec.DecoderException: javax.net.ssl.SSLHandshakeException: Received fatal alert: certificate_unknown
	at io.netty.handler.codec.ByteToMessageDecoder.callDecode(ByteToMessageDecoder.java:459)
	at io.netty.handler.codec.ByteToMessageDecoder.channelRead(ByteToMessageDecoder.java:265)
	at io.netty.channel.AbstractChannelHandlerContext.invokeChannelRead(AbstractChannelHandlerContext.java:362)
	at io.netty.channel.AbstractChannelHandlerContext.invokeChannelRead(AbstractChannelHandlerContext.java:348)
	at io.netty.channel.AbstractChannelHandlerContext.fireChannelRead(AbstractChannelHandlerContext.java:340)
	at io.netty.channel.DefaultChannelPipeline$HeadContext.channelRead(DefaultChannelPipeline.java:1359)
	at io.netty.channel.AbstractChannelHandlerContext.invokeChannelRead(AbstractChannelHandlerContext.java:362)
	at io.netty.channel.AbstractChannelHandlerContext.invokeChannelRead(AbstractChannelHandlerContext.java:348)
	at io.netty.channel.DefaultChannelPipeline.fireChannelRead(DefaultChannelPipeline.java:935)
	at io.netty.channel.nio.AbstractNioByteChannel$NioByteUnsafe.read(AbstractNioByteChannel.java:134)
	at io.netty.channel.nio.NioEventLoop.processSelectedKey(NioEventLoop.java:645)
	at io.netty.channel.nio.NioEventLoop.processSelectedKeysPlain(NioEventLoop.java:545)
	at io.netty.channel.nio.NioEventLoop.processSelectedKeys(NioEventLoop.java:499)
	at io.netty.channel.nio.NioEventLoop.run(NioEventLoop.java:459)
	at io.netty.util.concurrent.SingleThreadEventExecutor$5.run(SingleThreadEventExecutor.java:858)
	at java.base/java.lang.Thread.run(Thread.java:842)
Caused by: javax.net.ssl.SSLHandshakeException: Received fatal alert: certificate_unknown
	at java.base/sun.security.ssl.Alert.createSSLException(Alert.java:131)
	at java.base/sun.security.ssl.Alert.createSSLException(Alert.java:117)
	at java.base/sun.security.ssl.TransportContext.fatal(TransportContext.java:365)
	at java.base/sun.security.ssl.Alert$AlertConsumer.consume(Alert.java:293)
	at java.base/sun.security.ssl.TransportContext.dispatch(TransportContext.java:204)
	at java.base/sun.security.ssl.SSLTransport.decode(SSLTransport.java:172)
	at java.base/sun.security.ssl.SSLEngineImpl.decode(SSLEngineImpl.java:736)
	at java.base/sun.security.ssl.SSLEngineImpl.readRecord(SSLEngineImpl.java:691)
	at java.base/sun.security.ssl.SSLEngineImpl.unwrap(SSLEngineImpl.java:506)
	at java.base/sun.security.ssl.SSLEngineImpl.unwrap(SSLEngineImpl.java:482)
	at java.base/javax.net.ssl.SSLEngine.unwrap(SSLEngine.java:679)
	at io.netty.handler.ssl.SslHandler$SslEngineType$3.unwrap(SslHandler.java:281)
	at io.netty.handler.ssl.SslHandler.unwrap(SslHandler.java:1215)
	at io.netty.handler.ssl.SslHandler.decodeJdkCompatible(SslHandler.java:1127)
	at io.netty.handler.ssl.SslHandler.decode(SslHandler.java:1162)
	at io.netty.handler.codec.ByteToMessageDecoder.decodeRemovalReentryProtection(ByteToMessageDecoder.java:489)
	at io.netty.handler.codec.ByteToMessageDecoder.callDecode(ByteToMessageDecoder.java:428)
	... 15 common frames omitted
18:32:03.175 WARN  vert.x-eventloop-thread-0 DefaultChannelPipeline : An exceptionCaught() event was fired, and it reached at the tail of the pipeline. It usually means the last handler in the pipeline did not handle the exception.
io.netty.handler.codec.DecoderException: javax.net.ssl.SSLHandshakeException: Received fatal alert: certificate_unknown
	at io.netty.handler.codec.ByteToMessageDecoder.callDecode(ByteToMessageDecoder.java:459)
	at io.netty.handler.codec.ByteToMessageDecoder.channelRead(ByteToMessageDecoder.java:265)
	at io.netty.channel.AbstractChannelHandlerContext.invokeChannelRead(AbstractChannelHandlerContext.java:362)
	at io.netty.channel.AbstractChannelHandlerContext.invokeChannelRead(AbstractChannelHandlerContext.java:348)
	at io.netty.channel.AbstractChannelHandlerContext.fireChannelRead(AbstractChannelHandlerContext.java:340)
	at io.netty.channel.DefaultChannelPipeline$HeadContext.channelRead(DefaultChannelPipeline.java:1359)
	at io.netty.channel.AbstractChannelHandlerContext.invokeChannelRead(AbstractChannelHandlerContext.java:362)
	at io.netty.channel.AbstractChannelHandlerContext.invokeChannelRead(AbstractChannelHandlerContext.java:348)
	at io.netty.channel.DefaultChannelPipeline.fireChannelRead(DefaultChannelPipeline.java:935)
	at io.netty.channel.nio.AbstractNioByteChannel$NioByteUnsafe.read(AbstractNioByteChannel.java:134)
	at io.netty.channel.nio.NioEventLoop.processSelectedKey(NioEventLoop.java:645)
	at io.netty.channel.nio.NioEventLoop.processSelectedKeysPlain(NioEventLoop.java:545)
	at io.netty.channel.nio.NioEventLoop.processSelectedKeys(NioEventLoop.java:499)
	at io.netty.channel.nio.NioEventLoop.run(NioEventLoop.java:459)
	at io.netty.util.concurrent.SingleThreadEventExecutor$5.run(SingleThreadEventExecutor.java:858)
	at java.base/java.lang.Thread.run(Thread.java:842)
Caused by: javax.net.ssl.SSLHandshakeException: Received fatal alert: certificate_unknown
	at java.base/sun.security.ssl.Alert.createSSLException(Alert.java:131)
	at java.base/sun.security.ssl.Alert.createSSLException(Alert.java:117)
	at java.base/sun.security.ssl.TransportContext.fatal(TransportContext.java:365)
	at java.base/sun.security.ssl.Alert$AlertConsumer.consume(Alert.java:293)
	at java.base/sun.security.ssl.TransportContext.dispatch(TransportContext.java:204)
	at java.base/sun.security.ssl.SSLTransport.decode(SSLTransport.java:172)
	at java.base/sun.security.ssl.SSLEngineImpl.decode(SSLEngineImpl.java:736)
	at java.base/sun.security.ssl.SSLEngineImpl.readRecord(SSLEngineImpl.java:691)
	at java.base/sun.security.ssl.SSLEngineImpl.unwrap(SSLEngineImpl.java:506)
	at java.base/sun.security.ssl.SSLEngineImpl.unwrap(SSLEngineImpl.java:482)
	at java.base/javax.net.ssl.SSLEngine.unwrap(SSLEngine.java:679)
	at io.netty.handler.ssl.SslHandler$SslEngineType$3.unwrap(SslHandler.java:281)
	at io.netty.handler.ssl.SslHandler.unwrap(SslHandler.java:1215)
	at io.netty.handler.ssl.SslHandler.decodeJdkCompatible(SslHandler.java:1127)
	at io.netty.handler.ssl.SslHandler.decode(SslHandler.java:1162)
	at io.netty.handler.codec.ByteToMessageDecoder.decodeRemovalReentryProtection(ByteToMessageDecoder.java:489)
	at io.netty.handler.codec.ByteToMessageDecoder.callDecode(ByteToMessageDecoder.java:428)
	... 15 common frames omitted
18:32:03.176 WARN  vert.x-eventloop-thread-0 DefaultChannelPipeline : An exceptionCaught() event was fired, and it reached at the tail of the pipeline. It usually means the last handler in the pipeline did not handle the exception.
io.netty.handler.codec.DecoderException: javax.net.ssl.SSLHandshakeException: Received fatal alert: certificate_unknown
	at io.netty.handler.codec.ByteToMessageDecoder.callDecode(ByteToMessageDecoder.java:459)
	at io.netty.handler.codec.ByteToMessageDecoder.channelRead(ByteToMessageDecoder.java:265)
	at io.netty.channel.AbstractChannelHandlerContext.invokeChannelRead(AbstractChannelHandlerContext.java:362)
	at io.netty.channel.AbstractChannelHandlerContext.invokeChannelRead(AbstractChannelHandlerContext.java:348)
	at io.netty.channel.AbstractChannelHandlerContext.fireChannelRead(AbstractChannelHandlerContext.java:340)
	at io.netty.channel.DefaultChannelPipeline$HeadContext.channelRead(DefaultChannelPipeline.java:1359)
	at io.netty.channel.AbstractChannelHandlerContext.invokeChannelRead(AbstractChannelHandlerContext.java:362)
	at io.netty.channel.AbstractChannelHandlerContext.invokeChannelRead(AbstractChannelHandlerContext.java:348)
	at io.netty.channel.DefaultChannelPipeline.fireChannelRead(DefaultChannelPipeline.java:935)
	at io.netty.channel.nio.AbstractNioByteChannel$NioByteUnsafe.read(AbstractNioByteChannel.java:134)
	at io.netty.channel.nio.NioEventLoop.processSelectedKey(NioEventLoop.java:645)
	at io.netty.channel.nio.NioEventLoop.processSelectedKeysPlain(NioEventLoop.java:545)
	at io.netty.channel.nio.NioEventLoop.processSelectedKeys(NioEventLoop.java:499)
	at io.netty.channel.nio.NioEventLoop.run(NioEventLoop.java:459)
	at io.netty.util.concurrent.SingleThreadEventExecutor$5.run(SingleThreadEventExecutor.java:858)
	at java.base/java.lang.Thread.run(Thread.java:842)
Caused by: javax.net.ssl.SSLHandshakeException: Received fatal alert: certificate_unknown
	at java.base/sun.security.ssl.Alert.createSSLException(Alert.java:131)
	at java.base/sun.security.ssl.Alert.createSSLException(Alert.java:117)
	at java.base/sun.security.ssl.TransportContext.fatal(TransportContext.java:365)
	at java.base/sun.security.ssl.Alert$AlertConsumer.consume(Alert.java:293)
	at java.base/sun.security.ssl.TransportContext.dispatch(TransportContext.java:204)
	at java.base/sun.security.ssl.SSLTransport.decode(SSLTransport.java:172)
	at java.base/sun.security.ssl.SSLEngineImpl.decode(SSLEngineImpl.java:736)
	at java.base/sun.security.ssl.SSLEngineImpl.readRecord(SSLEngineImpl.java:691)
	at java.base/sun.security.ssl.SSLEngineImpl.unwrap(SSLEngineImpl.java:506)
	at java.base/sun.security.ssl.SSLEngineImpl.unwrap(SSLEngineImpl.java:482)
	at java.base/javax.net.ssl.SSLEngine.unwrap(SSLEngine.java:679)
	at io.netty.handler.ssl.SslHandler$SslEngineType$3.unwrap(SslHandler.java:281)
	at io.netty.handler.ssl.SslHandler.unwrap(SslHandler.java:1215)
	at io.netty.handler.ssl.SslHandler.decodeJdkCompatible(SslHandler.java:1127)
	at io.netty.handler.ssl.SslHandler.decode(SslHandler.java:1162)
	at io.netty.handler.codec.ByteToMessageDecoder.decodeRemovalReentryProtection(ByteToMessageDecoder.java:489)
	at io.netty.handler.codec.ByteToMessageDecoder.callDecode(ByteToMessageDecoder.java:428)
	... 15 common frames omitted
18:32:03.675 INFO  vert.x-eventloop-thread-0 BaseServiceProxy     : -> GET /css/bootstrap-5.2.2/bootstrap.min.css,200|531ms
18:32:03.746 INFO  vert.x-eventloop-thread-0 BaseServiceProxy     : -> GET /css/bootstrap-switch-3.3.2/bootstrap-switch.min.css,200|563ms
18:32:03.768 INFO  vert.x-eventloop-thread-0 BaseServiceProxy     : -> GET /css/ibkr/theme-ibkr-portal.min.css,200|582ms
18:32:03.787 INFO  vert.x-eventloop-thread-0 BaseServiceProxy     : -> GET /css/fontawesome-6.4.2/all.min.css,200|609ms
18:32:03.800 INFO  vert.x-eventloop-thread-0 BaseServiceProxy     : -> GET /css/reg-am/login.min.css,200|616ms
18:32:04.276 INFO  vert.x-eventloop-thread-0 BaseServiceProxy     : -> GET /scripts/common/js/jquery-3.7.0/jquery.min.js,200|1089ms
18:32:04.368 INFO  vert.x-eventloop-thread-0 BaseServiceProxy     : -> GET /sso/lib/xyz.bundle.min.js,200|541ms
18:32:04.368 INFO  vert.x-eventloop-thread-0 CookieManager        : set cookies [x-sess-uuid=0.a7af74cb.1767177123.1f921e09; secure; HttpOnly]
18:32:04.369 DEBUG vert.x-eventloop-thread-0 BaseServiceProxy     : Remapping Set-cookies [x-sess-uuid=0.a7af74cb.1767177123.1f921e09; secure; HttpOnly] -> 
18:32:04.443 INFO  vert.x-eventloop-thread-0 BaseServiceProxy     : -> GET /scripts/common/js/bootstrap-5.2.2/bootstrap.bundle.min.js,200|679ms
18:32:04.532 INFO  vert.x-eventloop-thread-0 BaseServiceProxy     : -> GET /images/common/logos/ibkr/interactive-brokers.svg,200|53ms
18:32:04.699 INFO  vert.x-eventloop-thread-0 BaseServiceProxy     : -> GET /fonts/proxima-nova/Proxima-Nova-Regular.woff2,200|197ms
18:32:04.721 INFO  vert.x-eventloop-thread-0 BaseServiceProxy     : -> GET /fonts/fontawesome-6.4.2/webfonts/fa-brands-400.woff2,200|218ms
18:32:04.737 INFO  vert.x-eventloop-thread-0 BaseServiceProxy     : -> GET /fonts/fontawesome-6.4.2/webfonts/fa-solid-900.woff2,200|233ms
18:32:04.792 INFO  vert.x-eventloop-thread-0 BaseServiceProxy     : -> GET /images/web/favicons/home-screen-icon-128x128.png,200|28ms
18:32:05.141 INFO  vert.x-eventloop-thread-0 BaseServiceProxy     : -> GET /portal.proxy/v1/gstat/bulletins,204|622ms
18:32:05.550 INFO  vert.x-eventloop-thread-0 BaseServiceProxy     : -> GET /sso/report,200|1033ms
18:32:05.551 INFO  vert.x-eventloop-thread-0 CookieManager        : set cookies [x-sess-uuid=0.7eaf74cb.1767177124.6b558758; secure; HttpOnly]
18:32:05.551 DEBUG vert.x-eventloop-thread-0 BaseServiceProxy     : Remapping Set-cookies [x-sess-uuid=0.7eaf74cb.1767177124.6b558758; secure; HttpOnly] -> 
18:32:06.678 INFO  vert.x-eventloop-thread-0 BaseServiceProxy     : -> GET /sso/Authenticator,200|1001ms
18:32:06.678 INFO  vert.x-eventloop-thread-0 CookieManager        : set cookies [x-sess-uuid=0.a7af74cb.1767177125.1f922157; secure; HttpOnly]
18:32:06.679 DEBUG vert.x-eventloop-thread-0 BaseServiceProxy     : Remapping Set-cookies [x-sess-uuid=0.a7af74cb.1767177125.1f922157; secure; HttpOnly] -> 
18:32:07.497 INFO  vert.x-eventloop-thread-0 BaseServiceProxy     : -> GET /sso/Authenticator,200|795ms
18:32:07.497 INFO  vert.x-eventloop-thread-0 CookieManager        : set cookies [web=3343352782; Domain=.ibkr.com; Expires=Thu, 31 Dec 2026 10:32:07 GMT; Path=/; Secure;Secure;SameSite=None, x-sess-uuid=0.a7af74cb.1767177126.1f922162; secure; HttpOnly]
18:32:07.498 DEBUG vert.x-eventloop-thread-0 BaseServiceProxy     : Remapping Set-cookies [web=3343352782; Domain=.ibkr.com; Expires=Thu, 31 Dec 2026 10:32:07 GMT; Path=/; Secure;Secure;SameSite=None, x-sess-uuid=0.a7af74cb.1767177126.1f922162; secure; HttpOnly] -> 
18:32:08.521 INFO  vert.x-eventloop-thread-0 BaseServiceProxy     : -> GET /sso/Authenticator,200|1012ms
18:32:08.521 INFO  vert.x-eventloop-thread-0 CookieManager        : set cookies [x-sess-uuid=0.7eaf74cb.1767177127.6b5589c8; secure; HttpOnly]
18:32:08.521 DEBUG vert.x-eventloop-thread-0 BaseServiceProxy     : Remapping Set-cookies [x-sess-uuid=0.7eaf74cb.1767177127.6b5589c8; secure; HttpOnly] -> 
18:32:12.472 INFO  vert.x-eventloop-thread-0 BaseServiceProxy     : -> GET /sso/Authenticator,200|940ms
18:32:12.472 INFO  vert.x-eventloop-thread-0 CookieManager        : set cookies [x-sess-uuid=0.7eaf74cb.1767177131.6b558b53; secure; HttpOnly]
18:32:12.473 DEBUG vert.x-eventloop-thread-0 BaseServiceProxy     : Remapping Set-cookies [x-sess-uuid=0.7eaf74cb.1767177131.6b558b53; secure; HttpOnly] -> 
18:32:15.279 INFO  vert.x-eventloop-thread-0 BaseServiceProxy     : -> GET /sso/Authenticator,200|747ms
18:32:15.280 INFO  vert.x-eventloop-thread-0 CookieManager        : set cookies [x-sess-uuid=0.7eaf74cb.1767177134.6b558d7e; secure; HttpOnly]
18:32:15.280 DEBUG vert.x-eventloop-thread-0 BaseServiceProxy     : Remapping Set-cookies [x-sess-uuid=0.7eaf74cb.1767177134.6b558d7e; secure; HttpOnly] -> 
18:32:16.317 INFO  vert.x-eventloop-thread-0 BaseServiceProxy     : -> GET /sso/Dispatcher,302|1013ms
18:32:16.318 INFO  vert.x-eventloop-thread-0 CookieManager        : set cookies [USERID=50301190; Domain=.ibkr.com; Path=/;Secure;SameSite=None, x-sess-uuid=0.a7af74cb.1767177135.1f92285c; secure; HttpOnly]
18:32:16.318 DEBUG vert.x-eventloop-thread-0 BaseServiceProxy     : Remapping Set-cookies [USERID=50301190; Domain=.ibkr.com; Path=/;Secure;SameSite=None, x-sess-uuid=0.a7af74cb.1767177135.1f92285c; secure; HttpOnly] -> 
18:32:16.319 INFO  vert.x-eventloop-thread-0 GatewayHttpProxy     : Client login succeeds
18:32:17.128 INFO  vert.x-eventloop-thread-0 BaseServiceProxy     : -> GET /v1/api/sso/validate?gw=1,200|805ms
18:32:17.133 DEBUG vert.x-eventloop-thread-0 ClientPortalService  : portal validate response: {"SFT":"5.2a","IS_PENDING_APPLICANT":false,"SF_ENABLED":true,"HARDWARE_INFO":"","UNIQUE_LOGIN_ID":"50301190-1767177133321","AUTH_TIME":1767177133367,"SF_CONFIG":"5.2a","USER_NAME":"pragu1020","CREDENTIAL_TYPE":0,"IS_FREE_TRIAL":false,"LOGIN_TYPE":1,"LANDING_APP":"PORTAL","CREDENTIAL":"pragu1020","ANOMALOUS_LOGIN":false,"RESULT":true,"IP":"116.88.103.238","USER_ID":50301190,"EXPIRES":1767177136967,"TOKEN":"6f2863e78bdd8f88cd45fab113f68eda42fe62fe","took":234,"IS_MASTER":false,"features":{"env":"PROD","wlms":true,"realtime":true,"bond":true,"optionChains":true,"calendar":true,"newMf":true},"region":"HK"}
18:32:17.238 INFO  vert.x-eventloop-thread-0 GatewayHttpProxy     : authenticated to cp
18:32:17.238 DEBUG vert.x-eventloop-thread-0 BaseServiceProxy     : cancel timer SsoService 0
18:32:17.238 DEBUG vert.x-eventloop-thread-0 BaseServiceProxy     : start timer 300000 SsoService
18:32:17.240 DEBUG vert.x-eventloop-thread-0 BaseServiceProxy     : forward event ON_SSO_VALIDATION, payload 50301190
18:32:18.044 INFO  vert.x-eventloop-thread-0 BaseServiceProxy     : -> GET /v1/api/one/user,200|806ms
18:32:18.045 INFO  vert.x-eventloop-thread-0 ClientPortalService  : get user reply {"username":"pragu1020","features":{"env":"PROD","wlms":true,"realtime":true,"bond":true,"optionChains":true,"calendar":true,"newMf":true},"wbId":"","uar":{"portfolioAnalyst":true,"userInfo":true,"messageCenter":true,"accountDetails":true,"tradingRestrictions":false,"tws":true,"fyi":true,"voting":true,"forum":true,"recentTransactions":true},"props":{"isIBAMClient":false,"ReadOnlySession":null},"firstApprovedDate":1592755200000,"accts":{"U5799398F":{"isIBAMClient":false,"clearingStatus":"O","openDate":1667577600000,"isFAClient":false,"isFunded":true,"tradingPermissions":["CMDTY"]},"U5799398":{"isIBAMClient":false,"clearingStatus":"O","openDate":1592150400000,"isFAClient":false,"isFunded":true,"tradingPermissions":["OPT","IOPT","WAR","STK","CASH","FOP"]}},"hasBrokerageAccessInd":true,"hfcipEligibleInd":false,"fa":false,"has2fa":false,"islite":false,"ispaper":false,"applicants":[{"id":6062329,"type":"INDIVIDUAL","businessType":"INDEPENDENT","nlcode":"en_US","legalCountry":{"name":"Singapore","alpha3":"SGP"}}]}
18:32:19.320 INFO  vert.x-eventloop-thread-0 SsoService           : sso init status=200, url=https://api.ibkr.com/v1/api/ssodh/init
18:32:19.888 DEBUG vert.x-eventloop-thread-0 SsoService           : K 7c23134109c9991a6049a88cc4014016fddb19b2
18:32:19.889 DEBUG vert.x-eventloop-thread-0 BaseServiceProxy     : forward event ON_SSODH_COMPLETED, payload none
18:32:19.889 DEBUG vert.x-eventloop-thread-0 GatewayHttpProxy     : delaying authentication for 3000
18:32:19.895 ERROR vert.x-eventloop-thread-0 ContextImpl          : Unhandled exception
java.lang.NullPointerException: Cannot read the array length because "mac" is null
	at ibgroup.web.core.clientportal.gw.utils.TstTokenUtils.getMacAddress(TstTokenUtils.java:22)
	at ibgroup.web.core.clientportal.gw.services.SsoService.getMac(SsoService.java:81)
	at ibgroup.web.core.clientportal.gw.services.SsoService.getDeviceId(SsoService.java:70)
	at ibgroup.web.core.clientportal.gw.services.SsoService.setTstToken(SsoService.java:88)
	at ibgroup.web.core.clientportal.gw.http.GatewayHttpProxy.onEvent(GatewayHttpProxy.java:213)
	at ibgroup.web.core.clientportal.gw.http.GatewayHttpProxy.lambda$new$1(GatewayHttpProxy.java:56)
	at ibgroup.web.core.clientportal.gw.services.BaseServiceProxy.lambda$null$0(BaseServiceProxy.java:67)
	at java.base/java.util.ArrayList.forEach(ArrayList.java:1511)
	at ibgroup.web.core.clientportal.gw.services.BaseServiceProxy.lambda$on$1(BaseServiceProxy.java:67)
	at io.vertx.core.impl.ContextImpl.lambda$wrapTask$2(ContextImpl.java:344)
	at io.netty.util.concurrent.AbstractEventExecutor.safeExecute(AbstractEventExecutor.java:163)
	at io.netty.util.concurrent.SingleThreadEventExecutor.runAllTasks(SingleThreadEventExecutor.java:403)
	at io.netty.channel.nio.NioEventLoop.run(NioEventLoop.java:463)
	at io.netty.util.concurrent.SingleThreadEventExecutor$5.run(SingleThreadEventExecutor.java:858)
	at java.base/java.lang.Thread.run(Thread.java:842)
18:32:20.820 INFO  vert.x-eventloop-thread-0 BaseServiceProxy     : -> GET /v1/api/iserver/auth/ssodh/init?publish=true&compete=true,200|685ms
18:32:21.366 INFO  vert.x-eventloop-thread-0 BaseServiceProxy     : -> GET /v1/api/iserver/account/orders,200|496ms
18:32:21.909 INFO  vert.x-eventloop-thread-0 BaseServiceProxy     : -> GET /v1/api/tickle,200|491ms
18:32:23.471 INFO  vert.x-eventloop-thread-0 BaseServiceProxy     : -> GET /v1/api/iserver/auth/status,200|579ms
18:32:23.472 DEBUG vert.x-eventloop-thread-0 ClientPortalService  : status {"authenticated":true,"competing":false,"connected":true,"message":"","MAC":"F4:03:43:DA:99:00","serverInfo":{"serverName":"JifH12119","serverVersion":"Build 10.41.1f, Dec 16, 2025 10:44:32 AM"},"hardware_info":"27010a07|F4:03:43:DA:99:00","fail":""}
18:32:23.473 INFO  vert.x-eventloop-thread-0 ClientPortalService  : process auth status {"authenticated":true,"competing":false,"connected":true,"message":"","MAC":"F4:03:43:DA:99:00","serverInfo":{"serverName":"JifH12119","serverVersion":"Build 10.41.1f, Dec 16, 2025 10:44:32 AM"},"hardware_info":"27010a07|F4:03:43:DA:99:00","fail":""}
18:32:23.496 DEBUG vert.x-eventloop-thread-0 BaseServiceProxy     : start timer 30000 ClientPortalService
18:32:24.084 INFO  vert.x-eventloop-thread-0 BaseServiceProxy     : -> GET /v1/api/iserver/accounts,200|588ms
18:32:24.084 DEBUG vert.x-eventloop-thread-0 ClientPortalService  : iserver accounts {"accounts":["U5799398"],"acctProps":{"U5799398":{"hasChildAccounts":false,"supportsCashQty":true,"liteUnderPro":false,"noFXConv":false,"isProp":false,"supportsFractions":false,"allowCustomerTime":false,"autoFx":false}},"aliases":{"U5799398":"U5799398"},"allowFeatures":{"showGFIS":true,"showEUCostReport":false,"allowEventContract":true,"allowFXConv":true,"allowFinancialLens":false,"allowMTA":true,"allowTypeAhead":true,"allowEventTrading":true,"snapshotRefreshTimeout":30,"liteUser":false,"showWebNews":true,"research":true,"debugPnl":true,"showTaxOpt":true,"showImpactDashboard":true,"allowDynAccount":false,"allowCrypto":false,"allowFA":false,"allowLiteUnderPro":false,"allowedAssetTypes":"STK,CFD,OPT,FOP,WAR,FUT,BAG,PDC,CASH,IND,BOND,BILL,FUND,SLB,News,CMDTY,IOPT,ICU,ICS,PHYSS,CRYPTO","restrictTradeSubscription":false,"showUkUserLabels":true,"sideBySide":true},"chartPeriods":{"STK":["*"],"CFD":["*"],"OPT":["2h","1d","2d","1w","1m"],"FOP":["2h","1d","2d","1w","1m"],"WAR":["*"],"IOPT":["*"],"FUT":["*"],"CASH":["*"],"IND":["*"],"BOND":["*"],"FUND":["*"],"CMDTY":["*"],"PHYSS":["*"],"CRYPTO":["*"]},"groups":[],"profiles":[],"selectedAccount":"U5799398","serverInfo":{"serverName":"JifH12119","serverVersion":"Build 10.41.1f, Dec 16, 2025 10:44:32 AM"},"sessionId":"69544cba.0000002d","isFT":false,"isPaper":false}
18:32:54.180 INFO  vert.x-eventloop-thread-0 BaseServiceProxy     : -> GET /v1/api/tickle,200|681ms
18:32:54.181 DEBUG vert.x-eventloop-thread-0 ClientPortalService  : tickle {"session":"6b5e714c445acf36192621f5c43560e0","ssoExpires":562895,"collission":false,"userId":50301190,"hmds":{"error":"no bridge"},"iserver":{"authStatus":{"authenticated":true,"competing":false,"connected":true,"message":"","MAC":"F4:03:43:DA:99:00","serverInfo":{"serverName":"JifH12119","serverVersion":"Build 10.41.1f, Dec 16, 2025 10:44:32 AM"},"hardware_info":"27010a07|F4:03:43:DA:99:00"}}}
18:33:24.091 INFO  vert.x-eventloop-thread-0 BaseServiceProxy     : -> GET /v1/api/tickle,200|595ms
18:33:24.093 DEBUG vert.x-eventloop-thread-0 ClientPortalService  : tickle {"session":"6b5e714c445acf36192621f5c43560e0","ssoExpires":533038,"collission":false,"userId":50301190,"hmds":{"error":"no bridge"},"iserver":{"authStatus":{"authenticated":true,"competing":false,"connected":true,"message":"","MAC":"F4:03:43:DA:99:00","serverInfo":{"serverName":"JifH12119","serverVersion":"Build 10.41.1f, Dec 16, 2025 10:44:32 AM"},"hardware_info":"27010a07|F4:03:43:DA:99:00"}}}
18:33:54.005 INFO  vert.x-eventloop-thread-0 BaseServiceProxy     : -> GET /v1/api/tickle,200|509ms
18:33:54.007 DEBUG vert.x-eventloop-thread-0 ClientPortalService  : tickle {"session":"6b5e714c445acf36192621f5c43560e0","ssoExpires":503058,"collission":false,"userId":50301190,"hmds":{"error":"no bridge"},"iserver":{"authStatus":{"authenticated":true,"competing":false,"connected":true,"message":"","MAC":"F4:03:43:DA:99:00","serverInfo":{"serverName":"JifH12119","serverVersion":"Build 10.41.1f, Dec 16, 2025 10:44:32 AM"},"hardware_info":"27010a07|F4:03:43:DA:99:00"}}}
18:34:24.298 INFO  vert.x-eventloop-thread-0 BaseServiceProxy     : -> GET /v1/api/tickle,200|803ms
18:34:24.299 DEBUG vert.x-eventloop-thread-0 ClientPortalService  : tickle {"session":"6b5e714c445acf36192621f5c43560e0","ssoExpires":472812,"collission":false,"userId":50301190,"hmds":{"error":"no bridge"},"iserver":{"authStatus":{"authenticated":true,"competing":false,"connected":true,"message":"","MAC":"F4:03:43:DA:99:00","serverInfo":{"serverName":"JifH12119","serverVersion":"Build 10.41.1f, Dec 16, 2025 10:44:32 AM"},"hardware_info":"27010a07|F4:03:43:DA:99:00"}}}
18:34:54.066 INFO  vert.x-eventloop-thread-0 BaseServiceProxy     : -> GET /v1/api/tickle,200|572ms
18:34:54.068 DEBUG vert.x-eventloop-thread-0 ClientPortalService  : tickle {"session":"6b5e714c445acf36192621f5c43560e0","ssoExpires":443048,"collission":false,"userId":50301190,"hmds":{"error":"no bridge"},"iserver":{"authStatus":{"authenticated":true,"competing":false,"connected":true,"message":"","MAC":"F4:03:43:DA:99:00","serverInfo":{"serverName":"JifH12119","serverVersion":"Build 10.41.1f, Dec 16, 2025 10:44:32 AM"},"hardware_info":"27010a07|F4:03:43:DA:99:00"}}}
18:35:22.546 INFO  vert.x-eventloop-thread-0 BaseServiceProxy     : -> GET /v1/api/tickle,200|498ms
18:35:24.009 INFO  vert.x-eventloop-thread-0 BaseServiceProxy     : -> GET /v1/api/tickle,200|515ms
18:35:24.010 DEBUG vert.x-eventloop-thread-0 ClientPortalService  : tickle {"session":"6b5e714c445acf36192621f5c43560e0","ssoExpires":413063,"collission":false,"userId":50301190,"hmds":{"error":"no bridge"},"iserver":{"authStatus":{"authenticated":true,"competing":false,"connected":true,"message":"","MAC":"F4:03:43:DA:99:00","serverInfo":{"serverName":"JifH12119","serverVersion":"Build 10.41.1f, Dec 16, 2025 10:44:32 AM"},"hardware_info":"27010a07|F4:03:43:DA:99:00"}}}
18:35:54.309 INFO  vert.x-eventloop-thread-0 BaseServiceProxy     : -> GET /v1/api/tickle,200|815ms
18:35:54.311 DEBUG vert.x-eventloop-thread-0 ClientPortalService  : tickle {"session":"6b5e714c445acf36192621f5c43560e0","ssoExpires":382848,"collission":false,"userId":50301190,"hmds":{"error":"no bridge"},"iserver":{"authStatus":{"authenticated":true,"competing":false,"connected":true,"message":"","MAC":"F4:03:43:DA:99:00","serverInfo":{"serverName":"JifH12119","serverVersion":"Build 10.41.1f, Dec 16, 2025 10:44:32 AM"},"hardware_info":"27010a07|F4:03:43:DA:99:00"}}}
18:35:56.973 INFO  vert.x-eventloop-thread-0 BaseServiceProxy     : -> GET /v1/api/iserver/account/orders,200|573ms
18:35:57.110 INFO  vert.x-eventloop-thread-0 BaseServiceProxy     : -> GET /v1/api/portfolio/U5799398/positions/0?direction=a&period=1W&sort=position,200|711ms
18:35:59.962 INFO  vert.x-eventloop-thread-0 BaseServiceProxy     : -> GET /v1/api/iserver/auth/ssodh/init?publish=true&compete=true,200|508ms
18:36:00.578 INFO  vert.x-eventloop-thread-0 BaseServiceProxy     : -> GET /v1/api/iserver/account/orders,200|580ms
18:36:01.987 INFO  vert.x-eventloop-thread-0 BaseServiceProxy     : -> GET /v1/api/tickle,200|671ms
18:36:24.022 INFO  vert.x-eventloop-thread-0 BaseServiceProxy     : -> GET /v1/api/tickle,200|528ms
18:36:24.024 DEBUG vert.x-eventloop-thread-0 ClientPortalService  : tickle {"session":"6b5e714c445acf36192621f5c43560e0","ssoExpires":353061,"collission":false,"userId":50301190,"hmds":{"error":"no bridge"},"iserver":{"authStatus":{"authenticated":true,"competing":false,"connected":true,"message":"","MAC":"F4:03:43:DA:99:00","serverInfo":{"serverName":"JifH12119","serverVersion":"Build 10.41.1f, Dec 16, 2025 10:44:32 AM"},"hardware_info":"27010a07|F4:03:43:DA:99:00"}}}
18:36:54.227 INFO  vert.x-eventloop-thread-0 BaseServiceProxy     : -> GET /v1/api/tickle,200|735ms
18:36:54.230 DEBUG vert.x-eventloop-thread-0 ClientPortalService  : tickle {"session":"6b5e714c445acf36192621f5c43560e0","ssoExpires":322829,"collission":false,"userId":50301190,"hmds":{"error":"no bridge"},"iserver":{"authStatus":{"authenticated":true,"competing":false,"connected":true,"message":"","MAC":"F4:03:43:DA:99:00","serverInfo":{"serverName":"JifH12119","serverVersion":"Build 10.41.1f, Dec 16, 2025 10:44:32 AM"},"hardware_info":"27010a07|F4:03:43:DA:99:00"}}}
18:36:55.106 INFO  vert.x-eventloop-thread-0 BaseServiceProxy     : -> GET /v1/api/iserver/account/orders,200|506ms
18:36:56.567 INFO  vert.x-eventloop-thread-0 BaseServiceProxy     : -> GET /v1/api/iserver/marketdata/history?conid=4310&period=30d&bar=1d&outsideRth=false,200|913ms
18:36:57.728 INFO  vert.x-eventloop-thread-0 BaseServiceProxy     : -> GET /v1/api/iserver/marketdata/history?conid=4310&period=30d&bar=1d&outsideRth=false,200|1156ms
18:37:05.569 INFO  vert.x-eventloop-thread-0 BaseServiceProxy     : -> GET /v1/api/iserver/account/orders,200|520ms
18:37:06.862 INFO  vert.x-eventloop-thread-0 BaseServiceProxy     : -> GET /v1/api/iserver/account/U5799398/order/1383966984,200|560ms
18:37:07.395 INFO  vert.x-eventloop-thread-0 BaseServiceProxy     : -> GET /v1/api/iserver/account/U5799398/order/1383966983,400|528ms
18:37:07.932 INFO  vert.x-eventloop-thread-0 BaseServiceProxy     : -> GET /v1/api/iserver/account/U5799398/order/1383966982,200|535ms
18:37:17.951 INFO  vert.x-eventloop-thread-0 BaseServiceProxy     : -> GET /sso/ping,200|717ms
18:37:17.953 INFO  vert.x-eventloop-thread-0 SsoService           : sso ping {"result": "true"}
18:37:24.024 INFO  vert.x-eventloop-thread-0 BaseServiceProxy     : -> GET /v1/api/tickle,200|533ms
18:37:24.025 DEBUG vert.x-eventloop-thread-0 ClientPortalService  : tickle {"session":"6b5e714c445acf36192621f5c43560e0","ssoExpires":293052,"collission":false,"userId":50301190,"hmds":{"error":"no bridge"},"iserver":{"authStatus":{"authenticated":true,"competing":false,"connected":true,"message":"","MAC":"F4:03:43:DA:99:00","serverInfo":{"serverName":"JifH12119","serverVersion":"Build 10.41.1f, Dec 16, 2025 10:44:32 AM"},"hardware_info":"27010a07|F4:03:43:DA:99:00"}}}
18:37:54.117 INFO  vert.x-eventloop-thread-0 BaseServiceProxy     : -> GET /v1/api/tickle,200|623ms
18:37:54.118 DEBUG vert.x-eventloop-thread-0 ClientPortalService  : tickle {"session":"6b5e714c445acf36192621f5c43560e0","ssoExpires":263006,"collission":false,"userId":50301190,"hmds":{"error":"no bridge"},"iserver":{"authStatus":{"authenticated":true,"competing":false,"connected":true,"message":"","MAC":"F4:03:43:DA:99:00","serverInfo":{"serverName":"JifH12119","serverVersion":"Build 10.41.1f, Dec 16, 2025 10:44:32 AM"},"hardware_info":"27010a07|F4:03:43:DA:99:00"}}}
18:38:23.302 INFO  vert.x-eventloop-thread-0 BaseServiceProxy     : -> GET /v1/api/tickle,200|617ms
18:38:24.020 INFO  vert.x-eventloop-thread-0 BaseServiceProxy     : -> GET /v1/api/tickle,200|525ms
18:38:24.020 DEBUG vert.x-eventloop-thread-0 ClientPortalService  : tickle {"session":"6b5e714c445acf36192621f5c43560e0","ssoExpires":233045,"collission":false,"userId":50301190,"hmds":{"error":"no bridge"},"iserver":{"authStatus":{"authenticated":true,"competing":false,"connected":true,"message":"","MAC":"F4:03:43:DA:99:00","serverInfo":{"serverName":"JifH12119","serverVersion":"Build 10.41.1f, Dec 16, 2025 10:44:32 AM"},"hardware_info":"27010a07|F4:03:43:DA:99:00"}}}
18:38:54.261 INFO  vert.x-eventloop-thread-0 BaseServiceProxy     : -> GET /v1/api/tickle,200|767ms
18:38:54.263 DEBUG vert.x-eventloop-thread-0 ClientPortalService  : tickle {"session":"6b5e714c445acf36192621f5c43560e0","ssoExpires":202834,"collission":false,"userId":50301190,"hmds":{"error":"no bridge"},"iserver":{"authStatus":{"authenticated":true,"competing":false,"connected":true,"message":"","MAC":"F4:03:43:DA:99:00","serverInfo":{"serverName":"JifH12119","serverVersion":"Build 10.41.1f, Dec 16, 2025 10:44:32 AM"},"hardware_info":"27010a07|F4:03:43:DA:99:00"}}}
18:39:02.725 INFO  vert.x-eventloop-thread-0 BaseServiceProxy     : -> GET /v1/api/tickle,200|585ms
18:39:11.223 INFO  vert.x-eventloop-thread-0 BaseServiceProxy     : -> GET /v1/api/iserver/account/orders,200|584ms
18:39:12.248 INFO  vert.x-eventloop-thread-0 BaseServiceProxy     : -> GET /v1/api/iserver/marketdata/history?conid=415578518&period=30d&bar=1d&outsideRth=false,200|1022ms
18:39:12.750 INFO  vert.x-eventloop-thread-0 BaseServiceProxy     : -> GET /v1/api/iserver/marketdata/history?conid=415578518&period=30d&bar=1d&outsideRth=false,200|498ms
18:39:24.689 INFO  vert.x-eventloop-thread-0 BaseServiceProxy     : -> GET /v1/api/tickle,200|1196ms
18:39:24.690 DEBUG vert.x-eventloop-thread-0 ClientPortalService  : tickle {"session":"6b5e714c445acf36192621f5c43560e0","ssoExpires":172378,"collission":false,"userId":50301190,"hmds":{"error":"no bridge"},"iserver":{"authStatus":{"authenticated":true,"competing":false,"connected":true,"message":"","MAC":"F4:03:43:DA:99:00","serverInfo":{"serverName":"JifH12119","serverVersion":"Build 10.41.1f, Dec 16, 2025 10:44:32 AM"},"hardware_info":"27010a07|F4:03:43:DA:99:00"}}}
18:39:54.335 INFO  vert.x-eventloop-thread-0 BaseServiceProxy     : -> GET /v1/api/tickle,200|842ms
18:39:54.337 DEBUG vert.x-eventloop-thread-0 ClientPortalService  : tickle {"session":"6b5e714c445acf36192621f5c43560e0","ssoExpires":142823,"collission":false,"userId":50301190,"hmds":{"error":"no bridge"},"iserver":{"authStatus":{"authenticated":true,"competing":false,"connected":true,"message":"","MAC":"F4:03:43:DA:99:00","serverInfo":{"serverName":"JifH12119","serverVersion":"Build 10.41.1f, Dec 16, 2025 10:44:32 AM"},"hardware_info":"27010a07|F4:03:43:DA:99:00"}}}
18:40:24.007 INFO  vert.x-eventloop-thread-0 BaseServiceProxy     : -> GET /v1/api/tickle,200|511ms
18:40:24.010 DEBUG vert.x-eventloop-thread-0 ClientPortalService  : tickle {"session":"6b5e714c445acf36192621f5c43560e0","ssoExpires":113055,"collission":false,"userId":50301190,"hmds":{"error":"no bridge"},"iserver":{"authStatus":{"authenticated":true,"competing":false,"connected":true,"message":"","MAC":"F4:03:43:DA:99:00","serverInfo":{"serverName":"JifH12119","serverVersion":"Build 10.41.1f, Dec 16, 2025 10:44:32 AM"},"hardware_info":"27010a07|F4:03:43:DA:99:00"}}}
18:40:32.633 INFO  vert.x-eventloop-thread-0 BaseServiceProxy     : -> GET /v1/api/portfolio/U5799398/positions/0?direction=a&period=1W&sort=position,200|3031ms
18:40:33.758 INFO  vert.x-eventloop-thread-0 BaseServiceProxy     : -> GET /v1/api/iserver/account/orders,200|577ms
18:40:54.035 INFO  vert.x-eventloop-thread-0 BaseServiceProxy     : -> GET /v1/api/tickle,200|544ms
18:40:54.037 DEBUG vert.x-eventloop-thread-0 ClientPortalService  : tickle {"session":"6b5e714c445acf36192621f5c43560e0","ssoExpires":83031,"collission":false,"userId":50301190,"hmds":{"error":"no bridge"},"iserver":{"authStatus":{"authenticated":true,"competing":false,"connected":true,"message":"","MAC":"F4:03:43:DA:99:00","serverInfo":{"serverName":"JifH12119","serverVersion":"Build 10.41.1f, Dec 16, 2025 10:44:32 AM"},"hardware_info":"27010a07|F4:03:43:DA:99:00"}}}
18:41:24.025 INFO  vert.x-eventloop-thread-0 BaseServiceProxy     : -> GET /v1/api/tickle,200|534ms
18:41:24.027 DEBUG vert.x-eventloop-thread-0 ClientPortalService  : tickle {"session":"6b5e714c445acf36192621f5c43560e0","ssoExpires":53068,"collission":false,"userId":50301190,"hmds":{"error":"no bridge"},"iserver":{"authStatus":{"authenticated":true,"competing":false,"connected":true,"message":"","MAC":"F4:03:43:DA:99:00","serverInfo":{"serverName":"JifH12119","serverVersion":"Build 10.41.1f, Dec 16, 2025 10:44:32 AM"},"hardware_info":"27010a07|F4:03:43:DA:99:00"}}}
18:41:53.996 INFO  vert.x-eventloop-thread-0 BaseServiceProxy     : -> GET /v1/api/tickle,200|506ms
18:41:53.996 DEBUG vert.x-eventloop-thread-0 ClientPortalService  : tickle {"session":"6b5e714c445acf36192621f5c43560e0","ssoExpires":23061,"collission":false,"userId":50301190,"hmds":{"error":"no bridge"},"iserver":{"authStatus":{"authenticated":true,"competing":false,"connected":true,"message":"","MAC":"F4:03:43:DA:99:00","serverInfo":{"serverName":"JifH12119","serverVersion":"Build 10.41.1f, Dec 16, 2025 10:44:32 AM"},"hardware_info":"27010a07|F4:03:43:DA:99:00"}}}
18:42:03.562 INFO  vert.x-eventloop-thread-0 BaseServiceProxy     : -> GET /v1/api/tickle,200|695ms
18:42:18.153 INFO  vert.x-eventloop-thread-0 BaseServiceProxy     : -> GET /sso/ping,200|923ms
18:42:18.155 INFO  vert.x-eventloop-thread-0 SsoService           : sso ping {"result": "true"}
18:42:24.231 INFO  vert.x-eventloop-thread-0 BaseServiceProxy     : -> GET /v1/api/tickle,200|742ms
18:42:24.232 DEBUG vert.x-eventloop-thread-0 ClientPortalService  : tickle {"session":"6b5e714c445acf36192621f5c43560e0","hmds":{"error":"no bridge"},"iserver":{"authStatus":{"authenticated":true,"competing":false,"connected":true,"message":"","MAC":"F4:03:43:DA:99:00","serverInfo":{"serverName":"JifH12119","serverVersion":"Build 10.41.1f, Dec 16, 2025 10:44:32 AM"},"hardware_info":"27010a07|F4:03:43:DA:99:00"}},"lastTickle":1767177743907,"ssoExpires":600000,"collission":false,"userId":50301190}
18:42:54.026 INFO  vert.x-eventloop-thread-0 BaseServiceProxy     : -> GET /v1/api/tickle,200|537ms
18:42:54.028 DEBUG vert.x-eventloop-thread-0 ClientPortalService  : tickle {"session":"6b5e714c445acf36192621f5c43560e0","ssoExpires":570222,"collission":false,"userId":50301190,"hmds":{"error":"no bridge"},"iserver":{"authStatus":{"authenticated":true,"competing":false,"connected":true,"message":"","MAC":"F4:03:43:DA:99:00","serverInfo":{"serverName":"JifH12119","serverVersion":"Build 10.41.1f, Dec 16, 2025 10:44:32 AM"},"hardware_info":"27010a07|F4:03:43:DA:99:00"}}}
18:43:24.010 INFO  vert.x-eventloop-thread-0 BaseServiceProxy     : -> GET /v1/api/tickle,200|522ms
18:43:24.012 DEBUG vert.x-eventloop-thread-0 ClientPortalService  : tickle {"session":"6b5e714c445acf36192621f5c43560e0","ssoExpires":540232,"collission":false,"userId":50301190,"hmds":{"error":"no bridge"},"iserver":{"authStatus":{"authenticated":true,"competing":false,"connected":true,"message":"","MAC":"F4:03:43:DA:99:00","serverInfo":{"serverName":"JifH12119","serverVersion":"Build 10.41.1f, Dec 16, 2025 10:44:32 AM"},"hardware_info":"27010a07|F4:03:43:DA:99:00"}}}
18:43:54.252 INFO  vert.x-eventloop-thread-0 BaseServiceProxy     : -> GET /v1/api/tickle,200|765ms
18:43:54.253 DEBUG vert.x-eventloop-thread-0 ClientPortalService  : tickle {"session":"6b5e714c445acf36192621f5c43560e0","ssoExpires":510001,"collission":false,"userId":50301190,"hmds":{"error":"no bridge"},"iserver":{"authStatus":{"authenticated":true,"competing":false,"connected":true,"message":"","MAC":"F4:03:43:DA:99:00","serverInfo":{"serverName":"JifH12119","serverVersion":"Build 10.41.1f, Dec 16, 2025 10:44:32 AM"},"hardware_info":"27010a07|F4:03:43:DA:99:00"}}}
18:44:24.042 INFO  vert.x-eventloop-thread-0 BaseServiceProxy     : -> GET /v1/api/tickle,200|555ms
18:44:24.043 DEBUG vert.x-eventloop-thread-0 ClientPortalService  : tickle {"session":"6b5e714c445acf36192621f5c43560e0","ssoExpires":480202,"collission":false,"userId":50301190,"hmds":{"error":"no bridge"},"iserver":{"authStatus":{"authenticated":true,"competing":false,"connected":true,"message":"","MAC":"F4:03:43:DA:99:00","serverInfo":{"serverName":"JifH12119","serverVersion":"Build 10.41.1f, Dec 16, 2025 10:44:32 AM"},"hardware_info":"27010a07|F4:03:43:DA:99:00"}}}
18:44:54.245 INFO  vert.x-eventloop-thread-0 BaseServiceProxy     : -> GET /v1/api/tickle,200|759ms
18:44:54.246 DEBUG vert.x-eventloop-thread-0 ClientPortalService  : tickle {"session":"6b5e714c445acf36192621f5c43560e0","ssoExpires":450040,"collission":false,"userId":50301190,"hmds":{"error":"no bridge"},"iserver":{"authStatus":{"authenticated":true,"competing":false,"connected":true,"message":"","MAC":"F4:03:43:DA:99:00","serverInfo":{"serverName":"JifH12119","serverVersion":"Build 10.41.1f, Dec 16, 2025 10:44:32 AM"},"hardware_info":"27010a07|F4:03:43:DA:99:00"}}}
18:45:04.181 INFO  vert.x-eventloop-thread-0 BaseServiceProxy     : -> GET /v1/api/tickle,200|522ms
18:45:23.994 INFO  vert.x-eventloop-thread-0 BaseServiceProxy     : -> GET /v1/api/tickle,200|510ms
18:45:23.996 DEBUG vert.x-eventloop-thread-0 ClientPortalService  : tickle {"session":"6b5e714c445acf36192621f5c43560e0","ssoExpires":420234,"collission":false,"userId":50301190,"hmds":{"error":"no bridge"},"iserver":{"authStatus":{"authenticated":true,"competing":false,"connected":true,"message":"","MAC":"F4:03:43:DA:99:00","serverInfo":{"serverName":"JifH12119","serverVersion":"Build 10.41.1f, Dec 16, 2025 10:44:32 AM"},"hardware_info":"27010a07|F4:03:43:DA:99:00"}}}
18:45:54.004 INFO  vert.x-eventloop-thread-0 BaseServiceProxy     : -> GET /v1/api/tickle,200|518ms
18:45:54.006 DEBUG vert.x-eventloop-thread-0 ClientPortalService  : tickle {"session":"6b5e714c445acf36192621f5c43560e0","ssoExpires":390228,"collission":false,"userId":50301190,"hmds":{"error":"no bridge"},"iserver":{"authStatus":{"authenticated":true,"competing":false,"connected":true,"message":"","MAC":"F4:03:43:DA:99:00","serverInfo":{"serverName":"JifH12119","serverVersion":"Build 10.41.1f, Dec 16, 2025 10:44:32 AM"},"hardware_info":"27010a07|F4:03:43:DA:99:00"}}}
18:46:24.236 INFO  vert.x-eventloop-thread-0 BaseServiceProxy     : -> GET /v1/api/tickle,200|752ms
18:46:24.237 DEBUG vert.x-eventloop-thread-0 ClientPortalService  : tickle {"session":"6b5e714c445acf36192621f5c43560e0","ssoExpires":360014,"collission":false,"userId":50301190,"hmds":{"error":"no bridge"},"iserver":{"authStatus":{"authenticated":true,"competing":false,"connected":true,"message":"","MAC":"F4:03:43:DA:99:00","serverInfo":{"serverName":"JifH12119","serverVersion":"Build 10.41.1f, Dec 16, 2025 10:44:32 AM"},"hardware_info":"27010a07|F4:03:43:DA:99:00"}}}
18:46:54.004 INFO  vert.x-eventloop-thread-0 BaseServiceProxy     : -> GET /v1/api/tickle,200|521ms
18:46:54.006 DEBUG vert.x-eventloop-thread-0 ClientPortalService  : tickle {"session":"6b5e714c445acf36192621f5c43560e0","ssoExpires":330238,"collission":false,"userId":50301190,"hmds":{"error":"no bridge"},"iserver":{"authStatus":{"authenticated":true,"competing":false,"connected":true,"message":"","MAC":"F4:03:43:DA:99:00","serverInfo":{"serverName":"JifH12119","serverVersion":"Build 10.41.1f, Dec 16, 2025 10:44:32 AM"},"hardware_info":"27010a07|F4:03:43:DA:99:00"}}}
18:47:18.232 INFO  vert.x-eventloop-thread-0 BaseServiceProxy     : -> GET /sso/ping,200|1007ms
18:47:18.233 INFO  vert.x-eventloop-thread-0 SsoService           : sso ping {"result": "true"}
18:47:23.988 INFO  vert.x-eventloop-thread-0 BaseServiceProxy     : -> GET /v1/api/tickle,200|505ms
18:47:23.989 DEBUG vert.x-eventloop-thread-0 ClientPortalService  : tickle {"session":"6b5e714c445acf36192621f5c43560e0","ssoExpires":300236,"collission":false,"userId":50301190,"hmds":{"error":"no bridge"},"iserver":{"authStatus":{"authenticated":true,"competing":false,"connected":true,"message":"","MAC":"F4:03:43:DA:99:00","serverInfo":{"serverName":"JifH12119","serverVersion":"Build 10.41.1f, Dec 16, 2025 10:44:32 AM"},"hardware_info":"27010a07|F4:03:43:DA:99:00"}}}
18:47:54.208 INFO  vert.x-eventloop-thread-0 BaseServiceProxy     : -> GET /v1/api/tickle,200|726ms
18:47:54.209 DEBUG vert.x-eventloop-thread-0 ClientPortalService  : tickle {"session":"6b5e714c445acf36192621f5c43560e0","ssoExpires":270032,"collission":false,"userId":50301190,"hmds":{"error":"no bridge"},"iserver":{"authStatus":{"authenticated":true,"competing":false,"connected":true,"message":"","MAC":"F4:03:43:DA:99:00","serverInfo":{"serverName":"JifH12119","serverVersion":"Build 10.41.1f, Dec 16, 2025 10:44:32 AM"},"hardware_info":"27010a07|F4:03:43:DA:99:00"}}}
18:48:24.084 INFO  vert.x-eventloop-thread-0 BaseServiceProxy     : -> GET /v1/api/tickle,200|603ms
18:48:24.084 DEBUG vert.x-eventloop-thread-0 ClientPortalService  : tickle {"session":"6b5e714c445acf36192621f5c43560e0","ssoExpires":240183,"collission":false,"userId":50301190,"hmds":{"error":"no bridge"},"iserver":{"authStatus":{"authenticated":true,"competing":false,"connected":true,"message":"","MAC":"F4:03:43:DA:99:00","serverInfo":{"serverName":"JifH12119","serverVersion":"Build 10.41.1f, Dec 16, 2025 10:44:32 AM"},"hardware_info":"27010a07|F4:03:43:DA:99:00"}}}
18:48:54.000 INFO  vert.x-eventloop-thread-0 BaseServiceProxy     : -> GET /v1/api/tickle,200|520ms
18:48:54.001 DEBUG vert.x-eventloop-thread-0 ClientPortalService  : tickle {"session":"6b5e714c445acf36192621f5c43560e0","ssoExpires":210246,"collission":false,"userId":50301190,"hmds":{"error":"no bridge"},"iserver":{"authStatus":{"authenticated":true,"competing":false,"connected":true,"message":"","MAC":"F4:03:43:DA:99:00","serverInfo":{"serverName":"JifH12119","serverVersion":"Build 10.41.1f, Dec 16, 2025 10:44:32 AM"},"hardware_info":"27010a07|F4:03:43:DA:99:00"}}}
18:49:24.003 INFO  vert.x-eventloop-thread-0 BaseServiceProxy     : -> GET /v1/api/tickle,200|523ms
18:49:24.004 DEBUG vert.x-eventloop-thread-0 ClientPortalService  : tickle {"session":"6b5e714c445acf36192621f5c43560e0","ssoExpires":180242,"collission":false,"userId":50301190,"hmds":{"error":"no bridge"},"iserver":{"authStatus":{"authenticated":true,"competing":false,"connected":true,"message":"","MAC":"F4:03:43:DA:99:00","serverInfo":{"serverName":"JifH12119","serverVersion":"Build 10.41.1f, Dec 16, 2025 10:44:32 AM"},"hardware_info":"27010a07|F4:03:43:DA:99:00"}}}
18:49:54.025 INFO  vert.x-eventloop-thread-0 BaseServiceProxy     : -> GET /v1/api/tickle,200|546ms
18:49:54.026 DEBUG vert.x-eventloop-thread-0 ClientPortalService  : tickle {"session":"6b5e714c445acf36192621f5c43560e0","ssoExpires":150217,"collission":false,"userId":50301190,"hmds":{"error":"no bridge"},"iserver":{"authStatus":{"authenticated":true,"competing":false,"connected":true,"message":"","MAC":"F4:03:43:DA:99:00","serverInfo":{"serverName":"JifH12119","serverVersion":"Build 10.41.1f, Dec 16, 2025 10:44:32 AM"},"hardware_info":"27010a07|F4:03:43:DA:99:00"}}}
18:50:23.990 INFO  vert.x-eventloop-thread-0 BaseServiceProxy     : -> GET /v1/api/tickle,200|511ms
18:50:23.991 DEBUG vert.x-eventloop-thread-0 ClientPortalService  : tickle {"session":"6b5e714c445acf36192621f5c43560e0","ssoExpires":120241,"collission":false,"userId":50301190,"hmds":{"error":"no bridge"},"iserver":{"authStatus":{"authenticated":true,"competing":false,"connected":true,"message":"","MAC":"F4:03:43:DA:99:00","serverInfo":{"serverName":"JifH12119","serverVersion":"Build 10.41.1f, Dec 16, 2025 10:44:32 AM"},"hardware_info":"27010a07|F4:03:43:DA:99:00"}}}
18:50:54.014 INFO  vert.x-eventloop-thread-0 BaseServiceProxy     : -> GET /v1/api/tickle,200|536ms
18:50:54.015 DEBUG vert.x-eventloop-thread-0 ClientPortalService  : tickle {"session":"6b5e714c445acf36192621f5c43560e0","ssoExpires":90244,"collission":false,"userId":50301190,"hmds":{"error":"no bridge"},"iserver":{"authStatus":{"authenticated":true,"competing":false,"connected":true,"message":"","MAC":"F4:03:43:DA:99:00","serverInfo":{"serverName":"JifH12119","serverVersion":"Build 10.41.1f, Dec 16, 2025 10:44:32 AM"},"hardware_info":"27010a07|F4:03:43:DA:99:00"}}}
18:51:23.990 INFO  vert.x-eventloop-thread-0 BaseServiceProxy     : -> GET /v1/api/tickle,200|512ms
18:51:23.991 DEBUG vert.x-eventloop-thread-0 ClientPortalService  : tickle {"session":"6b5e714c445acf36192621f5c43560e0","ssoExpires":60249,"collission":false,"userId":50301190,"hmds":{"error":"no bridge"},"iserver":{"authStatus":{"authenticated":true,"competing":false,"connected":true,"message":"","MAC":"F4:03:43:DA:99:00","serverInfo":{"serverName":"JifH12119","serverVersion":"Build 10.41.1f, Dec 16, 2025 10:44:32 AM"},"hardware_info":"27010a07|F4:03:43:DA:99:00"}}}
18:51:54.238 INFO  vert.x-eventloop-thread-0 BaseServiceProxy     : -> GET /v1/api/tickle,200|761ms
18:51:54.238 DEBUG vert.x-eventloop-thread-0 ClientPortalService  : tickle {"session":"6b5e714c445acf36192621f5c43560e0","ssoExpires":30006,"collission":false,"userId":50301190,"hmds":{"error":"no bridge"},"iserver":{"authStatus":{"authenticated":true,"competing":false,"connected":true,"message":"","MAC":"F4:03:43:DA:99:00","serverInfo":{"serverName":"JifH12119","serverVersion":"Build 10.41.1f, Dec 16, 2025 10:44:32 AM"},"hardware_info":"27010a07|F4:03:43:DA:99:00"}}}
18:52:18.148 INFO  vert.x-eventloop-thread-0 BaseServiceProxy     : -> GET /sso/ping,200|930ms
18:52:18.150 INFO  vert.x-eventloop-thread-0 SsoService           : sso ping {"result": "true"}
18:52:23.978 INFO  vert.x-eventloop-thread-0 BaseServiceProxy     : -> GET /v1/api/tickle,200|503ms
18:52:23.978 DEBUG vert.x-eventloop-thread-0 ClientPortalService  : tickle {"session":"6b5e714c445acf36192621f5c43560e0","ssoExpires":242,"collission":false,"userId":50301190,"hmds":{"error":"no bridge"},"iserver":{"authStatus":{"authenticated":true,"competing":false,"connected":true,"message":"","MAC":"F4:03:43:DA:99:00","serverInfo":{"serverName":"JifH12119","serverVersion":"Build 10.41.1f, Dec 16, 2025 10:44:32 AM"},"hardware_info":"27010a07|F4:03:43:DA:99:00"}}}
18:52:54.913 INFO  vert.x-eventloop-thread-0 BaseServiceProxy     : -> GET /v1/api/tickle,200|1437ms
18:52:54.914 DEBUG vert.x-eventloop-thread-0 ClientPortalService  : tickle {"session":"6b5e714c445acf36192621f5c43560e0","hmds":{"error":"no bridge"},"iserver":{"authStatus":{"authenticated":true,"competing":false,"connected":true,"message":"","MAC":"F4:03:43:DA:99:00","serverInfo":{"serverName":"JifH12119","serverVersion":"Build 10.41.1f, Dec 16, 2025 10:44:32 AM"},"hardware_info":"27010a07|F4:03:43:DA:99:00"}},"lastTickle":1767178374127,"ssoExpires":600000,"collission":false,"userId":50301190}
18:53:24.023 INFO  vert.x-eventloop-thread-0 BaseServiceProxy     : -> GET /v1/api/tickle,200|548ms
18:53:24.023 DEBUG vert.x-eventloop-thread-0 ClientPortalService  : tickle {"session":"6b5e714c445acf36192621f5c43560e0","ssoExpires":570853,"collission":false,"userId":50301190,"hmds":{"error":"no bridge"},"iserver":{"authStatus":{"authenticated":true,"competing":false,"connected":true,"message":"","MAC":"F4:03:43:DA:99:00","serverInfo":{"serverName":"JifH12119","serverVersion":"Build 10.41.1f, Dec 16, 2025 10:44:32 AM"},"hardware_info":"27010a07|F4:03:43:DA:99:00"}}}
18:53:54.073 INFO  vert.x-eventloop-thread-0 BaseServiceProxy     : -> GET /v1/api/tickle,200|599ms
18:53:54.074 DEBUG vert.x-eventloop-thread-0 ClientPortalService  : tickle {"session":"6b5e714c445acf36192621f5c43560e0","ssoExpires":540772,"collission":false,"userId":50301190,"hmds":{"error":"no bridge"},"iserver":{"authStatus":{"authenticated":true,"competing":false,"connected":true,"message":"","MAC":"F4:03:43:DA:99:00","serverInfo":{"serverName":"JifH12119","serverVersion":"Build 10.41.1f, Dec 16, 2025 10:44:32 AM"},"hardware_info":"27010a07|F4:03:43:DA:99:00"}}}
18:54:24.208 INFO  vert.x-eventloop-thread-0 BaseServiceProxy     : -> GET /v1/api/tickle,200|735ms
18:54:24.209 DEBUG vert.x-eventloop-thread-0 ClientPortalService  : tickle {"session":"6b5e714c445acf36192621f5c43560e0","ssoExpires":510618,"collission":false,"userId":50301190,"hmds":{"error":"no bridge"},"iserver":{"authStatus":{"authenticated":true,"competing":false,"connected":true,"message":"","MAC":"F4:03:43:DA:99:00","serverInfo":{"serverName":"JifH12119","serverVersion":"Build 10.41.1f, Dec 16, 2025 10:44:32 AM"},"hardware_info":"27010a07|F4:03:43:DA:99:00"}}}
18:54:54.212 INFO  vert.x-eventloop-thread-0 BaseServiceProxy     : -> GET /v1/api/tickle,200|739ms
18:54:54.213 DEBUG vert.x-eventloop-thread-0 ClientPortalService  : tickle {"session":"6b5e714c445acf36192621f5c43560e0","ssoExpires":480620,"collission":false,"userId":50301190,"hmds":{"error":"no bridge"},"iserver":{"authStatus":{"authenticated":true,"competing":false,"connected":true,"message":"","MAC":"F4:03:43:DA:99:00","serverInfo":{"serverName":"JifH12119","serverVersion":"Build 10.41.1f, Dec 16, 2025 10:44:32 AM"},"hardware_info":"27010a07|F4:03:43:DA:99:00"}}}
18:55:23.972 INFO  vert.x-eventloop-thread-0 BaseServiceProxy     : -> GET /v1/api/tickle,200|499ms
18:55:24.000 DEBUG vert.x-eventloop-thread-0 ClientPortalService  : tickle {"session":"6b5e714c445acf36192621f5c43560e0","ssoExpires":450857,"collission":false,"userId":50301190,"hmds":{"error":"no bridge"},"iserver":{"authStatus":{"authenticated":true,"competing":false,"connected":true,"message":"","MAC":"F4:03:43:DA:99:00","serverInfo":{"serverName":"JifH12119","serverVersion":"Build 10.41.1f, Dec 16, 2025 10:44:32 AM"},"hardware_info":"27010a07|F4:03:43:DA:99:00"}}}
18:55:54.226 INFO  vert.x-eventloop-thread-0 BaseServiceProxy     : -> GET /v1/api/tickle,200|754ms
18:55:54.227 DEBUG vert.x-eventloop-thread-0 ClientPortalService  : tickle {"session":"6b5e714c445acf36192621f5c43560e0","ssoExpires":420628,"collission":false,"userId":50301190,"hmds":{"error":"no bridge"},"iserver":{"authStatus":{"authenticated":true,"competing":false,"connected":true,"message":"","MAC":"F4:03:43:DA:99:00","serverInfo":{"serverName":"JifH12119","serverVersion":"Build 10.41.1f, Dec 16, 2025 10:44:32 AM"},"hardware_info":"27010a07|F4:03:43:DA:99:00"}}}
18:56:24.012 INFO  vert.x-eventloop-thread-0 BaseServiceProxy     : -> GET /v1/api/tickle,200|541ms
18:56:24.014 DEBUG vert.x-eventloop-thread-0 ClientPortalService  : tickle {"session":"6b5e714c445acf36192621f5c43560e0","ssoExpires":390853,"collission":false,"userId":50301190,"hmds":{"error":"no bridge"},"iserver":{"authStatus":{"authenticated":true,"competing":false,"connected":true,"message":"","MAC":"F4:03:43:DA:99:00","serverInfo":{"serverName":"JifH12119","serverVersion":"Build 10.41.1f, Dec 16, 2025 10:44:32 AM"},"hardware_info":"27010a07|F4:03:43:DA:99:00"}}}
18:56:54.015 INFO  vert.x-eventloop-thread-0 BaseServiceProxy     : -> GET /v1/api/tickle,200|544ms
18:56:54.017 DEBUG vert.x-eventloop-thread-0 ClientPortalService  : tickle {"session":"6b5e714c445acf36192621f5c43560e0","ssoExpires":360827,"collission":false,"userId":50301190,"hmds":{"error":"no bridge"},"iserver":{"authStatus":{"authenticated":true,"competing":false,"connected":true,"message":"","MAC":"F4:03:43:DA:99:00","serverInfo":{"serverName":"JifH12119","serverVersion":"Build 10.41.1f, Dec 16, 2025 10:44:32 AM"},"hardware_info":"27010a07|F4:03:43:DA:99:00"}}}
18:57:18.387 INFO  vert.x-eventloop-thread-0 BaseServiceProxy     : -> GET /sso/ping,200|1175ms
18:57:18.389 INFO  vert.x-eventloop-thread-0 SsoService           : sso ping {"result": "true"}
18:57:24.028 INFO  vert.x-eventloop-thread-0 BaseServiceProxy     : -> GET /v1/api/tickle,200|558ms
18:57:24.029 DEBUG vert.x-eventloop-thread-0 ClientPortalService  : tickle {"session":"6b5e714c445acf36192621f5c43560e0","ssoExpires":330823,"collission":false,"userId":50301190,"hmds":{"error":"no bridge"},"iserver":{"authStatus":{"authenticated":true,"competing":false,"connected":true,"message":"","MAC":"F4:03:43:DA:99:00","serverInfo":{"serverName":"JifH12119","serverVersion":"Build 10.41.1f, Dec 16, 2025 10:44:32 AM"},"hardware_info":"27010a07|F4:03:43:DA:99:00"}}}
18:57:54.222 INFO  vert.x-eventloop-thread-0 BaseServiceProxy     : -> GET /v1/api/tickle,200|753ms
18:57:54.222 DEBUG vert.x-eventloop-thread-0 ClientPortalService  : tickle {"session":"6b5e714c445acf36192621f5c43560e0","ssoExpires":300609,"collission":false,"userId":50301190,"hmds":{"error":"no bridge"},"iserver":{"authStatus":{"authenticated":true,"competing":false,"connected":true,"message":"","MAC":"F4:03:43:DA:99:00","serverInfo":{"serverName":"JifH12119","serverVersion":"Build 10.41.1f, Dec 16, 2025 10:44:32 AM"},"hardware_info":"27010a07|F4:03:43:DA:99:00"}}}
18:58:23.981 INFO  vert.x-eventloop-thread-0 BaseServiceProxy     : -> GET /v1/api/tickle,200|512ms
18:58:23.983 DEBUG vert.x-eventloop-thread-0 ClientPortalService  : tickle {"session":"6b5e714c445acf36192621f5c43560e0","ssoExpires":270846,"collission":false,"userId":50301190,"hmds":{"error":"no bridge"},"iserver":{"authStatus":{"authenticated":true,"competing":false,"connected":true,"message":"","MAC":"F4:03:43:DA:99:00","serverInfo":{"serverName":"JifH12119","serverVersion":"Build 10.41.1f, Dec 16, 2025 10:44:32 AM"},"hardware_info":"27010a07|F4:03:43:DA:99:00"}}}
18:58:54.008 INFO  vert.x-eventloop-thread-0 BaseServiceProxy     : -> GET /v1/api/tickle,200|540ms
18:58:54.009 DEBUG vert.x-eventloop-thread-0 ClientPortalService  : tickle {"session":"6b5e714c445acf36192621f5c43560e0","ssoExpires":240842,"collission":false,"userId":50301190,"hmds":{"error":"no bridge"},"iserver":{"authStatus":{"authenticated":true,"competing":false,"connected":true,"message":"","MAC":"F4:03:43:DA:99:00","serverInfo":{"serverName":"JifH12119","serverVersion":"Build 10.41.1f, Dec 16, 2025 10:44:32 AM"},"hardware_info":"27010a07|F4:03:43:DA:99:00"}}}
18:59:24.204 INFO  vert.x-eventloop-thread-0 BaseServiceProxy     : -> GET /v1/api/tickle,200|737ms
18:59:24.205 DEBUG vert.x-eventloop-thread-0 ClientPortalService  : tickle {"session":"6b5e714c445acf36192621f5c43560e0","ssoExpires":210618,"collission":false,"userId":50301190,"hmds":{"error":"no bridge"},"iserver":{"authStatus":{"authenticated":true,"competing":false,"connected":true,"message":"","MAC":"F4:03:43:DA:99:00","serverInfo":{"serverName":"JifH12119","serverVersion":"Build 10.41.1f, Dec 16, 2025 10:44:32 AM"},"hardware_info":"27010a07|F4:03:43:DA:99:00"}}}
18:59:54.011 INFO  vert.x-eventloop-thread-0 BaseServiceProxy     : -> GET /v1/api/tickle,200|544ms
18:59:54.013 DEBUG vert.x-eventloop-thread-0 ClientPortalService  : tickle {"session":"6b5e714c445acf36192621f5c43560e0","ssoExpires":180817,"collission":false,"userId":50301190,"hmds":{"error":"no bridge"},"iserver":{"authStatus":{"authenticated":true,"competing":false,"connected":true,"message":"","MAC":"F4:03:43:DA:99:00","serverInfo":{"serverName":"JifH12119","serverVersion":"Build 10.41.1f, Dec 16, 2025 10:44:32 AM"},"hardware_info":"27010a07|F4:03:43:DA:99:00"}}}
