-> GET /sso/Login?forwardTo=22&RL=1&ip2loc=US
<- 200 GET /sso/Login?forwardTo=22&RL=1&ip2loc=US
-> GET /css/bootstrap-5.2.2/bootstrap.min.css
-> GET /css/bootstrap-switch-3.3.2/bootstrap-switch.min.css
-> GET /css/reg-am/login.min.css
-> GET /css/fontawesome-6.4.2/all.min.css
-> GET /css/ibkr/theme-ibkr-portal.min.css
-> GET /scripts/common/js/jquery-3.7.0/jquery.min.js
<- 200 GET /css/bootstrap-5.2.2/bootstrap.min.css
-> GET /scripts/common/js/bootstrap-5.2.2/bootstrap.bundle.min.js
<- 200 GET /scripts/common/js/jquery-3.7.0/jquery.min.js
<- 200 GET /css/bootstrap-switch-3.3.2/bootstrap-switch.min.css
<- 200 GET /css/reg-am/login.min.css
<- 200 GET /css/fontawesome-6.4.2/all.min.css
<- 200 GET /css/ibkr/theme-ibkr-portal.min.css
-> GET /sso/lib/xyz.bundle.min.js
<- 200 GET /scripts/common/js/bootstrap-5.2.2/bootstrap.bundle.min.js
<- 200 GET /sso/lib/xyz.bundle.min.js
-> GET /images/common/logos/ibkr/interactive-brokers.svg
-> GET /fonts/proxima-nova/Proxima-Nova-Regular.woff2
-> GET /fonts/fontawesome-6.4.2/webfonts/fa-solid-900.woff2
-> GET /fonts/fontawesome-6.4.2/webfonts/fa-brands-400.woff2
<- 200 GET /images/common/logos/ibkr/interactive-brokers.svg
-> POST /sso/report
-> POST /portal.proxy/v1/gstat/bulletins
<- 200 GET /fonts/proxima-nova/Proxima-Nova-Regular.woff2
<- 200 GET /fonts/fontawesome-6.4.2/webfonts/fa-brands-400.woff2
<- 200 GET /fonts/fontawesome-6.4.2/webfonts/fa-solid-900.woff2
-> GET /images/web/favicons/home-screen-icon-128x128.png
<- 200 GET /images/web/favicons/home-screen-icon-128x128.png
<- 204 POST /portal.proxy/v1/gstat/bulletins
<- 200 POST /sso/report
-> POST /sso/Authenticator
<- 200 POST /sso/Authenticator
-> POST /sso/Authenticator
<- 200 POST /sso/Authenticator
-> POST /sso/Authenticator
<- 200 POST /sso/Authenticator
-> POST /sso/Authenticator
<- 200 POST /sso/Authenticator
-> POST /sso/Authenticator
<- 200 POST /sso/Authenticator
-> POST /sso/Dispatcher
<- 302 POST /sso/Dispatcher
-> request: /v1/api/sso/validate?gw=1
-> GET /v1/api/sso/validate?gw=1,200|321ms
-> request: /v1/api/one/user
-> request: /v1/api/ssodh/init
-> sso GET https://api.ibkr.com/v1/api/ssodh/init
-> GET /v1/api/one/user,200|317ms
-> request: /v1/api/ssodh/st
-> sso GET https://api.ibkr.com/v1/api/ssodh/st
-> request: /v1/api/iserver/auth/status
-> GET /v1/api/iserver/auth/status,200|77ms
-> request: /v1/api/iserver/auth/ssodh/init
-> POST https://api.ibkr.com/v1/api/iserver/auth/ssodh/init,200|423ms
-> request: /v1/api/iserver/accounts
-> GET /v1/api/iserver/accounts,200|51ms
-> request: /v1/api/tickle
-> GET /v1/api/tickle,200|66ms
-> request: /v1/api/tickle
-> GET /v1/api/tickle,200|55ms
-> request: /v1/api/tickle
-> GET /v1/api/tickle,200|78ms
-> POST /v1/api/iserver/auth/ssodh/init?publish=true&compete=true
<- 200 POST /v1/api/iserver/auth/ssodh/init?publish=true&compete=true
-> GET /v1/api/iserver/account/orders
<- 200 GET /v1/api/iserver/account/orders
-> POST /v1/api/tickle
<- 200 POST /v1/api/tickle
-> request: /v1/api/tickle
-> GET /v1/api/tickle,200|58ms
-> GET /v1/api/portfolio/U5799398/positions/0?direction=a&period=1W&sort=position
-> GET /v1/api/iserver/account/orders
<- 200 GET /v1/api/iserver/account/orders
<- 200 GET /v1/api/portfolio/U5799398/positions/0?direction=a&period=1W&sort=position
-> request: /v1/api/tickle
-> GET /v1/api/tickle,200|82ms
-> request: /v1/api/tickle
-> GET /v1/api/tickle,200|69ms
-> GET /v1/api/iserver/account/orders
<- 200 GET /v1/api/iserver/account/orders
-> GET /v1/api/iserver/account/orders
<- 200 GET /v1/api/iserver/account/orders
-> POST /v1/api/iserver/account/U5799398/order/1848206539
<- 200 POST /v1/api/iserver/account/U5799398/order/1848206539
-> POST /v1/api/iserver/reply/333b6d22-65a3-4efc-b9ac-7effc2d393fd
<- 200 POST /v1/api/iserver/reply/333b6d22-65a3-4efc-b9ac-7effc2d393fd
-> GET /v1/api/iserver/account/orders
<- 200 GET /v1/api/iserver/account/orders
-> GET /v1/api/iserver/marketdata/history?conid=334909224&period=30d&bar=1d&outsideRth=false
<- 200 GET /v1/api/iserver/marketdata/history?conid=334909224&period=30d&bar=1d&outsideRth=false
-> GET /v1/api/iserver/marketdata/history?conid=334909224&period=30d&bar=1d&outsideRth=false
<- 200 GET /v1/api/iserver/marketdata/history?conid=334909224&period=30d&bar=1d&outsideRth=false
-> GET /v1/api/iserver/account/orders
<- 200 GET /v1/api/iserver/account/orders
-> request: /v1/api/tickle
-> GET /v1/api/tickle,200|60ms
-> GET /v1/api/portfolio/U5799398/positions/0?direction=a&period=1W&sort=position
<- 200 GET /v1/api/portfolio/U5799398/positions/0?direction=a&period=1W&sort=position
-> GET /v1/api/iserver/account/orders
<- 200 GET /v1/api/iserver/account/orders
-> GET /v1/api/iserver/account/orders
<- 200 GET /v1/api/iserver/account/orders
-> GET /v1/api/iserver/account/orders
<- 200 GET /v1/api/iserver/account/orders
-> request: /v1/api/tickle
-> GET /v1/api/tickle,200|57ms
-> request: /v1/api/tickle
-> GET /v1/api/tickle,200|54ms
-> POST /v1/api/tickle
<- 200 POST /v1/api/tickle
-> request: /sso/ping
-> GET /sso/ping,200|291ms
-> request: /v1/api/tickle
-> GET /v1/api/tickle,200|69ms
-> request: /v1/api/tickle
-> GET /v1/api/tickle,200|340ms
-> GET /v1/api/iserver/secdef/search?symbol=ALLE&secType=STK
<- 200 GET /v1/api/iserver/secdef/search?symbol=ALLE&secType=STK
-> GET /v1/api/portfolio/U5799398/summary
<- 200 GET /v1/api/portfolio/U5799398/summary
-> POST /v1/api/iserver/account/U5799398/orders
<- 200 POST /v1/api/iserver/account/U5799398/orders
-> request: /v1/api/tickle
-> GET /v1/api/tickle,200|64ms
-> request: /v1/api/tickle
-> GET /v1/api/tickle,200|70ms
-> GET /v1/api/iserver/secdef/search?symbol=ALLE&secType=STK
<- 200 GET /v1/api/iserver/secdef/search?symbol=ALLE&secType=STK
-> GET /v1/api/portfolio/U5799398/summary
<- 200 GET /v1/api/portfolio/U5799398/summary
-> POST /v1/api/iserver/account/U5799398/orders
<- 200 POST /v1/api/iserver/account/U5799398/orders
-> request: /v1/api/tickle
-> GET /v1/api/tickle,200|58ms
-> request: /v1/api/tickle
-> GET /v1/api/tickle,200|64ms
-> POST /v1/api/tickle
<- 200 POST /v1/api/tickle
-> request: /v1/api/tickle
-> GET /v1/api/tickle,200|76ms
-> request: /v1/api/tickle
-> GET /v1/api/tickle,200|221ms
-> GET /v1/api/iserver/secdef/search?symbol=ALLE&secType=STK
<- 200 GET /v1/api/iserver/secdef/search?symbol=ALLE&secType=STK
-> POST /v1/api/iserver/account/U5799398/orders
<- 200 POST /v1/api/iserver/account/U5799398/orders
-> POST /v1/api/iserver/reply/667cb526-4eb6-49a3-ba81-a69762f13a22
<- 200 POST /v1/api/iserver/reply/667cb526-4eb6-49a3-ba81-a69762f13a22
-> GET /v1/api/iserver/account/orders
<- 200 GET /v1/api/iserver/account/orders
-> request: /v1/api/tickle
-> GET /v1/api/tickle,200|63ms
-> GET /v1/api/iserver/account/orders
<- 200 GET /v1/api/iserver/account/orders
-> request: /v1/api/tickle
-> GET /v1/api/tickle,200|51ms
-> GET /v1/api/iserver/account/trades
<- 200 GET /v1/api/iserver/account/trades
-> GET /v1/api/iserver/account/trades
<- 200 GET /v1/api/iserver/account/trades
-> request: /sso/ping
-> GET /sso/ping,200|265ms
-> request: /v1/api/tickle
-> GET /v1/api/tickle,200|61ms
-> request: /v1/api/tickle
-> GET /v1/api/tickle,200|59ms
-> POST /v1/api/tickle
<- 200 POST /v1/api/tickle
-> request: /v1/api/tickle
-> GET /v1/api/tickle,200|60ms
-> request: /v1/api/tickle
-> GET /v1/api/tickle,200|61ms
-> request: /v1/api/tickle
-> GET /v1/api/tickle,200|56ms
-> request: /v1/api/tickle
-> GET /v1/api/tickle,200|74ms
-> request: /v1/api/tickle
-> GET /v1/api/tickle,200|63ms
-> request: /v1/api/tickle
-> GET /v1/api/tickle,200|58ms
-> POST /v1/api/tickle
<- 200 POST /v1/api/tickle
-> request: /v1/api/tickle
-> GET /v1/api/tickle,200|89ms
-> request: /v1/api/tickle
-> GET /v1/api/tickle,200|57ms
-> request: /sso/ping
-> GET /sso/ping,200|727ms
-> request: /v1/api/tickle
-> GET /v1/api/tickle,200|212ms
-> request: /v1/api/tickle
-> GET /v1/api/tickle,200|77ms
-> request: /v1/api/tickle
-> GET /v1/api/tickle,200|51ms
-> request: /v1/api/tickle
-> GET /v1/api/tickle,200|58ms
-> POST /v1/api/tickle
<- 200 POST /v1/api/tickle
-> request: /v1/api/tickle
-> GET /v1/api/tickle,200|55ms
-> request: /v1/api/tickle
-> GET /v1/api/tickle,200|316ms
-> request: /v1/api/tickle
-> GET /v1/api/tickle,200|317ms
-> request: /v1/api/tickle
-> GET /v1/api/tickle,200|65ms
-> request: /v1/api/tickle
-> GET /v1/api/tickle,200|309ms
-> request: /v1/api/tickle
-> GET /v1/api/tickle,200|215ms
-> POST /v1/api/tickle
<- 200 POST /v1/api/tickle
-> request: /sso/ping
-> GET /sso/ping,200|639ms
-> request: /v1/api/tickle
-> GET /v1/api/tickle,200|71ms
-> request: /v1/api/tickle
-> GET /v1/api/tickle,200|207ms
-> request: /v1/api/tickle
-> GET /v1/api/tickle,200|335ms
-> request: /v1/api/tickle
-> GET /v1/api/tickle,200|74ms
-> request: /v1/api/tickle
-> GET /v1/api/tickle,200|58ms
-> request: /v1/api/tickle
-> GET /v1/api/tickle,200|71ms
-> POST /v1/api/tickle
<- 200 POST /v1/api/tickle
-> request: /v1/api/tickle
-> GET /v1/api/tickle,200|57ms
-> request: /v1/api/tickle
-> GET /v1/api/tickle,200|222ms
-> request: /v1/api/tickle
-> GET /v1/api/tickle,200|57ms
-> request: /v1/api/tickle
-> GET /v1/api/tickle,200|51ms
-> request: /sso/ping
-> GET /sso/ping,200|315ms
-> request: /v1/api/tickle
-> GET /v1/api/tickle,200|56ms
-> request: /v1/api/tickle
-> GET /v1/api/tickle,200|77ms
-> POST /v1/api/tickle
<- 200 POST /v1/api/tickle
-> request: /v1/api/tickle
-> GET /v1/api/tickle,200|53ms
-> request: /v1/api/tickle
-> GET /v1/api/tickle,200|63ms
-> request: /v1/api/tickle
-> GET /v1/api/tickle,200|59ms
-> request: /v1/api/tickle
-> GET /v1/api/tickle,200|70ms
-> request: /v1/api/tickle
-> GET /v1/api/tickle,200|55ms
-> request: /v1/api/tickle
-> GET /v1/api/tickle,200|56ms
-> POST /v1/api/tickle
<- 200 POST /v1/api/tickle
-> request: /v1/api/tickle
-> GET /v1/api/tickle,200|63ms
-> request: /v1/api/tickle
-> GET /v1/api/tickle,200|317ms
-> request: /sso/ping
-> GET /sso/ping,200|348ms
-> request: /v1/api/tickle
-> GET /v1/api/tickle,200|60ms
-> request: /v1/api/tickle
-> GET /v1/api/tickle,200|57ms
-> request: /v1/api/tickle
-> GET /v1/api/tickle,200|397ms
-> request: /v1/api/tickle
-> GET /v1/api/tickle,200|57ms
-> request: /v1/api/tickle
-> GET /v1/api/tickle,200|61ms
-> request: /v1/api/tickle
-> GET /v1/api/tickle,200|67ms
-> request: /v1/api/tickle
-> GET /v1/api/tickle,200|62ms
-> request: /v1/api/tickle
-> GET /v1/api/tickle,200|97ms
-> request: /v1/api/tickle
-> GET /v1/api/tickle,200|51ms
-> request: /v1/api/tickle
-> GET /v1/api/tickle,200|59ms
-> request: /sso/ping
-> GET /sso/ping,200|288ms
-> request: /v1/api/tickle
-> GET /v1/api/tickle,200|215ms
-> request: /v1/api/tickle
-> GET /v1/api/tickle,200|323ms
-> request: /v1/api/tickle
-> GET /v1/api/tickle,200|60ms
-> request: /v1/api/tickle
-> GET /v1/api/tickle,200|220ms
-> request: /v1/api/tickle
-> GET /v1/api/tickle,200|70ms
-> request: /v1/api/tickle
-> GET /v1/api/tickle,200|118ms
-> request: /v1/api/tickle
-> GET /v1/api/tickle,200|71ms
-> request: /v1/api/tickle
-> GET /v1/api/tickle,200|64ms
-> request: /v1/api/tickle
-> GET /v1/api/tickle,200|62ms
-> request: /v1/api/tickle
-> GET /v1/api/tickle,200|75ms
-> request: /sso/ping
-> GET /sso/ping,200|491ms
-> request: /v1/api/tickle
-> GET /v1/api/tickle,200|334ms
-> request: /v1/api/tickle
-> GET /v1/api/tickle,200|70ms
-> request: /v1/api/tickle
-> GET /v1/api/tickle,200|56ms
-> request: /v1/api/tickle
-> GET /v1/api/tickle,200|61ms
-> GET /v1/api/iserver/secdef/search?symbol=LSCC&secType=STK
<- 200 GET /v1/api/iserver/secdef/search?symbol=LSCC&secType=STK
-> request: /v1/api/tickle
-> GET /v1/api/tickle,200|82ms
-> GET /v1/api/portfolio/U5799398/summary
<- 200 GET /v1/api/portfolio/U5799398/summary
-> GET /v1/api/iserver/account/orders
-> GET /v1/api/portfolio/U5799398/positions/0?direction=a&period=1W&sort=position
<- 200 GET /v1/api/iserver/account/orders
<- 200 GET /v1/api/portfolio/U5799398/positions/0?direction=a&period=1W&sort=position
-> GET /v1/api/iserver/secdef/search?symbol=LSCC&secType=STK
<- 200 GET /v1/api/iserver/secdef/search?symbol=LSCC&secType=STK
-> GET /v1/api/iserver/account/orders
<- 200 GET /v1/api/iserver/account/orders
-> GET /v1/api/portfolio/U5799398/summary
<- 200 GET /v1/api/portfolio/U5799398/summary
-> POST /v1/api/iserver/account/U5799398/orders
<- 200 POST /v1/api/iserver/account/U5799398/orders
-> POST /v1/api/iserver/reply/95eb6108-610b-41cd-943f-523bd2fff0b9
<- 200 POST /v1/api/iserver/reply/95eb6108-610b-41cd-943f-523bd2fff0b9
-> POST /v1/api/iserver/reply/cbfba60e-e237-43f5-a50e-11683cd42d55
<- 200 POST /v1/api/iserver/reply/cbfba60e-e237-43f5-a50e-11683cd42d55
-> POST /v1/api/iserver/reply/89a0f8b8-3418-4930-9508-0af5ef5e3398
<- 200 POST /v1/api/iserver/reply/89a0f8b8-3418-4930-9508-0af5ef5e3398
-> POST /v1/api/iserver/reply/973758e9-d4a5-4908-94a9-036107bb32fb
<- 200 POST /v1/api/iserver/reply/973758e9-d4a5-4908-94a9-036107bb32fb
-> POST /v1/api/iserver/reply/17c6f701-2d36-499f-91a3-7810b37a2993
<- 200 POST /v1/api/iserver/reply/17c6f701-2d36-499f-91a3-7810b37a2993
-> GET /v1/api/iserver/account/orders
<- 200 GET /v1/api/iserver/account/orders
-> GET /v1/api/iserver/marketdata/history?conid=271320&period=30d&bar=1d&outsideRth=false
<- 200 GET /v1/api/iserver/marketdata/history?conid=271320&period=30d&bar=1d&outsideRth=false
-> GET /v1/api/iserver/marketdata/history?conid=271320&period=30d&bar=1d&outsideRth=false
<- 200 GET /v1/api/iserver/marketdata/history?conid=271320&period=30d&bar=1d&outsideRth=false
-> GET /v1/api/iserver/account/orders
<- 200 GET /v1/api/iserver/account/orders
-> GET /v1/api/iserver/marketdata/history?conid=271320&period=30d&bar=1d&outsideRth=false
<- 200 GET /v1/api/iserver/marketdata/history?conid=271320&period=30d&bar=1d&outsideRth=false
-> GET /v1/api/iserver/marketdata/history?conid=271320&period=30d&bar=1d&outsideRth=false
<- 200 GET /v1/api/iserver/marketdata/history?conid=271320&period=30d&bar=1d&outsideRth=false
-> GET /v1/api/iserver/account/orders
<- 200 GET /v1/api/iserver/account/orders
-> GET /v1/api/iserver/account/orders
<- 200 GET /v1/api/iserver/account/orders
-> POST /v1/api/iserver/account/U5799398/order/286523793
<- 200 POST /v1/api/iserver/account/U5799398/order/286523793
-> GET /v1/api/iserver/account/orders
<- 200 GET /v1/api/iserver/account/orders
-> GET /v1/api/iserver/marketdata/history?conid=271320&period=30d&bar=1d&outsideRth=false
<- 200 GET /v1/api/iserver/marketdata/history?conid=271320&period=30d&bar=1d&outsideRth=false
-> GET /v1/api/iserver/marketdata/history?conid=271320&period=30d&bar=1d&outsideRth=false
<- 200 GET /v1/api/iserver/marketdata/history?conid=271320&period=30d&bar=1d&outsideRth=false
-> GET /v1/api/iserver/account/orders
<- 200 GET /v1/api/iserver/account/orders
-> request: /v1/api/tickle
-> GET /v1/api/tickle,200|58ms
-> request: /v1/api/tickle
-> GET /v1/api/tickle,200|66ms
-> request: /v1/api/tickle
-> GET /v1/api/tickle,200|59ms
-> request: /v1/api/tickle
-> GET /v1/api/tickle,200|277ms
-> GET /v1/api/portfolio/U5799398/summary
<- 200 GET /v1/api/portfolio/U5799398/summary
-> GET /v1/api/portfolio/U5799398/positions/0?direction=a&period=1W&sort=position
-> GET /v1/api/iserver/account/orders
<- 200 GET /v1/api/iserver/account/orders
-> request: /v1/api/tickle
-> GET /v1/api/tickle,200|72ms
<- 200 GET /v1/api/portfolio/U5799398/positions/0?direction=a&period=1W&sort=position
-> GET /v1/api/iserver/secdef/search?symbol=AUPH&secType=STK
<- 200 GET /v1/api/iserver/secdef/search?symbol=AUPH&secType=STK
-> GET /v1/api/iserver/account/orders
<- 200 GET /v1/api/iserver/account/orders
-> GET /v1/api/iserver/marketdata/history?conid=165642013&period=30d&bar=1d&outsideRth=false
<- 200 GET /v1/api/iserver/marketdata/history?conid=165642013&period=30d&bar=1d&outsideRth=false
-> GET /v1/api/iserver/marketdata/history?conid=165642013&period=30d&bar=1d&outsideRth=false
<- 200 GET /v1/api/iserver/marketdata/history?conid=165642013&period=30d&bar=1d&outsideRth=false
-> POST /v1/api/iserver/reply/null
<- 400 POST /v1/api/iserver/reply/null
-> POST /v1/api/iserver/reply/null
<- 400 POST /v1/api/iserver/reply/null
-> POST /v1/api/iserver/reply/null
<- 400 POST /v1/api/iserver/reply/null
-> POST /v1/api/iserver/reply/null
<- 400 POST /v1/api/iserver/reply/null
-> POST /v1/api/iserver/reply/null
<- 400 POST /v1/api/iserver/reply/null
-> POST /v1/api/iserver/reply/null
<- 400 POST /v1/api/iserver/reply/null
-> POST /v1/api/iserver/reply/null
<- 400 POST /v1/api/iserver/reply/null
-> POST /v1/api/iserver/reply/null
<- 400 POST /v1/api/iserver/reply/null
-> POST /v1/api/iserver/reply/null
<- 400 POST /v1/api/iserver/reply/null
-> request: /sso/ping
-> GET /sso/ping,200|302ms
-> request: /v1/api/tickle
-> GET /v1/api/tickle,200|75ms
-> GET /v1/api/iserver/account/orders
<- 200 GET /v1/api/iserver/account/orders
-> GET /v1/api/iserver/marketdata/history?conid=165642013&period=30d&bar=1d&outsideRth=false
<- 200 GET /v1/api/iserver/marketdata/history?conid=165642013&period=30d&bar=1d&outsideRth=false
-> GET /v1/api/iserver/marketdata/history?conid=165642013&period=30d&bar=1d&outsideRth=false
<- 200 GET /v1/api/iserver/marketdata/history?conid=165642013&period=30d&bar=1d&outsideRth=false
-> GET /v1/api/iserver/account/orders
<- 200 GET /v1/api/iserver/account/orders
-> GET /v1/api/iserver/account/orders
<- 200 GET /v1/api/iserver/account/orders
-> POST /v1/api/iserver/account/U5799398/order/93845087
<- 200 POST /v1/api/iserver/account/U5799398/order/93845087
-> POST /v1/api/iserver/reply/983b76e4-2a69-4aef-bdb9-63436d20b515
<- 200 POST /v1/api/iserver/reply/983b76e4-2a69-4aef-bdb9-63436d20b515
-> GET /v1/api/iserver/account/orders
<- 200 GET /v1/api/iserver/account/orders
-> GET /v1/api/iserver/marketdata/history?conid=165642013&period=30d&bar=1d&outsideRth=false
<- 200 GET /v1/api/iserver/marketdata/history?conid=165642013&period=30d&bar=1d&outsideRth=false
-> GET /v1/api/iserver/marketdata/history?conid=165642013&period=30d&bar=1d&outsideRth=false
<- 200 GET /v1/api/iserver/marketdata/history?conid=165642013&period=30d&bar=1d&outsideRth=false
-> GET /v1/api/iserver/account/orders
<- 200 GET /v1/api/iserver/account/orders
-> request: /v1/api/tickle
-> GET /v1/api/tickle,200|269ms
-> request: /v1/api/tickle
-> GET /v1/api/tickle,200|82ms
-> request: /v1/api/tickle
-> GET /v1/api/tickle,200|142ms
-> request: /v1/api/tickle
-> GET /v1/api/tickle,200|164ms
-> request: /v1/api/tickle
-> GET /v1/api/tickle,200|255ms
-> GET /v1/api/iserver/secdef/search?symbol=SKYT&secType=STK
<- 200 GET /v1/api/iserver/secdef/search?symbol=SKYT&secType=STK
-> request: /v1/api/tickle
-> GET /v1/api/tickle,200|65ms
-> GET /v1/api/portfolio/U5799398/summary
<- 200 GET /v1/api/portfolio/U5799398/summary
-> GET /v1/api/iserver/account/orders
-> GET /v1/api/portfolio/U5799398/positions/0?direction=a&period=1W&sort=position
<- 200 GET /v1/api/iserver/account/orders
<- 200 GET /v1/api/portfolio/U5799398/positions/0?direction=a&period=1W&sort=position
-> GET /v1/api/iserver/secdef/search?symbol=SKYT&secType=STK
<- 200 GET /v1/api/iserver/secdef/search?symbol=SKYT&secType=STK
-> GET /v1/api/iserver/account/orders
<- 200 GET /v1/api/iserver/account/orders
-> GET /v1/api/portfolio/U5799398/summary
<- 200 GET /v1/api/portfolio/U5799398/summary
-> POST /v1/api/iserver/account/U5799398/orders
<- 200 POST /v1/api/iserver/account/U5799398/orders
-> POST /v1/api/iserver/reply/d3efb0a7-2daf-4310-b9d9-7538013658bb
<- 200 POST /v1/api/iserver/reply/d3efb0a7-2daf-4310-b9d9-7538013658bb
-> POST /v1/api/iserver/reply/ca3e98fe-1c4e-484e-88ff-2a9e07056672
<- 200 POST /v1/api/iserver/reply/ca3e98fe-1c4e-484e-88ff-2a9e07056672
-> POST /v1/api/iserver/reply/99ff9fbf-2fbc-40d6-9d99-7966d0d6da5a
<- 200 POST /v1/api/iserver/reply/99ff9fbf-2fbc-40d6-9d99-7966d0d6da5a
-> POST /v1/api/iserver/reply/21208078-fa01-4942-afad-b4ed31f72d87
<- 200 POST /v1/api/iserver/reply/21208078-fa01-4942-afad-b4ed31f72d87
-> POST /v1/api/iserver/reply/61ea12d0-1551-4bad-bd76-831a9812e9f2
<- 200 POST /v1/api/iserver/reply/61ea12d0-1551-4bad-bd76-831a9812e9f2
-> GET /v1/api/iserver/account/orders
<- 200 GET /v1/api/iserver/account/orders
-> GET /v1/api/iserver/marketdata/history?conid=482880559&period=30d&bar=1d&outsideRth=false
<- 200 GET /v1/api/iserver/marketdata/history?conid=482880559&period=30d&bar=1d&outsideRth=false
-> GET /v1/api/iserver/marketdata/history?conid=482880559&period=30d&bar=1d&outsideRth=false
<- 200 GET /v1/api/iserver/marketdata/history?conid=482880559&period=30d&bar=1d&outsideRth=false
-> GET /v1/api/iserver/account/orders
<- 200 GET /v1/api/iserver/account/orders
-> GET /v1/api/iserver/marketdata/history?conid=482880559&period=30d&bar=1d&outsideRth=false
<- 200 GET /v1/api/iserver/marketdata/history?conid=482880559&period=30d&bar=1d&outsideRth=false
-> GET /v1/api/iserver/marketdata/history?conid=482880559&period=30d&bar=1d&outsideRth=false
<- 200 GET /v1/api/iserver/marketdata/history?conid=482880559&period=30d&bar=1d&outsideRth=false
-> request: /v1/api/tickle
-> GET /v1/api/tickle,200|110ms
-> GET /v1/api/iserver/account/orders
<- 200 GET /v1/api/iserver/account/orders
-> GET /v1/api/iserver/account/orders
<- 200 GET /v1/api/iserver/account/orders
-> POST /v1/api/iserver/account/U5799398/order/286523796
<- 200 POST /v1/api/iserver/account/U5799398/order/286523796
-> GET /v1/api/iserver/account/orders
<- 200 GET /v1/api/iserver/account/orders
-> GET /v1/api/iserver/marketdata/history?conid=482880559&period=30d&bar=1d&outsideRth=false
<- 200 GET /v1/api/iserver/marketdata/history?conid=482880559&period=30d&bar=1d&outsideRth=false
-> GET /v1/api/iserver/marketdata/history?conid=482880559&period=30d&bar=1d&outsideRth=false
<- 200 GET /v1/api/iserver/marketdata/history?conid=482880559&period=30d&bar=1d&outsideRth=false
-> GET /v1/api/iserver/account/orders
<- 200 GET /v1/api/iserver/account/orders
-> request: /v1/api/tickle
-> GET /v1/api/tickle,200|72ms
-> request: /v1/api/tickle
-> GET /v1/api/tickle,200|91ms
-> request: /sso/ping
-> GET /sso/ping,200|306ms
-> request: /v1/api/tickle
-> GET /v1/api/tickle,200|90ms
-> request: /v1/api/tickle
-> GET /v1/api/tickle,200|75ms
-> request: /v1/api/tickle
-> GET /v1/api/tickle,200|90ms
-> request: /v1/api/tickle
-> GET /v1/api/tickle,200|146ms
-> GET /v1/api/portfolio/U5799398/summary
<- 200 GET /v1/api/portfolio/U5799398/summary
-> GET /v1/api/portfolio/U5799398/positions/0?direction=a&period=1W&sort=position
-> GET /v1/api/iserver/account/orders
<- 200 GET /v1/api/iserver/account/orders
<- 200 GET /v1/api/portfolio/U5799398/positions/0?direction=a&period=1W&sort=position
-> GET /v1/api/iserver/secdef/search?symbol=ECG&secType=STK
<- 200 GET /v1/api/iserver/secdef/search?symbol=ECG&secType=STK
-> GET /v1/api/iserver/account/orders
<- 200 GET /v1/api/iserver/account/orders
-> GET /v1/api/portfolio/U5799398/summary
<- 200 GET /v1/api/portfolio/U5799398/summary
-> POST /v1/api/iserver/account/U5799398/orders
<- 200 POST /v1/api/iserver/account/U5799398/orders
-> POST /v1/api/iserver/reply/12ec99ea-e73e-4fa4-b166-6be6c3553994
<- 200 POST /v1/api/iserver/reply/12ec99ea-e73e-4fa4-b166-6be6c3553994
-> POST /v1/api/iserver/reply/e6d533e3-13ef-4fcc-9697-d0206fd45372
<- 200 POST /v1/api/iserver/reply/e6d533e3-13ef-4fcc-9697-d0206fd45372
-> POST /v1/api/iserver/reply/fdc4b9dc-9391-4055-9937-99152b489101
<- 200 POST /v1/api/iserver/reply/fdc4b9dc-9391-4055-9937-99152b489101
-> POST /v1/api/iserver/reply/1d98fe3e-7dbd-46b1-a0f3-c192ed66896e
<- 200 POST /v1/api/iserver/reply/1d98fe3e-7dbd-46b1-a0f3-c192ed66896e
-> POST /v1/api/iserver/reply/f7794b0d-28bb-4f51-a057-ffa91cb5556d
<- 200 POST /v1/api/iserver/reply/f7794b0d-28bb-4f51-a057-ffa91cb5556d
-> GET /v1/api/iserver/account/orders
<- 200 GET /v1/api/iserver/account/orders
-> GET /v1/api/iserver/marketdata/history?conid=737178111&period=30d&bar=1d&outsideRth=false
<- 200 GET /v1/api/iserver/marketdata/history?conid=737178111&period=30d&bar=1d&outsideRth=false
-> GET /v1/api/iserver/marketdata/history?conid=737178111&period=30d&bar=1d&outsideRth=false
<- 200 GET /v1/api/iserver/marketdata/history?conid=737178111&period=30d&bar=1d&outsideRth=false
-> request: /v1/api/tickle
-> GET /v1/api/tickle,200|239ms
-> GET /v1/api/iserver/account/orders
<- 200 GET /v1/api/iserver/account/orders
-> GET /v1/api/iserver/marketdata/history?conid=737178111&period=30d&bar=1d&outsideRth=false
<- 200 GET /v1/api/iserver/marketdata/history?conid=737178111&period=30d&bar=1d&outsideRth=false
-> GET /v1/api/iserver/marketdata/history?conid=737178111&period=30d&bar=1d&outsideRth=false
<- 200 GET /v1/api/iserver/marketdata/history?conid=737178111&period=30d&bar=1d&outsideRth=false
-> GET /v1/api/iserver/account/orders
<- 200 GET /v1/api/iserver/account/orders
-> GET /v1/api/iserver/account/orders
<- 200 GET /v1/api/iserver/account/orders
-> POST /v1/api/iserver/account/U5799398/order/286523799
<- 200 POST /v1/api/iserver/account/U5799398/order/286523799
-> GET /v1/api/iserver/account/orders
<- 200 GET /v1/api/iserver/account/orders
-> GET /v1/api/iserver/marketdata/history?conid=737178111&period=30d&bar=1d&outsideRth=false
<- 200 GET /v1/api/iserver/marketdata/history?conid=737178111&period=30d&bar=1d&outsideRth=false
-> GET /v1/api/iserver/marketdata/history?conid=737178111&period=30d&bar=1d&outsideRth=false
<- 200 GET /v1/api/iserver/marketdata/history?conid=737178111&period=30d&bar=1d&outsideRth=false
-> GET /v1/api/iserver/account/orders
<- 200 GET /v1/api/iserver/account/orders
-> request: /v1/api/tickle
-> GET /v1/api/tickle,200|272ms
-> request: /v1/api/tickle
-> GET /v1/api/tickle,200|162ms
-> request: /v1/api/tickle
-> GET /v1/api/tickle,200|65ms
-> request: /v1/api/tickle
-> GET /v1/api/tickle,200|184ms
-> request: /v1/api/tickle
-> GET /v1/api/tickle,200|67ms
-> request: /sso/ping
-> GET /sso/ping,200|293ms
-> request: /v1/api/tickle
-> GET /v1/api/tickle,200|69ms
-> request: /v1/api/tickle
-> GET /v1/api/tickle,200|352ms
-> request: /v1/api/tickle
-> GET /v1/api/tickle,200|110ms
-> request: /v1/api/tickle
-> GET /v1/api/tickle,200|80ms
-> request: /v1/api/tickle
-> GET /v1/api/tickle,200|140ms
-> request: /v1/api/tickle
-> GET /v1/api/tickle,200|255ms
-> request: /v1/api/tickle
-> GET /v1/api/tickle,200|80ms
-> request: /v1/api/tickle
-> GET /v1/api/tickle,200|73ms
-> request: /v1/api/tickle
-> GET /v1/api/tickle,200|63ms
-> request: /v1/api/tickle
-> GET /v1/api/tickle,200|225ms
-> request: /sso/ping
-> GET /sso/ping,200|310ms
-> request: /v1/api/tickle
-> GET /v1/api/tickle,200|86ms
-> request: /v1/api/tickle
-> GET /v1/api/tickle,200|54ms
-> request: /v1/api/tickle
-> GET /v1/api/tickle,200|220ms
-> request: /v1/api/tickle
-> GET /v1/api/tickle,200|67ms
-> request: /v1/api/tickle
-> GET /v1/api/tickle,200|81ms
-> request: /v1/api/tickle
-> GET /v1/api/tickle,200|317ms
-> request: /v1/api/tickle
-> GET /v1/api/tickle,200|321ms
-> request: /v1/api/tickle
-> GET /v1/api/tickle,200|59ms
-> request: /v1/api/tickle
-> GET /v1/api/tickle,200|299ms
-> request: /v1/api/tickle
-> GET /v1/api/tickle,200|89ms
-> request: /sso/ping
-> GET /sso/ping,200|298ms
-> request: /v1/api/tickle
-> GET /v1/api/tickle,200|130ms
-> request: /v1/api/tickle
-> GET /v1/api/tickle,200|309ms
-> request: /v1/api/tickle
-> GET /v1/api/tickle,200|66ms
-> request: /v1/api/tickle
-> GET /v1/api/tickle,200|379ms
-> GET /v1/api/iserver/secdef/search?symbol=NPKI&secType=STK
<- 200 GET /v1/api/iserver/secdef/search?symbol=NPKI&secType=STK
-> request: /v1/api/tickle
-> GET /v1/api/tickle,200|77ms
-> GET /v1/api/portfolio/U5799398/summary
<- 200 GET /v1/api/portfolio/U5799398/summary
-> GET /v1/api/iserver/account/orders
-> GET /v1/api/portfolio/U5799398/positions/0?direction=a&period=1W&sort=position
<- 200 GET /v1/api/iserver/account/orders
<- 200 GET /v1/api/portfolio/U5799398/positions/0?direction=a&period=1W&sort=position
-> GET /v1/api/iserver/secdef/search?symbol=NPKI&secType=STK
<- 200 GET /v1/api/iserver/secdef/search?symbol=NPKI&secType=STK
-> GET /v1/api/iserver/account/orders
<- 200 GET /v1/api/iserver/account/orders
-> GET /v1/api/portfolio/U5799398/summary
<- 200 GET /v1/api/portfolio/U5799398/summary
-> POST /v1/api/iserver/account/U5799398/orders
<- 200 POST /v1/api/iserver/account/U5799398/orders
-> POST /v1/api/iserver/reply/634bad00-b9ac-40e4-8203-1d5d4bf98daf
<- 200 POST /v1/api/iserver/reply/634bad00-b9ac-40e4-8203-1d5d4bf98daf
-> POST /v1/api/iserver/reply/531deff5-1ffc-42fb-85a1-2843033dd948
<- 200 POST /v1/api/iserver/reply/531deff5-1ffc-42fb-85a1-2843033dd948
-> POST /v1/api/iserver/reply/31c570aa-7b87-431d-8adb-81021e0a3ba6
<- 200 POST /v1/api/iserver/reply/31c570aa-7b87-431d-8adb-81021e0a3ba6
-> POST /v1/api/iserver/reply/bc038d8b-e9c6-4dad-a6f8-2d0a569a383e
<- 200 POST /v1/api/iserver/reply/bc038d8b-e9c6-4dad-a6f8-2d0a569a383e
-> POST /v1/api/iserver/reply/c28952ba-cae3-4722-bc38-4abfa3173568
<- 200 POST /v1/api/iserver/reply/c28952ba-cae3-4722-bc38-4abfa3173568
-> GET /v1/api/iserver/account/orders
<- 200 GET /v1/api/iserver/account/orders
-> GET /v1/api/iserver/marketdata/history?conid=272475&period=30d&bar=1d&outsideRth=false
<- 200 GET /v1/api/iserver/marketdata/history?conid=272475&period=30d&bar=1d&outsideRth=false
-> GET /v1/api/iserver/marketdata/history?conid=272475&period=30d&bar=1d&outsideRth=false
<- 200 GET /v1/api/iserver/marketdata/history?conid=272475&period=30d&bar=1d&outsideRth=false
-> request: /v1/api/tickle
-> GET /v1/api/tickle,200|64ms
-> GET /v1/api/iserver/account/orders
<- 200 GET /v1/api/iserver/account/orders
-> GET /v1/api/iserver/marketdata/history?conid=272475&period=30d&bar=1d&outsideRth=false
<- 200 GET /v1/api/iserver/marketdata/history?conid=272475&period=30d&bar=1d&outsideRth=false
-> GET /v1/api/iserver/marketdata/history?conid=272475&period=30d&bar=1d&outsideRth=false
<- 200 GET /v1/api/iserver/marketdata/history?conid=272475&period=30d&bar=1d&outsideRth=false
-> GET /v1/api/iserver/account/orders
<- 200 GET /v1/api/iserver/account/orders
-> GET /v1/api/iserver/account/orders
<- 200 GET /v1/api/iserver/account/orders
-> POST /v1/api/iserver/account/U5799398/order/286523802
<- 200 POST /v1/api/iserver/account/U5799398/order/286523802
-> GET /v1/api/iserver/account/orders
<- 200 GET /v1/api/iserver/account/orders
-> GET /v1/api/iserver/marketdata/history?conid=272475&period=30d&bar=1d&outsideRth=false
<- 200 GET /v1/api/iserver/marketdata/history?conid=272475&period=30d&bar=1d&outsideRth=false
-> GET /v1/api/iserver/marketdata/history?conid=272475&period=30d&bar=1d&outsideRth=false
<- 200 GET /v1/api/iserver/marketdata/history?conid=272475&period=30d&bar=1d&outsideRth=false
-> GET /v1/api/iserver/account/orders
<- 200 GET /v1/api/iserver/account/orders
-> request: /v1/api/tickle
-> GET /v1/api/tickle,200|64ms
-> request: /v1/api/tickle
-> GET /v1/api/tickle,200|64ms
-> request: /v1/api/tickle
-> GET /v1/api/tickle,200|71ms
-> request: /v1/api/tickle
-> GET /v1/api/tickle,200|65ms
-> request: /sso/ping
-> GET /sso/ping,200|344ms
-> request: /v1/api/tickle
-> GET /v1/api/tickle,200|84ms
-> request: /v1/api/tickle
-> GET /v1/api/tickle,200|126ms
-> request: /v1/api/tickle
-> GET /v1/api/tickle,200|65ms
-> request: /v1/api/tickle
-> GET /v1/api/tickle,200|89ms
-> request: /v1/api/tickle
-> GET /v1/api/tickle,200|75ms
-> request: /v1/api/tickle
-> GET /v1/api/tickle,200|358ms
-> request: /v1/api/tickle
-> GET /v1/api/tickle,200|63ms
-> request: /v1/api/tickle
-> GET /v1/api/tickle,200|250ms
-> request: /v1/api/tickle
-> GET /v1/api/tickle,200|79ms
-> request: /v1/api/tickle
-> GET /v1/api/tickle,200|269ms
-> request: /sso/ping
-> GET /sso/ping,200|272ms
-> request: /v1/api/tickle
-> GET /v1/api/tickle,200|98ms
-> request: /v1/api/tickle
-> GET /v1/api/tickle,200|56ms
-> request: /v1/api/tickle
-> GET /v1/api/tickle,200|297ms
-> GET /v1/api/portfolio/U5799398/summary
<- 200 GET /v1/api/portfolio/U5799398/summary
-> GET /v1/api/iserver/account/orders
-> GET /v1/api/portfolio/U5799398/positions/0?direction=a&period=1W&sort=position
<- 200 GET /v1/api/iserver/account/orders
<- 200 GET /v1/api/portfolio/U5799398/positions/0?direction=a&period=1W&sort=position
-> request: /v1/api/tickle
-> GET /v1/api/tickle,200|67ms
-> GET /v1/api/iserver/secdef/search?symbol=CLS&secType=STK
<- 200 GET /v1/api/iserver/secdef/search?symbol=CLS&secType=STK
-> GET /v1/api/iserver/account/orders
<- 200 GET /v1/api/iserver/account/orders
-> GET /v1/api/portfolio/U5799398/summary
<- 200 GET /v1/api/portfolio/U5799398/summary
-> POST /v1/api/iserver/account/U5799398/orders
<- 200 POST /v1/api/iserver/account/U5799398/orders
-> POST /v1/api/iserver/reply/ff9f90fa-33e7-425f-82f3-ef71d1309a71
<- 200 POST /v1/api/iserver/reply/ff9f90fa-33e7-425f-82f3-ef71d1309a71
-> POST /v1/api/iserver/reply/602f4373-aa13-4725-b6eb-bdb85d002ae8
<- 200 POST /v1/api/iserver/reply/602f4373-aa13-4725-b6eb-bdb85d002ae8
-> POST /v1/api/iserver/reply/49b79e3c-1b87-4d7b-92f6-5448d56340fe
<- 200 POST /v1/api/iserver/reply/49b79e3c-1b87-4d7b-92f6-5448d56340fe
-> POST /v1/api/iserver/reply/35d69cff-d540-43ea-a129-6e32723c4e65
<- 200 POST /v1/api/iserver/reply/35d69cff-d540-43ea-a129-6e32723c4e65
-> POST /v1/api/iserver/reply/a43dbe51-23e9-4e4d-a436-d2652a77978d
<- 200 POST /v1/api/iserver/reply/a43dbe51-23e9-4e4d-a436-d2652a77978d
-> POST /v1/api/iserver/reply/9946c277-e2c5-40ea-90c7-14cb7c8a24a5
<- 200 POST /v1/api/iserver/reply/9946c277-e2c5-40ea-90c7-14cb7c8a24a5
-> GET /v1/api/iserver/account/orders
<- 200 GET /v1/api/iserver/account/orders
-> GET /v1/api/iserver/marketdata/history?conid=695996615&period=30d&bar=1d&outsideRth=false
<- 200 GET /v1/api/iserver/marketdata/history?conid=695996615&period=30d&bar=1d&outsideRth=false
-> GET /v1/api/iserver/marketdata/history?conid=695996615&period=30d&bar=1d&outsideRth=false
<- 200 GET /v1/api/iserver/marketdata/history?conid=695996615&period=30d&bar=1d&outsideRth=false
-> request: /v1/api/tickle
-> GET /v1/api/tickle,200|82ms
-> request: /v1/api/tickle
-> GET /v1/api/tickle,200|84ms
-> GET /v1/api/iserver/account/orders
<- 200 GET /v1/api/iserver/account/orders
-> GET /v1/api/iserver/marketdata/history?conid=695996615&period=30d&bar=1d&outsideRth=false
<- 200 GET /v1/api/iserver/marketdata/history?conid=695996615&period=30d&bar=1d&outsideRth=false
-> GET /v1/api/iserver/marketdata/history?conid=695996615&period=30d&bar=1d&outsideRth=false
<- 200 GET /v1/api/iserver/marketdata/history?conid=695996615&period=30d&bar=1d&outsideRth=false
-> GET /v1/api/iserver/account/orders
<- 200 GET /v1/api/iserver/account/orders
-> GET /v1/api/iserver/account/orders
<- 200 GET /v1/api/iserver/account/orders
-> POST /v1/api/iserver/account/U5799398/order/286523944
<- 200 POST /v1/api/iserver/account/U5799398/order/286523944
-> GET /v1/api/iserver/account/orders
<- 200 GET /v1/api/iserver/account/orders
-> GET /v1/api/iserver/marketdata/history?conid=695996615&period=30d&bar=1d&outsideRth=false
<- 200 GET /v1/api/iserver/marketdata/history?conid=695996615&period=30d&bar=1d&outsideRth=false
-> GET /v1/api/iserver/marketdata/history?conid=695996615&period=30d&bar=1d&outsideRth=false
<- 200 GET /v1/api/iserver/marketdata/history?conid=695996615&period=30d&bar=1d&outsideRth=false
-> GET /v1/api/iserver/account/orders
<- 200 GET /v1/api/iserver/account/orders
-> request: /v1/api/tickle
-> GET /v1/api/tickle,200|394ms
-> request: /v1/api/tickle
-> GET /v1/api/tickle,200|73ms
-> request: /v1/api/tickle
-> GET /v1/api/tickle,200|112ms
-> request: /v1/api/tickle
-> GET /v1/api/tickle,200|94ms
-> request: /sso/ping
-> GET /sso/ping,200|269ms
-> request: /v1/api/tickle
-> GET /v1/api/tickle,200|106ms
-> request: /v1/api/tickle
-> GET /v1/api/tickle,200|306ms
-> request: /v1/api/tickle
-> GET /v1/api/tickle,200|64ms
-> request: /v1/api/tickle
-> GET /v1/api/tickle,200|132ms
-> request: /v1/api/tickle
-> GET /v1/api/tickle,200|53ms
-> request: /v1/api/tickle
-> GET /v1/api/tickle,200|320ms
-> request: /v1/api/tickle
-> GET /v1/api/tickle,200|58ms
-> request: /v1/api/tickle
-> GET /v1/api/tickle,200|100ms
-> request: /v1/api/tickle
-> GET /v1/api/tickle,200|61ms
-> request: /v1/api/tickle
-> GET /v1/api/tickle,200|86ms
-> GET /v1/api/iserver/secdef/search?symbol=OII&secType=STK
<- 200 GET /v1/api/iserver/secdef/search?symbol=OII&secType=STK
-> request: /sso/ping
-> GET /sso/ping,200|375ms
-> request: /v1/api/tickle
-> GET /v1/api/tickle,200|171ms
-> GET /v1/api/portfolio/U5799398/summary
<- 200 GET /v1/api/portfolio/U5799398/summary
-> GET /v1/api/iserver/account/orders
-> GET /v1/api/portfolio/U5799398/positions/0?direction=a&period=1W&sort=position
<- 200 GET /v1/api/iserver/account/orders
<- 200 GET /v1/api/portfolio/U5799398/positions/0?direction=a&period=1W&sort=position
-> GET /v1/api/iserver/secdef/search?symbol=OII&secType=STK
<- 200 GET /v1/api/iserver/secdef/search?symbol=OII&secType=STK
-> GET /v1/api/iserver/account/orders
<- 200 GET /v1/api/iserver/account/orders
-> GET /v1/api/portfolio/U5799398/summary
<- 200 GET /v1/api/portfolio/U5799398/summary
-> POST /v1/api/iserver/account/U5799398/orders
<- 200 POST /v1/api/iserver/account/U5799398/orders
-> POST /v1/api/iserver/reply/f8df8b4f-3edb-4ef2-a7ca-fdfbb32fa373
<- 200 POST /v1/api/iserver/reply/f8df8b4f-3edb-4ef2-a7ca-fdfbb32fa373
-> POST /v1/api/iserver/reply/fe8aa94c-43c9-4d1d-838c-a60ad43f27c1
<- 200 POST /v1/api/iserver/reply/fe8aa94c-43c9-4d1d-838c-a60ad43f27c1
-> POST /v1/api/iserver/reply/b752ceed-cfba-46f7-be3a-eedf8adebf38
<- 200 POST /v1/api/iserver/reply/b752ceed-cfba-46f7-be3a-eedf8adebf38
-> POST /v1/api/iserver/reply/6592f530-cfe3-4811-9610-aba5c36d7688
<- 200 POST /v1/api/iserver/reply/6592f530-cfe3-4811-9610-aba5c36d7688
-> POST /v1/api/iserver/reply/eb59f5ca-8375-4f5a-ae74-00d597dd69bd
<- 200 POST /v1/api/iserver/reply/eb59f5ca-8375-4f5a-ae74-00d597dd69bd
-> POST /v1/api/iserver/reply/fcc2c802-0fe2-4782-ba74-b4b8498269e1
<- 200 POST /v1/api/iserver/reply/fcc2c802-0fe2-4782-ba74-b4b8498269e1
-> GET /v1/api/iserver/account/orders
<- 200 GET /v1/api/iserver/account/orders
-> GET /v1/api/iserver/marketdata/history?conid=10780&period=30d&bar=1d&outsideRth=false
<- 200 GET /v1/api/iserver/marketdata/history?conid=10780&period=30d&bar=1d&outsideRth=false
-> GET /v1/api/iserver/marketdata/history?conid=10780&period=30d&bar=1d&outsideRth=false
<- 200 GET /v1/api/iserver/marketdata/history?conid=10780&period=30d&bar=1d&outsideRth=false
-> request: /v1/api/tickle
-> GET /v1/api/tickle,200|99ms
-> GET /v1/api/iserver/account/orders
<- 200 GET /v1/api/iserver/account/orders
-> GET /v1/api/iserver/marketdata/history?conid=10780&period=30d&bar=1d&outsideRth=false
<- 200 GET /v1/api/iserver/marketdata/history?conid=10780&period=30d&bar=1d&outsideRth=false
-> GET /v1/api/iserver/marketdata/history?conid=10780&period=30d&bar=1d&outsideRth=false
<- 200 GET /v1/api/iserver/marketdata/history?conid=10780&period=30d&bar=1d&outsideRth=false
-> GET /v1/api/iserver/account/orders
<- 200 GET /v1/api/iserver/account/orders
-> GET /v1/api/iserver/account/orders
<- 200 GET /v1/api/iserver/account/orders
-> POST /v1/api/iserver/account/U5799398/order/286524226
<- 200 POST /v1/api/iserver/account/U5799398/order/286524226
-> GET /v1/api/iserver/account/orders
<- 200 GET /v1/api/iserver/account/orders
-> GET /v1/api/iserver/marketdata/history?conid=10780&period=30d&bar=1d&outsideRth=false
<- 200 GET /v1/api/iserver/marketdata/history?conid=10780&period=30d&bar=1d&outsideRth=false
-> GET /v1/api/iserver/marketdata/history?conid=10780&period=30d&bar=1d&outsideRth=false
<- 200 GET /v1/api/iserver/marketdata/history?conid=10780&period=30d&bar=1d&outsideRth=false
-> GET /v1/api/iserver/account/orders
<- 200 GET /v1/api/iserver/account/orders
-> GET /v1/api/iserver/account/orders
<- 200 GET /v1/api/iserver/account/orders
-> DELETE /v1/api/iserver/account/U5799398/order/286523800
<- 200 DELETE /v1/api/iserver/account/U5799398/order/286523800
-> DELETE /v1/api/iserver/account/U5799398/order/286523801
<- 400 DELETE /v1/api/iserver/account/U5799398/order/286523801
-> DELETE /v1/api/iserver/account/U5799398/order/286523802
<- 400 DELETE /v1/api/iserver/account/U5799398/order/286523802
-> request: /v1/api/tickle
-> GET /v1/api/tickle,200|67ms
-> request: /v1/api/tickle
-> GET /v1/api/tickle,200|128ms
-> request: /v1/api/tickle
-> GET /v1/api/tickle,200|307ms
-> request: /v1/api/tickle
-> GET /v1/api/tickle,200|85ms
-> request: /v1/api/tickle
-> GET /v1/api/tickle,200|89ms
-> request: /v1/api/tickle
-> GET /v1/api/tickle,200|111ms
-> request: /v1/api/tickle
-> GET /v1/api/tickle,200|265ms
-> request: /v1/api/tickle
-> GET /v1/api/tickle,200|57ms
-> request: /sso/ping
-> GET /sso/ping,200|326ms
-> request: /v1/api/tickle
-> GET /v1/api/tickle,200|69ms
-> request: /v1/api/tickle
-> GET /v1/api/tickle,200|87ms
-> request: /v1/api/tickle
-> GET /v1/api/tickle,200|64ms
-> request: /v1/api/tickle
-> GET /v1/api/tickle,200|85ms
-> request: /v1/api/tickle
-> GET /v1/api/tickle,200|93ms
-> request: /v1/api/tickle
-> GET /v1/api/tickle,200|217ms
-> request: /v1/api/tickle
-> GET /v1/api/tickle,200|63ms
-> request: /v1/api/tickle
-> GET /v1/api/tickle,200|81ms
-> request: /v1/api/tickle
-> GET /v1/api/tickle,200|57ms
-> request: /v1/api/tickle
-> GET /v1/api/tickle,200|137ms
-> request: /sso/ping
-> GET /sso/ping,200|278ms
-> request: /v1/api/tickle
-> GET /v1/api/tickle,200|71ms
-> request: /v1/api/tickle
-> GET /v1/api/tickle,200|58ms
-> request: /v1/api/tickle
-> GET /v1/api/tickle,200|612ms
-> request: /v1/api/tickle
-> GET /v1/api/tickle,200|82ms
-> request: /v1/api/tickle
-> GET /v1/api/tickle,200|313ms
-> request: /v1/api/tickle
-> GET /v1/api/tickle,200|88ms
-> request: /v1/api/tickle
-> GET /v1/api/tickle,200|63ms
-> request: /v1/api/tickle
-> GET /v1/api/tickle,200|61ms
-> request: /v1/api/tickle
-> GET /v1/api/tickle,200|426ms
-> request: /v1/api/tickle
-> GET /v1/api/tickle,200|63ms
-> request: /sso/ping
-> GET /sso/ping,200|288ms
-> request: /v1/api/tickle
-> GET /v1/api/tickle,200|96ms
-> request: /v1/api/tickle
-> GET /v1/api/tickle,200|65ms
-> request: /v1/api/tickle
-> GET /v1/api/tickle,200|60ms
-> request: /v1/api/tickle
-> GET /v1/api/tickle,200|442ms
-> request: /v1/api/tickle
-> GET /v1/api/tickle,200|58ms
-> request: /v1/api/tickle
-> GET /v1/api/tickle,200|88ms
-> request: /v1/api/tickle
-> GET /v1/api/tickle,200|91ms
-> request: /v1/api/tickle
-> GET /v1/api/tickle,200|249ms
-> request: /v1/api/tickle
-> GET /v1/api/tickle,200|62ms
-> request: /v1/api/tickle
-> GET /v1/api/tickle,200|68ms
-> GET /v1/api/iserver/secdef/search?symbol=RVMD&secType=STK
<- 200 GET /v1/api/iserver/secdef/search?symbol=RVMD&secType=STK
-> request: /sso/ping
-> GET /sso/ping,200|420ms
-> request: /v1/api/tickle
-> GET /v1/api/tickle,200|61ms
-> GET /v1/api/portfolio/U5799398/summary
<- 200 GET /v1/api/portfolio/U5799398/summary
-> GET /v1/api/iserver/account/orders
-> GET /v1/api/portfolio/U5799398/positions/0?direction=a&period=1W&sort=position
<- 200 GET /v1/api/iserver/account/orders
<- 200 GET /v1/api/portfolio/U5799398/positions/0?direction=a&period=1W&sort=position
-> request: /v1/api/tickle
-> GET /v1/api/tickle,200|78ms
-> GET /v1/api/iserver/secdef/search?symbol=RVMD&secType=STK
<- 200 GET /v1/api/iserver/secdef/search?symbol=RVMD&secType=STK
-> GET /v1/api/iserver/account/orders
<- 200 GET /v1/api/iserver/account/orders
-> GET /v1/api/portfolio/U5799398/summary
<- 200 GET /v1/api/portfolio/U5799398/summary
-> POST /v1/api/iserver/account/U5799398/orders
<- 200 POST /v1/api/iserver/account/U5799398/orders
-> POST /v1/api/iserver/reply/58840845-09c0-41ce-acd4-cfea6a617458
<- 200 POST /v1/api/iserver/reply/58840845-09c0-41ce-acd4-cfea6a617458
-> POST /v1/api/iserver/reply/b0907c87-f277-44ec-9b2a-b501a2188041
<- 200 POST /v1/api/iserver/reply/b0907c87-f277-44ec-9b2a-b501a2188041
-> POST /v1/api/iserver/reply/698c53dc-7765-458f-a006-a26f8ffa3365
<- 200 POST /v1/api/iserver/reply/698c53dc-7765-458f-a006-a26f8ffa3365
-> POST /v1/api/iserver/reply/83ccc145-8682-48c0-a979-6025aeeccc05
<- 200 POST /v1/api/iserver/reply/83ccc145-8682-48c0-a979-6025aeeccc05
-> POST /v1/api/iserver/reply/58a72a71-f150-46f8-9de8-f1883f174a02
<- 200 POST /v1/api/iserver/reply/58a72a71-f150-46f8-9de8-f1883f174a02
-> GET /v1/api/iserver/account/orders
<- 200 GET /v1/api/iserver/account/orders
-> GET /v1/api/iserver/marketdata/history?conid=403666731&period=30d&bar=1d&outsideRth=false
<- 200 GET /v1/api/iserver/marketdata/history?conid=403666731&period=30d&bar=1d&outsideRth=false
-> GET /v1/api/iserver/account/orders
<- 200 GET /v1/api/iserver/account/orders
-> GET /v1/api/iserver/marketdata/history?conid=403666731&period=30d&bar=1d&outsideRth=false
<- 200 GET /v1/api/iserver/marketdata/history?conid=403666731&period=30d&bar=1d&outsideRth=false
-> request: /v1/api/tickle
-> GET /v1/api/tickle,200|95ms
-> GET /v1/api/iserver/account/orders
<- 200 GET /v1/api/iserver/account/orders
-> GET /v1/api/iserver/account/orders
<- 200 GET /v1/api/iserver/account/orders
-> POST /v1/api/iserver/account/U5799398/order/286524229
<- 200 POST /v1/api/iserver/account/U5799398/order/286524229
-> GET /v1/api/iserver/account/orders
<- 200 GET /v1/api/iserver/account/orders
-> GET /v1/api/iserver/marketdata/history?conid=403666731&period=30d&bar=1d&outsideRth=false
<- 200 GET /v1/api/iserver/marketdata/history?conid=403666731&period=30d&bar=1d&outsideRth=false
-> GET /v1/api/iserver/account/orders
<- 200 GET /v1/api/iserver/account/orders
-> GET /v1/api/iserver/account/orders
<- 200 GET /v1/api/iserver/account/orders
-> GET /v1/api/iserver/marketdata/history?conid=403666731&period=30d&bar=1d&outsideRth=false
<- 200 GET /v1/api/iserver/marketdata/history?conid=403666731&period=30d&bar=1d&outsideRth=false
-> request: /v1/api/tickle
-> GET /v1/api/tickle,200|91ms
-> GET /v1/api/iserver/account/orders
<- 200 GET /v1/api/iserver/account/orders
-> GET /v1/api/iserver/account/orders
<- 200 GET /v1/api/iserver/account/orders
-> POST /v1/api/iserver/account/U5799398/order/286524228
<- 200 POST /v1/api/iserver/account/U5799398/order/286524228
-> POST /v1/api/iserver/reply/51b3cae7-350a-4828-8019-6443b3ef1481
<- 200 POST /v1/api/iserver/reply/51b3cae7-350a-4828-8019-6443b3ef1481
-> GET /v1/api/iserver/account/orders
<- 200 GET /v1/api/iserver/account/orders
-> GET /v1/api/iserver/marketdata/history?conid=403666731&period=30d&bar=1d&outsideRth=false
<- 200 GET /v1/api/iserver/marketdata/history?conid=403666731&period=30d&bar=1d&outsideRth=false
-> GET /v1/api/iserver/account/orders
<- 200 GET /v1/api/iserver/account/orders
-> request: /v1/api/tickle
-> GET /v1/api/tickle,200|70ms
-> request: /v1/api/tickle
-> GET /v1/api/tickle,200|59ms
-> request: /v1/api/tickle
-> GET /v1/api/tickle,200|77ms
-> request: /v1/api/tickle
-> GET /v1/api/tickle,200|236ms
-> GET /v1/api/iserver/secdef/search?symbol=DAVE&secType=STK
<- 200 GET /v1/api/iserver/secdef/search?symbol=DAVE&secType=STK
-> request: /v1/api/tickle
-> GET /v1/api/tickle,200|64ms
-> GET /v1/api/portfolio/U5799398/summary
<- 200 GET /v1/api/portfolio/U5799398/summary
-> GET /v1/api/iserver/account/orders
-> GET /v1/api/portfolio/U5799398/positions/0?direction=a&period=1W&sort=position
<- 200 GET /v1/api/iserver/account/orders
<- 200 GET /v1/api/portfolio/U5799398/positions/0?direction=a&period=1W&sort=position
-> GET /v1/api/iserver/secdef/search?symbol=DAVE&secType=STK
<- 200 GET /v1/api/iserver/secdef/search?symbol=DAVE&secType=STK
-> GET /v1/api/iserver/account/orders
<- 200 GET /v1/api/iserver/account/orders
-> GET /v1/api/portfolio/U5799398/summary
<- 200 GET /v1/api/portfolio/U5799398/summary
-> POST /v1/api/iserver/account/U5799398/orders
<- 200 POST /v1/api/iserver/account/U5799398/orders
-> POST /v1/api/iserver/reply/4d4cd983-303f-4fc2-8dd9-b6f6485a3809
<- 200 POST /v1/api/iserver/reply/4d4cd983-303f-4fc2-8dd9-b6f6485a3809
-> POST /v1/api/iserver/reply/3f5eb7f7-7c25-43bc-a1e5-25e6f4412727
<- 200 POST /v1/api/iserver/reply/3f5eb7f7-7c25-43bc-a1e5-25e6f4412727
-> POST /v1/api/iserver/reply/3ab6631c-eace-41e4-8321-985597604984
<- 200 POST /v1/api/iserver/reply/3ab6631c-eace-41e4-8321-985597604984
-> POST /v1/api/iserver/reply/c1c70142-8882-4305-8064-1faed52cd833
<- 200 POST /v1/api/iserver/reply/c1c70142-8882-4305-8064-1faed52cd833
-> POST /v1/api/iserver/reply/d8add454-3636-4360-bfc0-c168f7049295
<- 200 POST /v1/api/iserver/reply/d8add454-3636-4360-bfc0-c168f7049295
-> GET /v1/api/iserver/account/orders
<- 200 GET /v1/api/iserver/account/orders
-> GET /v1/api/iserver/marketdata/history?conid=606796369&period=30d&bar=1d&outsideRth=false
<- 200 GET /v1/api/iserver/marketdata/history?conid=606796369&period=30d&bar=1d&outsideRth=false
-> GET /v1/api/iserver/account/orders
<- 200 GET /v1/api/iserver/account/orders
-> GET /v1/api/iserver/marketdata/history?conid=606796369&period=30d&bar=1d&outsideRth=false
<- 200 GET /v1/api/iserver/marketdata/history?conid=606796369&period=30d&bar=1d&outsideRth=false
-> request: /v1/api/tickle
-> GET /v1/api/tickle,200|74ms
-> request: /sso/ping
-> GET /sso/ping,200|296ms
-> request: /v1/api/tickle
-> GET /v1/api/tickle,200|83ms
-> request: /v1/api/tickle
-> GET /v1/api/tickle,200|80ms
-> request: /v1/api/tickle
-> GET /v1/api/tickle,200|86ms
-> request: /v1/api/tickle
-> GET /v1/api/tickle,200|68ms
-> request: /v1/api/tickle
-> GET /v1/api/tickle,200|82ms
-> request: /v1/api/tickle
-> GET /v1/api/tickle,200|308ms
-> request: /v1/api/tickle
-> GET /v1/api/tickle,200|72ms
-> GET /v1/api/iserver/account/orders
<- 200 GET /v1/api/iserver/account/orders
-> GET /v1/api/iserver/account/orders
<- 200 GET /v1/api/iserver/account/orders
-> POST /v1/api/iserver/account/U5799398/order/103578322
<- 200 POST /v1/api/iserver/account/U5799398/order/103578322
-> POST /v1/api/iserver/reply/83e792df-6d99-41af-aeee-9148a0c1e976
<- 200 POST /v1/api/iserver/reply/83e792df-6d99-41af-aeee-9148a0c1e976
-> GET /v1/api/iserver/account/orders
<- 200 GET /v1/api/iserver/account/orders
-> GET /v1/api/iserver/marketdata/history?conid=11257&period=30d&bar=1d&outsideRth=false
<- 200 GET /v1/api/iserver/marketdata/history?conid=11257&period=30d&bar=1d&outsideRth=false
-> GET /v1/api/iserver/marketdata/history?conid=11257&period=30d&bar=1d&outsideRth=false
<- 200 GET /v1/api/iserver/marketdata/history?conid=11257&period=30d&bar=1d&outsideRth=false
-> GET /v1/api/iserver/account/orders
<- 200 GET /v1/api/iserver/account/orders
-> request: /v1/api/tickle
-> GET /v1/api/tickle,200|418ms
-> request: /v1/api/tickle
-> GET /v1/api/tickle,200|93ms
-> request: /v1/api/tickle
-> GET /v1/api/tickle,200|103ms
-> request: /sso/ping
-> GET /sso/ping,200|377ms
-> request: /v1/api/tickle
-> GET /v1/api/tickle,200|151ms
-> GET /v1/api/portfolio/U5799398/summary
<- 200 GET /v1/api/portfolio/U5799398/summary
-> GET /v1/api/iserver/account/orders
-> GET /v1/api/portfolio/U5799398/positions/0?direction=a&period=1W&sort=position
<- 200 GET /v1/api/iserver/account/orders
<- 200 GET /v1/api/portfolio/U5799398/positions/0?direction=a&period=1W&sort=position
-> GET /v1/api/iserver/secdef/search?symbol=ALLE&secType=STK
<- 200 GET /v1/api/iserver/secdef/search?symbol=ALLE&secType=STK
-> GET /v1/api/iserver/account/orders
<- 200 GET /v1/api/iserver/account/orders
-> GET /v1/api/portfolio/U5799398/summary
<- 200 GET /v1/api/portfolio/U5799398/summary
-> POST /v1/api/iserver/account/U5799398/orders
<- 200 POST /v1/api/iserver/account/U5799398/orders
-> POST /v1/api/iserver/reply/999fee70-79fb-4a10-8876-21b29d917978
<- 200 POST /v1/api/iserver/reply/999fee70-79fb-4a10-8876-21b29d917978
-> POST /v1/api/iserver/reply/a26e6904-8ea6-4ac6-a4ac-93b70dc5999e
<- 200 POST /v1/api/iserver/reply/a26e6904-8ea6-4ac6-a4ac-93b70dc5999e
-> POST /v1/api/iserver/reply/53cc2607-962e-4a76-81c1-c47fc54923bb
<- 200 POST /v1/api/iserver/reply/53cc2607-962e-4a76-81c1-c47fc54923bb
-> POST /v1/api/iserver/reply/82a0e1e6-68c8-419b-af41-718b69ebce61
<- 200 POST /v1/api/iserver/reply/82a0e1e6-68c8-419b-af41-718b69ebce61
-> POST /v1/api/iserver/reply/965dde03-591d-4ae5-b47c-5289a8919760
<- 200 POST /v1/api/iserver/reply/965dde03-591d-4ae5-b47c-5289a8919760
-> POST /v1/api/iserver/reply/c324a570-e183-46ef-89c4-80ee0dc1673a
<- 200 POST /v1/api/iserver/reply/c324a570-e183-46ef-89c4-80ee0dc1673a
-> GET /v1/api/iserver/account/orders
<- 200 GET /v1/api/iserver/account/orders
-> GET /v1/api/iserver/marketdata/history?conid=138438437&period=30d&bar=1d&outsideRth=false
<- 200 GET /v1/api/iserver/marketdata/history?conid=138438437&period=30d&bar=1d&outsideRth=false
-> GET /v1/api/iserver/account/orders
<- 200 GET /v1/api/iserver/account/orders
-> GET /v1/api/iserver/marketdata/history?conid=138438437&period=30d&bar=1d&outsideRth=false
<- 200 GET /v1/api/iserver/marketdata/history?conid=138438437&period=30d&bar=1d&outsideRth=false
-> request: /v1/api/tickle
-> GET /v1/api/tickle,200|104ms
-> GET /v1/api/iserver/account/orders
<- 200 GET /v1/api/iserver/account/orders
-> GET /v1/api/iserver/account/orders
<- 200 GET /v1/api/iserver/account/orders
-> POST /v1/api/iserver/account/U5799398/order/286524235
<- 200 POST /v1/api/iserver/account/U5799398/order/286524235
-> GET /v1/api/iserver/account/orders
<- 200 GET /v1/api/iserver/account/orders
-> GET /v1/api/iserver/marketdata/history?conid=138438437&period=30d&bar=1d&outsideRth=false
<- 200 GET /v1/api/iserver/marketdata/history?conid=138438437&period=30d&bar=1d&outsideRth=false
-> GET /v1/api/iserver/account/orders
<- 200 GET /v1/api/iserver/account/orders
-> request: /v1/api/tickle
-> GET /v1/api/tickle,200|67ms
-> request: /v1/api/tickle
-> GET /v1/api/tickle,200|338ms
-> request: /v1/api/tickle
-> GET /v1/api/tickle,200|85ms
-> request: /v1/api/tickle
-> GET /v1/api/tickle,200|215ms
-> request: /v1/api/tickle
-> GET /v1/api/tickle,200|68ms
-> request: /v1/api/tickle
-> GET /v1/api/tickle,200|138ms
-> request: /v1/api/tickle
-> GET /v1/api/tickle,200|66ms
-> request: /v1/api/tickle
-> GET /v1/api/tickle,200|89ms
-> request: /sso/ping
-> GET /sso/ping,200|519ms
-> request: /v1/api/tickle
-> GET /v1/api/tickle,200|81ms
-> request: /v1/api/tickle
-> GET /v1/api/tickle,200|80ms
-> request: /v1/api/tickle
-> GET /v1/api/tickle,200|164ms
-> GET /v1/api/iserver/account/orders
<- 200 GET /v1/api/iserver/account/orders
-> GET /v1/api/iserver/account/orders
<- 200 GET /v1/api/iserver/account/orders
-> POST /v1/api/iserver/account/U5799398/order/1848206539
<- 200 POST /v1/api/iserver/account/U5799398/order/1848206539
-> GET /v1/api/iserver/account/orders
<- 200 GET /v1/api/iserver/account/orders
-> GET /v1/api/iserver/marketdata/history?conid=334909224&period=30d&bar=1d&outsideRth=false
<- 200 GET /v1/api/iserver/marketdata/history?conid=334909224&period=30d&bar=1d&outsideRth=false
-> GET /v1/api/iserver/marketdata/history?conid=334909224&period=30d&bar=1d&outsideRth=false
<- 200 GET /v1/api/iserver/marketdata/history?conid=334909224&period=30d&bar=1d&outsideRth=false
-> GET /v1/api/iserver/account/orders
<- 200 GET /v1/api/iserver/account/orders
-> request: /v1/api/tickle
-> GET /v1/api/tickle,200|63ms
-> request: /v1/api/tickle
-> GET /v1/api/tickle,200|75ms
-> request: /v1/api/tickle
-> GET /v1/api/tickle,200|84ms
-> request: /v1/api/tickle
-> GET /v1/api/tickle,200|66ms
-> request: /v1/api/tickle
-> GET /v1/api/tickle,200|300ms
-> request: /v1/api/tickle
-> GET /v1/api/tickle,200|87ms
-> request: /v1/api/tickle
-> GET /v1/api/tickle,200|221ms
-> request: /sso/ping
-> GET /sso/ping,200|516ms
-> request: /v1/api/tickle
-> GET /v1/api/tickle,200|67ms
-> request: /v1/api/tickle
-> GET /v1/api/tickle,200|70ms
-> request: /v1/api/tickle
-> GET /v1/api/tickle,200|296ms
-> request: /v1/api/tickle
-> GET /v1/api/tickle,200|76ms
-> request: /v1/api/tickle
-> GET /v1/api/tickle,200|144ms
-> request: /v1/api/tickle
-> GET /v1/api/tickle,200|125ms
-> request: /v1/api/tickle
-> GET /v1/api/tickle,200|69ms
-> request: /v1/api/tickle
-> GET /v1/api/tickle,200|79ms
-> request: /v1/api/tickle
-> GET /v1/api/tickle,200|78ms
-> request: /v1/api/tickle
-> GET /v1/api/tickle,200|49ms
-> request: /sso/ping
-> GET /sso/ping,200|306ms
-> request: /v1/api/tickle
-> GET /v1/api/tickle,200|49ms
-> request: /v1/api/tickle
-> GET /v1/api/tickle,200|88ms
-> request: /v1/api/tickle
-> GET /v1/api/tickle,200|60ms
-> request: /v1/api/tickle
-> GET /v1/api/tickle,200|432ms
-> request: /v1/api/tickle
-> GET /v1/api/tickle,200|78ms
-> request: /v1/api/tickle
-> GET /v1/api/tickle,200|62ms
-> request: /v1/api/tickle
-> GET /v1/api/tickle,200|80ms
-> request: /v1/api/tickle
-> GET /v1/api/tickle,200|71ms
-> request: /v1/api/tickle
-> GET /v1/api/tickle,200|62ms
-> request: /v1/api/tickle
-> GET /v1/api/tickle,200|93ms
-> request: /sso/ping
-> GET /sso/ping,200|306ms
-> request: /v1/api/tickle
-> GET /v1/api/tickle,200|75ms
-> request: /v1/api/tickle
-> GET /v1/api/tickle,200|197ms
-> request: /v1/api/tickle
-> GET /v1/api/tickle,200|73ms
-> request: /v1/api/tickle
-> GET /v1/api/tickle,200|63ms
-> request: /v1/api/tickle
-> GET /v1/api/tickle,200|265ms
-> request: /v1/api/tickle
-> GET /v1/api/tickle,200|52ms
-> request: /v1/api/tickle
-> GET /v1/api/tickle,200|80ms
-> request: /v1/api/tickle
-> GET /v1/api/tickle,200|73ms
-> request: /v1/api/tickle
-> GET /v1/api/tickle,200|222ms
-> request: /v1/api/tickle
-> GET /v1/api/tickle,200|79ms
-> request: /sso/ping
-> GET /sso/ping,200|341ms
-> request: /v1/api/tickle
-> GET /v1/api/tickle,200|67ms
-> request: /v1/api/tickle
-> GET /v1/api/tickle,200|491ms
-> request: /v1/api/tickle
-> GET /v1/api/tickle,200|87ms
-> request: /v1/api/tickle
-> GET /v1/api/tickle,200|281ms
-> request: /v1/api/tickle
-> GET /v1/api/tickle,200|327ms
-> request: /v1/api/tickle
-> GET /v1/api/tickle,200|222ms
-> request: /v1/api/tickle
-> GET /v1/api/tickle,200|64ms
-> request: /v1/api/tickle
-> GET /v1/api/tickle,200|97ms
-> request: /v1/api/tickle
-> GET /v1/api/tickle,200|64ms
-> request: /v1/api/tickle
-> GET /v1/api/tickle,200|73ms
-> request: /sso/ping
-> GET /sso/ping,200|491ms
-> request: /v1/api/tickle
-> GET /v1/api/tickle,200|97ms
-> request: /v1/api/tickle
-> GET /v1/api/tickle,200|66ms
-> request: /v1/api/tickle
-> GET /v1/api/tickle,200|222ms
-> request: /v1/api/tickle
-> GET /v1/api/tickle,200|61ms
-> request: /v1/api/tickle
-> GET /v1/api/tickle,200|157ms
-> request: /v1/api/tickle
-> GET /v1/api/tickle,200|112ms
-> request: /v1/api/tickle
-> GET /v1/api/tickle,200|75ms
-> request: /v1/api/tickle
-> GET /v1/api/tickle,200|113ms
-> request: /v1/api/tickle
-> GET /v1/api/tickle,200|223ms
-> request: /v1/api/tickle
-> GET /v1/api/tickle,200|97ms
-> request: /sso/ping
-> GET /sso/ping,200|291ms
-> request: /v1/api/tickle
-> GET /v1/api/tickle,200|85ms
-> request: /v1/api/tickle
-> GET /v1/api/tickle,200|303ms
-> request: /v1/api/tickle
-> GET /v1/api/tickle,200|85ms
-> request: /v1/api/tickle
-> GET /v1/api/tickle,200|108ms
-> request: /v1/api/tickle
-> GET /v1/api/tickle,200|59ms
-> request: /v1/api/tickle
-> GET /v1/api/tickle,200|571ms
-> GET /v1/api/logout
<- 200 GET /v1/api/logout
-> GET /sso/Login?forwardTo=22&RL=1&ip2loc=US
<- 200 GET /sso/Login?forwardTo=22&RL=1&ip2loc=US
-> GET /css/bootstrap-5.2.2/bootstrap.min.css
-> GET /css/reg-am/login.min.css
-> GET /css/fontawesome-6.4.2/all.min.css
-> GET /css/ibkr/theme-ibkr-portal.min.css
-> GET /css/bootstrap-switch-3.3.2/bootstrap-switch.min.css
-> GET /scripts/common/js/jquery-3.7.0/jquery.min.js
<- 200 GET /css/bootstrap-5.2.2/bootstrap.min.css
-> GET /scripts/common/js/bootstrap-5.2.2/bootstrap.bundle.min.js
<- 200 GET /scripts/common/js/jquery-3.7.0/jquery.min.js
-> GET /sso/lib/xyz.bundle.min.js
<- 200 GET /css/reg-am/login.min.css
<- 200 GET /css/bootstrap-switch-3.3.2/bootstrap-switch.min.css
<- 200 GET /scripts/common/js/bootstrap-5.2.2/bootstrap.bundle.min.js
<- 200 GET /css/ibkr/theme-ibkr-portal.min.css
<- 200 GET /sso/lib/xyz.bundle.min.js
<- 200 GET /css/fontawesome-6.4.2/all.min.css
-> GET /images/common/logos/ibkr/interactive-brokers.svg
-> POST /sso/report
-> GET /fonts/proxima-nova/Proxima-Nova-Regular.woff2
-> GET /fonts/fontawesome-6.4.2/webfonts/fa-solid-900.woff2
-> POST /portal.proxy/v1/gstat/bulletins
<- 200 GET /fonts/fontawesome-6.4.2/webfonts/fa-solid-900.woff2
<- 200 GET /fonts/proxima-nova/Proxima-Nova-Regular.woff2
<- 200 GET /images/common/logos/ibkr/interactive-brokers.svg
-> GET /fonts/fontawesome-6.4.2/webfonts/fa-brands-400.woff2
<- 200 GET /fonts/fontawesome-6.4.2/webfonts/fa-brands-400.woff2
<- 204 POST /portal.proxy/v1/gstat/bulletins
-> GET /images/web/favicons/home-screen-icon-128x128.png
<- 200 GET /images/web/favicons/home-screen-icon-128x128.png
<- 200 POST /sso/report
-> POST /sso/Authenticator
<- 200 POST /sso/Authenticator
-> POST /sso/Authenticator
<- 200 POST /sso/Authenticator
-> POST /sso/Authenticator
<- 200 POST /sso/Authenticator
-> POST /sso/Authenticator
<- 200 POST /sso/Authenticator
-> POST /sso/Authenticator
<- 200 POST /sso/Authenticator
-> POST /sso/Authenticator
<- 200 POST /sso/Authenticator
-> POST /sso/Dispatcher
<- 302 POST /sso/Dispatcher
-> request: /v1/api/sso/validate?gw=1
-> GET /v1/api/sso/validate?gw=1,200|368ms
-> request: /v1/api/one/user
-> request: /v1/api/ssodh/init
-> sso GET https://api.ibkr.com/v1/api/ssodh/init
-> GET /v1/api/one/user,200|419ms
-> request: /v1/api/ssodh/st
-> sso GET https://api.ibkr.com/v1/api/ssodh/st
-> request: /v1/api/iserver/auth/status
-> POST /v1/api/iserver/auth/ssodh/init?publish=true&compete=true
-> GET /v1/api/iserver/auth/status,200|138ms
-> request: /v1/api/iserver/auth/ssodh/init
-> POST https://api.ibkr.com/v1/api/iserver/auth/ssodh/init,200|342ms
<- 200 POST /v1/api/iserver/auth/ssodh/init?publish=true&compete=true
-> GET /v1/api/iserver/account/orders
<- 500 GET /v1/api/iserver/account/orders
-> POST /v1/api/tickle
<- 200 POST /v1/api/tickle
-> GET /v1/api/iserver/account/trades
<- 200 GET /v1/api/iserver/account/trades
-> GET /v1/api/iserver/account/trades
<- 200 GET /v1/api/iserver/account/trades
-> GET /v1/api/portfolio/U5799398/positions/0?direction=a&period=1W&sort=position
<- 200 GET /v1/api/portfolio/U5799398/positions/0?direction=a&period=1W&sort=position
-> GET /v1/api/iserver/account/orders
<- 200 GET /v1/api/iserver/account/orders
-> POST /v1/api/iserver/account/U5799398/orders
<- 200 POST /v1/api/iserver/account/U5799398/orders
-> POST /v1/api/iserver/reply/83199598-3776-428e-ac03-63d6cfd33c59
<- 200 POST /v1/api/iserver/reply/83199598-3776-428e-ac03-63d6cfd33c59
-> POST /v1/api/iserver/reply/34b2340c-0bf3-4219-becb-0915a0749c25
<- 200 POST /v1/api/iserver/reply/34b2340c-0bf3-4219-becb-0915a0749c25
-> GET /v1/api/iserver/account/orders
<- 200 GET /v1/api/iserver/account/orders
-> GET /v1/api/iserver/account/trades
<- 200 GET /v1/api/iserver/account/trades
-> POST /v1/api/tickle
<- 200 POST /v1/api/tickle
-> request: /sso/ping
-> GET /sso/ping,200|276ms
-> POST /v1/api/tickle
<- 200 POST /v1/api/tickle
-> GET /v1/api/iserver/account/trades
<- 200 GET /v1/api/iserver/account/trades
-> GET /v1/api/iserver/account/orders
<- 200 GET /v1/api/iserver/account/orders
-> GET /v1/api/iserver/marketdata/history?conid=664690505&period=30d&bar=1d&outsideRth=false
<- 200 GET /v1/api/iserver/marketdata/history?conid=664690505&period=30d&bar=1d&outsideRth=false
-> GET /v1/api/iserver/marketdata/history?conid=664690505&period=30d&bar=1d&outsideRth=false
<- 200 GET /v1/api/iserver/marketdata/history?conid=664690505&period=30d&bar=1d&outsideRth=false
-> request: /sso/ping
-> GET /sso/ping,200|481ms
-> GET /v1/api/iserver/secdef/search?symbol=PLAB&secType=STK
<- 400 GET /v1/api/iserver/secdef/search?symbol=PLAB&secType=STK
-> GET /v1/api/iserver/secdef/search?symbol=PLAB&secType=STK
<- 400 GET /v1/api/iserver/secdef/search?symbol=PLAB&secType=STK
-> POST /v1/api/iserver/auth/ssodh/init?publish=true&compete=true
<- 200 POST /v1/api/iserver/auth/ssodh/init?publish=true&compete=true
-> GET /v1/api/iserver/account/orders
<- 500 GET /v1/api/iserver/account/orders
-> POST /v1/api/tickle
<- 200 POST /v1/api/tickle
-> GET /v1/api/iserver/secdef/search?symbol=PLAB&secType=STK
<- 200 GET /v1/api/iserver/secdef/search?symbol=PLAB&secType=STK
-> GET /v1/api/portfolio/U5799398/summary
<- 200 GET /v1/api/portfolio/U5799398/summary
-> GET /v1/api/iserver/account/orders
-> GET /v1/api/portfolio/U5799398/positions/0?direction=a&period=1W&sort=position
<- 200 GET /v1/api/portfolio/U5799398/positions/0?direction=a&period=1W&sort=position
<- 200 GET /v1/api/iserver/account/orders
-> GET /v1/api/iserver/secdef/search?symbol=PLAB&secType=STK
<- 200 GET /v1/api/iserver/secdef/search?symbol=PLAB&secType=STK
-> GET /v1/api/iserver/account/orders
<- 200 GET /v1/api/iserver/account/orders
-> GET /v1/api/portfolio/U5799398/summary
<- 200 GET /v1/api/portfolio/U5799398/summary
-> POST /v1/api/iserver/account/U5799398/orders
<- 200 POST /v1/api/iserver/account/U5799398/orders
-> POST /v1/api/iserver/reply/d87c560e-3825-43fa-89b5-b075feba5271
<- 200 POST /v1/api/iserver/reply/d87c560e-3825-43fa-89b5-b075feba5271
-> POST /v1/api/iserver/reply/65235083-89ac-4465-b357-b1fcd55dcad6
<- 200 POST /v1/api/iserver/reply/65235083-89ac-4465-b357-b1fcd55dcad6
-> POST /v1/api/iserver/reply/c8e3af83-1ab6-4357-a6b5-aee796b5e73d
<- 200 POST /v1/api/iserver/reply/c8e3af83-1ab6-4357-a6b5-aee796b5e73d
-> POST /v1/api/iserver/reply/ae531cdf-4944-4c9c-baca-d6ca844e9987
<- 200 POST /v1/api/iserver/reply/ae531cdf-4944-4c9c-baca-d6ca844e9987
-> POST /v1/api/iserver/reply/661adf3d-6f67-4003-9b3f-b197f67f871d
<- 200 POST /v1/api/iserver/reply/661adf3d-6f67-4003-9b3f-b197f67f871d
-> POST /v1/api/iserver/reply/916df9ce-13b0-44c5-be65-e3b0ad0773d2
<- 200 POST /v1/api/iserver/reply/916df9ce-13b0-44c5-be65-e3b0ad0773d2
-> GET /v1/api/iserver/account/orders
<- 200 GET /v1/api/iserver/account/orders
-> GET /v1/api/iserver/marketdata/history?conid=273165&period=30d&bar=1d&outsideRth=false
<- 200 GET /v1/api/iserver/marketdata/history?conid=273165&period=30d&bar=1d&outsideRth=false
-> GET /v1/api/iserver/marketdata/history?conid=273165&period=30d&bar=1d&outsideRth=false
<- 200 GET /v1/api/iserver/marketdata/history?conid=273165&period=30d&bar=1d&outsideRth=false
-> request: /sso/ping
-> GET /sso/ping,200|486ms
-> GET /v1/api/iserver/account/orders
<- 200 GET /v1/api/iserver/account/orders
-> GET /v1/api/iserver/marketdata/history?conid=273165&period=30d&bar=1d&outsideRth=false
<- 200 GET /v1/api/iserver/marketdata/history?conid=273165&period=30d&bar=1d&outsideRth=false
-> GET /v1/api/iserver/marketdata/history?conid=273165&period=30d&bar=1d&outsideRth=false
<- 200 GET /v1/api/iserver/marketdata/history?conid=273165&period=30d&bar=1d&outsideRth=false
-> GET /v1/api/iserver/account/orders
<- 200 GET /v1/api/iserver/account/orders
-> GET /v1/api/iserver/account/orders
<- 200 GET /v1/api/iserver/account/orders
-> POST /v1/api/iserver/account/U5799398/order/1833693389
<- 200 POST /v1/api/iserver/account/U5799398/order/1833693389
-> GET /v1/api/iserver/account/orders
<- 200 GET /v1/api/iserver/account/orders
-> GET /v1/api/iserver/marketdata/history?conid=273165&period=30d&bar=1d&outsideRth=false
<- 200 GET /v1/api/iserver/marketdata/history?conid=273165&period=30d&bar=1d&outsideRth=false
-> GET /v1/api/iserver/marketdata/history?conid=273165&period=30d&bar=1d&outsideRth=false
<- 200 GET /v1/api/iserver/marketdata/history?conid=273165&period=30d&bar=1d&outsideRth=false
-> GET /v1/api/iserver/account/orders
<- 200 GET /v1/api/iserver/account/orders
-> POST /v1/api/tickle
<- 200 POST /v1/api/tickle
-> GET /v1/api/portfolio/U5799398/summary
<- 200 GET /v1/api/portfolio/U5799398/summary
-> GET /v1/api/portfolio/U5799398/positions/0?direction=a&period=1W&sort=position
-> GET /v1/api/iserver/account/orders
<- 200 GET /v1/api/iserver/account/orders
<- 200 GET /v1/api/portfolio/U5799398/positions/0?direction=a&period=1W&sort=position
-> GET /v1/api/iserver/secdef/search?symbol=YSS&secType=STK
<- 200 GET /v1/api/iserver/secdef/search?symbol=YSS&secType=STK
-> GET /v1/api/iserver/account/orders
<- 200 GET /v1/api/iserver/account/orders
-> GET /v1/api/iserver/marketdata/history?conid=849557888&period=30d&bar=1d&outsideRth=false
<- 200 GET /v1/api/iserver/marketdata/history?conid=849557888&period=30d&bar=1d&outsideRth=false
-> GET /v1/api/iserver/marketdata/history?conid=849557888&period=30d&bar=1d&outsideRth=false
<- 200 GET /v1/api/iserver/marketdata/history?conid=849557888&period=30d&bar=1d&outsideRth=false
-> GET /v1/api/portfolio/U5799398/summary
<- 200 GET /v1/api/portfolio/U5799398/summary
-> POST /v1/api/iserver/account/U5799398/orders
<- 200 POST /v1/api/iserver/account/U5799398/orders
-> POST /v1/api/iserver/reply/4d09cf9f-3bc8-43e3-adfa-bdaafb10b298
<- 200 POST /v1/api/iserver/reply/4d09cf9f-3bc8-43e3-adfa-bdaafb10b298
-> POST /v1/api/iserver/reply/36c59390-e8d2-4a95-9488-ed730e94dade
<- 200 POST /v1/api/iserver/reply/36c59390-e8d2-4a95-9488-ed730e94dade
-> POST /v1/api/iserver/reply/2e2c2a2f-c351-429d-8da1-b317800186c7
<- 200 POST /v1/api/iserver/reply/2e2c2a2f-c351-429d-8da1-b317800186c7
-> POST /v1/api/iserver/reply/19e0d07c-84c1-4052-a2c2-1436990d578f
<- 200 POST /v1/api/iserver/reply/19e0d07c-84c1-4052-a2c2-1436990d578f
-> POST /v1/api/iserver/reply/30016346-96f5-4248-b699-94412e8f6aca
<- 200 POST /v1/api/iserver/reply/30016346-96f5-4248-b699-94412e8f6aca
-> GET /v1/api/iserver/account/orders
<- 200 GET /v1/api/iserver/account/orders
-> GET /v1/api/iserver/marketdata/history?conid=849557888&period=30d&bar=1d&outsideRth=false
<- 200 GET /v1/api/iserver/marketdata/history?conid=849557888&period=30d&bar=1d&outsideRth=false
-> GET /v1/api/iserver/marketdata/history?conid=849557888&period=30d&bar=1d&outsideRth=false
<- 200 GET /v1/api/iserver/marketdata/history?conid=849557888&period=30d&bar=1d&outsideRth=false
-> GET /v1/api/iserver/marketdata/history?conid=849557888&period=30d&bar=1d&outsideRth=false
<- 200 GET /v1/api/iserver/marketdata/history?conid=849557888&period=30d&bar=1d&outsideRth=false
-> GET /v1/api/iserver/marketdata/history?conid=849557888&period=30d&bar=1d&outsideRth=false
<- 200 GET /v1/api/iserver/marketdata/history?conid=849557888&period=30d&bar=1d&outsideRth=false
-> GET /v1/api/iserver/account/orders
<- 200 GET /v1/api/iserver/account/orders
-> GET /v1/api/iserver/marketdata/history?conid=849557888&period=30d&bar=1d&outsideRth=false
<- 200 GET /v1/api/iserver/marketdata/history?conid=849557888&period=30d&bar=1d&outsideRth=false
-> GET /v1/api/iserver/marketdata/history?conid=849557888&period=30d&bar=1d&outsideRth=false
<- 200 GET /v1/api/iserver/marketdata/history?conid=849557888&period=30d&bar=1d&outsideRth=false
-> GET /v1/api/iserver/marketdata/history?conid=849557888&period=30d&bar=1d&outsideRth=false
<- 200 GET /v1/api/iserver/marketdata/history?conid=849557888&period=30d&bar=1d&outsideRth=false
-> GET /v1/api/iserver/marketdata/history?conid=849557888&period=30d&bar=1d&outsideRth=false
<- 200 GET /v1/api/iserver/marketdata/history?conid=849557888&period=30d&bar=1d&outsideRth=false
-> GET /v1/api/iserver/account/orders
<- 200 GET /v1/api/iserver/account/orders
-> GET /v1/api/iserver/account/orders
<- 200 GET /v1/api/iserver/account/orders
-> POST /v1/api/iserver/account/U5799398/order/1198175479
<- 200 POST /v1/api/iserver/account/U5799398/order/1198175479
-> POST /v1/api/iserver/reply/c8b84105-c9d7-471a-8e05-be687979bf83
<- 200 POST /v1/api/iserver/reply/c8b84105-c9d7-471a-8e05-be687979bf83
-> GET /v1/api/iserver/account/orders
<- 200 GET /v1/api/iserver/account/orders
-> GET /v1/api/iserver/marketdata/history?conid=849557888&period=30d&bar=1d&outsideRth=false
<- 200 GET /v1/api/iserver/marketdata/history?conid=849557888&period=30d&bar=1d&outsideRth=false
-> GET /v1/api/iserver/marketdata/history?conid=849557888&period=30d&bar=1d&outsideRth=false
<- 200 GET /v1/api/iserver/marketdata/history?conid=849557888&period=30d&bar=1d&outsideRth=false
-> GET /v1/api/iserver/marketdata/history?conid=849557888&period=30d&bar=1d&outsideRth=false
<- 200 GET /v1/api/iserver/marketdata/history?conid=849557888&period=30d&bar=1d&outsideRth=false
-> GET /v1/api/iserver/marketdata/history?conid=849557888&period=30d&bar=1d&outsideRth=false
<- 200 GET /v1/api/iserver/marketdata/history?conid=849557888&period=30d&bar=1d&outsideRth=false
-> GET /v1/api/iserver/account/orders
<- 200 GET /v1/api/iserver/account/orders
-> GET /v1/api/iserver/account/orders
<- 200 GET /v1/api/iserver/account/orders
-> GET /v1/api/iserver/marketdata/history?conid=849557888&period=30d&bar=1d&outsideRth=false
<- 200 GET /v1/api/iserver/marketdata/history?conid=849557888&period=30d&bar=1d&outsideRth=false
-> GET /v1/api/iserver/marketdata/history?conid=849557888&period=30d&bar=1d&outsideRth=false
<- 200 GET /v1/api/iserver/marketdata/history?conid=849557888&period=30d&bar=1d&outsideRth=false
-> GET /v1/api/iserver/marketdata/history?conid=849557888&period=30d&bar=1d&outsideRth=false
<- 200 GET /v1/api/iserver/marketdata/history?conid=849557888&period=30d&bar=1d&outsideRth=false
-> GET /v1/api/iserver/marketdata/history?conid=849557888&period=30d&bar=1d&outsideRth=false
<- 200 GET /v1/api/iserver/marketdata/history?conid=849557888&period=30d&bar=1d&outsideRth=false
-> GET /v1/api/iserver/account/orders
<- 200 GET /v1/api/iserver/account/orders
-> GET /v1/api/iserver/account/orders
<- 200 GET /v1/api/iserver/account/orders
-> POST /v1/api/iserver/account/U5799398/order/1198175479
<- 200 POST /v1/api/iserver/account/U5799398/order/1198175479
-> POST /v1/api/iserver/reply/a1d866f8-08a2-4b95-a1ca-afd6d5530713
<- 200 POST /v1/api/iserver/reply/a1d866f8-08a2-4b95-a1ca-afd6d5530713
-> GET /v1/api/iserver/account/orders
<- 200 GET /v1/api/iserver/account/orders
-> GET /v1/api/iserver/marketdata/history?conid=849557888&period=30d&bar=1d&outsideRth=false
<- 200 GET /v1/api/iserver/marketdata/history?conid=849557888&period=30d&bar=1d&outsideRth=false
-> GET /v1/api/iserver/marketdata/history?conid=849557888&period=30d&bar=1d&outsideRth=false
<- 200 GET /v1/api/iserver/marketdata/history?conid=849557888&period=30d&bar=1d&outsideRth=false
-> GET /v1/api/iserver/marketdata/history?conid=849557888&period=30d&bar=1d&outsideRth=false
<- 200 GET /v1/api/iserver/marketdata/history?conid=849557888&period=30d&bar=1d&outsideRth=false
-> GET /v1/api/iserver/marketdata/history?conid=849557888&period=30d&bar=1d&outsideRth=false
<- 200 GET /v1/api/iserver/marketdata/history?conid=849557888&period=30d&bar=1d&outsideRth=false
-> GET /v1/api/iserver/account/orders
<- 200 GET /v1/api/iserver/account/orders
-> GET /v1/api/iserver/account/orders
<- 200 GET /v1/api/iserver/account/orders
-> GET /v1/api/iserver/marketdata/history?conid=849557888&period=30d&bar=1d&outsideRth=false
<- 200 GET /v1/api/iserver/marketdata/history?conid=849557888&period=30d&bar=1d&outsideRth=false
-> GET /v1/api/iserver/marketdata/history?conid=849557888&period=30d&bar=1d&outsideRth=false
<- 200 GET /v1/api/iserver/marketdata/history?conid=849557888&period=30d&bar=1d&outsideRth=false
-> GET /v1/api/iserver/marketdata/history?conid=849557888&period=30d&bar=1d&outsideRth=false
<- 200 GET /v1/api/iserver/marketdata/history?conid=849557888&period=30d&bar=1d&outsideRth=false
-> GET /v1/api/iserver/marketdata/history?conid=849557888&period=30d&bar=1d&outsideRth=false
<- 200 GET /v1/api/iserver/marketdata/history?conid=849557888&period=30d&bar=1d&outsideRth=false
-> request: /sso/ping
-> GET /sso/ping,200|335ms
-> POST /v1/api/tickle
<- 200 POST /v1/api/tickle
-> POST /v1/api/tickle
<- 200 POST /v1/api/tickle
-> request: /sso/ping
-> GET /sso/ping,200|367ms
-> POST /v1/api/tickle
<- 200 POST /v1/api/tickle
-> POST /v1/api/tickle
<- 200 POST /v1/api/tickle
-> request: /sso/ping
-> GET /sso/ping,200|293ms
-> request: /sso/ping
-> GET /sso/ping,200|326ms
-> request: /sso/ping
-> GET /sso/ping,200|358ms
-> request: /sso/ping
-> GET /sso/ping,200|398ms
-> request: /sso/ping
-> GET /sso/ping,200|319ms
-> request: /sso/ping
-> GET /sso/ping,200|354ms
-> GET /v1/api/iserver/account/orders
<- 400 GET /v1/api/iserver/account/orders
-> GET /v1/api/iserver/account/orders
<- 400 GET /v1/api/iserver/account/orders
-> POST /v1/api/iserver/auth/ssodh/init?publish=true&compete=true
<- 200 POST /v1/api/iserver/auth/ssodh/init?publish=true&compete=true
-> GET /v1/api/iserver/account/orders
<- 500 GET /v1/api/iserver/account/orders
-> POST /v1/api/tickle
<- 200 POST /v1/api/tickle
-> GET /v1/api/iserver/account/orders
<- 200 GET /v1/api/iserver/account/orders
-> GET /v1/api/iserver/account/orders
<- 200 GET /v1/api/iserver/account/orders
-> GET /v1/api/iserver/account/orders
<- 200 GET /v1/api/iserver/account/orders
-> GET /v1/api/iserver/account/orders
<- 200 GET /v1/api/iserver/account/orders
-> POST /v1/api/iserver/account/U5799398/order/1198175473
<- 200 POST /v1/api/iserver/account/U5799398/order/1198175473
-> GET /v1/api/iserver/account/orders
<- 200 GET /v1/api/iserver/account/orders
-> GET /v1/api/iserver/marketdata/history?conid=664690505&period=30d&bar=1d&outsideRth=false
<- 200 GET /v1/api/iserver/marketdata/history?conid=664690505&period=30d&bar=1d&outsideRth=false
-> GET /v1/api/iserver/marketdata/history?conid=664690505&period=30d&bar=1d&outsideRth=false
<- 200 GET /v1/api/iserver/marketdata/history?conid=664690505&period=30d&bar=1d&outsideRth=false
-> GET /v1/api/iserver/account/orders
<- 200 GET /v1/api/iserver/account/orders
-> request: /sso/ping
-> GET /sso/ping,200|308ms
-> POST /v1/api/tickle
<- 200 POST /v1/api/tickle
-> GET /v1/api/portfolio/U5799398/summary
<- 200 GET /v1/api/portfolio/U5799398/summary
-> GET /v1/api/portfolio/U5799398/positions/0?direction=a&period=1W&sort=position
-> GET /v1/api/iserver/account/orders
<- 200 GET /v1/api/iserver/account/orders
<- 200 GET /v1/api/portfolio/U5799398/positions/0?direction=a&period=1W&sort=position
-> GET /v1/api/iserver/secdef/search?symbol=OCC&secType=STK
<- 200 GET /v1/api/iserver/secdef/search?symbol=OCC&secType=STK
-> GET /v1/api/iserver/account/orders
<- 200 GET /v1/api/iserver/account/orders
-> GET /v1/api/portfolio/U5799398/summary
<- 200 GET /v1/api/portfolio/U5799398/summary
-> POST /v1/api/iserver/account/U5799398/orders
<- 200 POST /v1/api/iserver/account/U5799398/orders
-> POST /v1/api/iserver/reply/ee19e3dd-0737-4c0c-ac60-a2799d896722
<- 200 POST /v1/api/iserver/reply/ee19e3dd-0737-4c0c-ac60-a2799d896722
-> POST /v1/api/iserver/reply/f2ee623f-12b2-4ef3-8aaf-a89b0517c6e3
<- 200 POST /v1/api/iserver/reply/f2ee623f-12b2-4ef3-8aaf-a89b0517c6e3
-> POST /v1/api/iserver/reply/434a02f6-1e44-4d02-abe5-9fa9646de562
<- 200 POST /v1/api/iserver/reply/434a02f6-1e44-4d02-abe5-9fa9646de562
-> GET /v1/api/iserver/account/orders
<- 200 GET /v1/api/iserver/account/orders
-> GET /v1/api/iserver/marketdata/history?conid=4815867&period=30d&bar=1d&outsideRth=false
<- 200 GET /v1/api/iserver/marketdata/history?conid=4815867&period=30d&bar=1d&outsideRth=false
-> GET /v1/api/iserver/marketdata/history?conid=4815867&period=30d&bar=1d&outsideRth=false
<- 200 GET /v1/api/iserver/marketdata/history?conid=4815867&period=30d&bar=1d&outsideRth=false
-> GET /v1/api/iserver/account/orders
<- 200 GET /v1/api/iserver/account/orders
-> GET /v1/api/iserver/marketdata/history?conid=4815867&period=30d&bar=1d&outsideRth=false
<- 200 GET /v1/api/iserver/marketdata/history?conid=4815867&period=30d&bar=1d&outsideRth=false
-> GET /v1/api/iserver/marketdata/history?conid=4815867&period=30d&bar=1d&outsideRth=false
<- 200 GET /v1/api/iserver/marketdata/history?conid=4815867&period=30d&bar=1d&outsideRth=false
-> GET /v1/api/iserver/account/orders
<- 200 GET /v1/api/iserver/account/orders
-> GET /v1/api/iserver/account/orders
<- 200 GET /v1/api/iserver/account/orders
-> POST /v1/api/iserver/account/U5799398/order/1152655126
<- 200 POST /v1/api/iserver/account/U5799398/order/1152655126
-> GET /v1/api/iserver/account/orders
<- 200 GET /v1/api/iserver/account/orders
-> GET /v1/api/iserver/marketdata/history?conid=4815867&period=30d&bar=1d&outsideRth=false
<- 200 GET /v1/api/iserver/marketdata/history?conid=4815867&period=30d&bar=1d&outsideRth=false
-> GET /v1/api/iserver/marketdata/history?conid=4815867&period=30d&bar=1d&outsideRth=false
<- 200 GET /v1/api/iserver/marketdata/history?conid=4815867&period=30d&bar=1d&outsideRth=false
-> GET /v1/api/iserver/account/orders
<- 200 GET /v1/api/iserver/account/orders
-> POST /v1/api/tickle
<- 200 POST /v1/api/tickle
-> request: /sso/ping
-> GET /sso/ping,200|317ms
-> POST /v1/api/tickle
<- 200 POST /v1/api/tickle
-> POST /v1/api/tickle
<- 200 POST /v1/api/tickle
-> request: /sso/ping
-> GET /sso/ping,200|276ms
