-> request: /v1/api/tickle
-> GET /v1/api/tickle,200|493ms
-> request: /v1/api/tickle
-> GET /v1/api/tickle,200|62ms
-> request: /v1/api/tickle
-> GET /v1/api/tickle,200|53ms
-> request: /v1/api/tickle
-> GET /v1/api/tickle,200|68ms
-> request: /sso/ping
-> GET /sso/ping,200|708ms
-> request: /v1/api/tickle
-> GET /v1/api/tickle,200|63ms
-> request: /v1/api/tickle
-> GET /v1/api/tickle,200|51ms
-> request: /v1/api/tickle
-> GET /v1/api/tickle,200|60ms
-> request: /v1/api/tickle
-> GET /v1/api/tickle,200|63ms
-> request: /v1/api/tickle
-> GET /v1/api/tickle,200|70ms
-> request: /v1/api/tickle
-> GET /v1/api/tickle,200|67ms
-> request: /v1/api/tickle
-> GET /v1/api/tickle,200|61ms
-> request: /v1/api/tickle
-> GET /v1/api/tickle,200|63ms
-> request: /v1/api/tickle
-> GET /v1/api/tickle,200|60ms
-> request: /v1/api/tickle
-> GET /v1/api/tickle,200|60ms
-> request: /sso/ping
-> GET /sso/ping,200|279ms
-> request: /v1/api/tickle
-> GET /v1/api/tickle,200|67ms
-> request: /v1/api/tickle
-> GET /v1/api/tickle,200|58ms
-> request: /v1/api/tickle
-> GET /v1/api/tickle,200|86ms
-> request: /v1/api/tickle
-> GET /v1/api/tickle,200|62ms
-> request: /v1/api/tickle
-> GET /v1/api/tickle,200|59ms
-> request: /v1/api/tickle
-> GET /v1/api/tickle,200|56ms
-> request: /v1/api/tickle
-> GET /v1/api/tickle,200|61ms
-> request: /v1/api/tickle
-> GET /v1/api/tickle,200|360ms
-> request: /v1/api/tickle
-> GET /v1/api/tickle,200|74ms
-> request: /v1/api/tickle
-> GET /v1/api/tickle,200|59ms
-> request: /sso/ping
-> GET /sso/ping,200|511ms
-> request: /v1/api/tickle
-> GET /v1/api/tickle,200|79ms
-> request: /v1/api/tickle
-> GET /v1/api/tickle,200|61ms
-> request: /v1/api/tickle
-> GET /v1/api/tickle,200|63ms
-> request: /v1/api/tickle
-> GET /v1/api/tickle,200|86ms
-> request: /v1/api/tickle
-> GET /v1/api/tickle,200|63ms
-> request: /v1/api/tickle
-> GET /v1/api/tickle,200|76ms
-> request: /v1/api/tickle
-> GET /v1/api/tickle,200|59ms
-> request: /v1/api/tickle
-> GET /v1/api/tickle,200|69ms
-> request: /v1/api/tickle
-> GET /v1/api/tickle,200|52ms
-> request: /v1/api/tickle
-> GET /v1/api/tickle,200|64ms
-> request: /sso/ping
-> GET /sso/ping,200|287ms
-> request: /v1/api/tickle
-> GET /v1/api/tickle,200|52ms
-> request: /v1/api/tickle
-> GET /v1/api/tickle,200|57ms
-> request: /v1/api/tickle
-> GET /v1/api/tickle,200|80ms
-> request: /v1/api/tickle
-> GET /v1/api/tickle,200|87ms
-> request: /v1/api/tickle
-> GET /v1/api/tickle,200|56ms
-> request: /v1/api/tickle
-> GET /v1/api/tickle,200|53ms
-> request: /v1/api/tickle
-> GET /v1/api/tickle,200|79ms
-> request: /v1/api/tickle
-> GET /v1/api/tickle,200|52ms
-> request: /v1/api/tickle
-> GET /v1/api/tickle,200|427ms
-> request: /v1/api/tickle
-> GET /v1/api/tickle,200|64ms
-> request: /sso/ping
-> GET /sso/ping,200|441ms
-> request: /v1/api/tickle
-> GET /v1/api/tickle,200|127ms
-> request: /v1/api/tickle
-> GET /v1/api/tickle,200|57ms
-> request: /v1/api/tickle
-> GET /v1/api/tickle,200|69ms
-> request: /v1/api/tickle
-> GET /v1/api/tickle,200|68ms
-> request: /v1/api/tickle
-> GET /v1/api/tickle,200|58ms
-> request: /v1/api/tickle
-> GET /v1/api/tickle,200|54ms
-> request: /v1/api/tickle
-> GET /v1/api/tickle,200|59ms
-> request: /v1/api/tickle
-> GET /v1/api/tickle,200|53ms
-> request: /v1/api/tickle
-> GET /v1/api/tickle,200|55ms
-> request: /v1/api/tickle
-> GET /v1/api/tickle,200|57ms
-> request: /sso/ping
-> GET /sso/ping,200|290ms
-> request: /v1/api/tickle
-> GET /v1/api/tickle,200|59ms
-> request: /v1/api/tickle
-> GET /v1/api/tickle,200|64ms
-> request: /v1/api/tickle
-> GET /v1/api/tickle,200|86ms
-> request: /v1/api/tickle
-> GET /v1/api/tickle,200|61ms
-> request: /v1/api/tickle
-> GET /v1/api/tickle,200|87ms
-> request: /v1/api/tickle
-> GET /v1/api/tickle,200|68ms
-> request: /v1/api/tickle
-> GET /v1/api/tickle,200|51ms
-> request: /v1/api/tickle
-> GET /v1/api/tickle,200|70ms
-> request: /v1/api/tickle
-> GET /v1/api/tickle,200|72ms
-> request: /v1/api/tickle
-> GET /v1/api/tickle,200|393ms
-> request: /sso/ping
-> GET /sso/ping,200|509ms
-> request: /v1/api/tickle
-> GET /v1/api/tickle,200|52ms
-> GET /sso/Login?forwardTo=22&RL=1&ip2loc=US
<- 200 GET /sso/Login?forwardTo=22&RL=1&ip2loc=US
-> GET /css/bootstrap-5.2.2/bootstrap.min.css
-> GET /css/ibkr/theme-ibkr-portal.min.css
-> GET /css/bootstrap-switch-3.3.2/bootstrap-switch.min.css
-> GET /css/reg-am/login.min.css
-> GET /css/fontawesome-6.4.2/all.min.css
-> GET /scripts/common/js/jquery-3.7.0/jquery.min.js
<- 200 GET /css/bootstrap-5.2.2/bootstrap.min.css
-> GET /scripts/common/js/bootstrap-5.2.2/bootstrap.bundle.min.js
<- 200 GET /css/bootstrap-switch-3.3.2/bootstrap-switch.min.css
-> GET /sso/lib/xyz.bundle.min.js
<- 200 GET /scripts/common/js/jquery-3.7.0/jquery.min.js
<- 200 GET /css/ibkr/theme-ibkr-portal.min.css
<- 200 GET /css/reg-am/login.min.css
<- 200 GET /css/fontawesome-6.4.2/all.min.css
<- 200 GET /sso/lib/xyz.bundle.min.js
<- 200 GET /scripts/common/js/bootstrap-5.2.2/bootstrap.bundle.min.js
-> GET /images/common/logos/ibkr/interactive-brokers.svg
-> GET /fonts/proxima-nova/Proxima-Nova-Regular.woff2
-> GET /fonts/fontawesome-6.4.2/webfonts/fa-solid-900.woff2
-> GET /fonts/fontawesome-6.4.2/webfonts/fa-brands-400.woff2
-> POST /sso/report
<- 200 GET /images/common/logos/ibkr/interactive-brokers.svg
-> POST /portal.proxy/v1/gstat/bulletins
<- 200 GET /fonts/proxima-nova/Proxima-Nova-Regular.woff2
<- 200 GET /fonts/fontawesome-6.4.2/webfonts/fa-brands-400.woff2
<- 200 GET /fonts/fontawesome-6.4.2/webfonts/fa-solid-900.woff2
-> GET /images/web/favicons/home-screen-icon-128x128.png
<- 204 POST /portal.proxy/v1/gstat/bulletins
<- 200 GET /images/web/favicons/home-screen-icon-128x128.png
<- 200 POST /sso/report
-> POST /sso/Authenticator
<- 200 POST /sso/Authenticator
-> POST /sso/Authenticator
<- 200 POST /sso/Authenticator
-> POST /sso/Authenticator
<- 200 POST /sso/Authenticator
-> POST /sso/Authenticator
<- 200 POST /sso/Authenticator
-> POST /sso/Authenticator
<- 200 POST /sso/Authenticator
-> POST /sso/Dispatcher
<- 302 POST /sso/Dispatcher
-> request: /v1/api/sso/validate?gw=1
-> GET /v1/api/sso/validate?gw=1,200|390ms
-> request: /v1/api/one/user
-> request: /v1/api/ssodh/init
-> sso GET https://api.ibkr.com/v1/api/ssodh/init
-> GET /v1/api/one/user,200|329ms
-> request: /v1/api/ssodh/st
-> sso GET https://api.ibkr.com/v1/api/ssodh/st
-> request: /v1/api/iserver/auth/status
-> GET /v1/api/iserver/auth/status,200|57ms
-> request: /v1/api/iserver/auth/ssodh/init
-> POST https://api.ibkr.com/v1/api/iserver/auth/ssodh/init,200|404ms
-> request: /v1/api/iserver/accounts
-> GET /v1/api/iserver/accounts,200|50ms
-> POST /v1/api/iserver/auth/ssodh/init?publish=true&compete=true
<- 200 POST /v1/api/iserver/auth/ssodh/init?publish=true&compete=true
-> GET /v1/api/iserver/account/orders
<- 200 GET /v1/api/iserver/account/orders
-> POST /v1/api/tickle
<- 200 POST /v1/api/tickle
-> GET /v1/api/iserver/account/orders
-> GET /v1/api/portfolio/U5799398/positions/0?direction=a&period=1W&sort=position
<- 200 GET /v1/api/iserver/account/orders
<- 200 GET /v1/api/portfolio/U5799398/positions/0?direction=a&period=1W&sort=position
-> GET /v1/api/iserver/account/trades
<- 200 GET /v1/api/iserver/account/trades
-> GET /v1/api/iserver/account/trades
<- 200 GET /v1/api/iserver/account/trades
-> request: /v1/api/tickle
-> GET /v1/api/tickle,200|62ms
-> request: /v1/api/tickle
-> GET /v1/api/tickle,200|71ms
-> request: /v1/api/tickle
-> GET /v1/api/tickle,200|72ms
-> request: /v1/api/tickle
-> GET /v1/api/tickle,200|58ms
-> request: /v1/api/tickle
-> GET /v1/api/tickle,200|91ms
-> request: /v1/api/tickle
-> GET /v1/api/tickle,200|67ms
-> POST /v1/api/tickle
<- 200 POST /v1/api/tickle
-> request: /v1/api/tickle
-> GET /v1/api/tickle,200|109ms
-> request: /v1/api/tickle
-> GET /v1/api/tickle,200|71ms
-> request: /v1/api/tickle
-> GET /v1/api/tickle,200|69ms
-> request: /sso/ping
-> GET /sso/ping,200|287ms
-> request: /v1/api/tickle
-> GET /v1/api/tickle,200|63ms
-> request: /v1/api/tickle
-> GET /v1/api/tickle,200|342ms
-> request: /v1/api/tickle
-> GET /v1/api/tickle,200|67ms
-> POST /v1/api/tickle
<- 200 POST /v1/api/tickle
-> request: /v1/api/tickle
-> GET /v1/api/tickle,200|120ms
-> request: /v1/api/tickle
-> GET /v1/api/tickle,200|86ms
-> request: /v1/api/tickle
-> GET /v1/api/tickle,200|67ms
-> request: /v1/api/tickle
-> GET /v1/api/tickle,200|69ms
-> request: /v1/api/tickle
-> GET /v1/api/tickle,200|361ms
-> request: /v1/api/tickle
-> GET /v1/api/tickle,200|84ms
-> POST /v1/api/tickle
<- 200 POST /v1/api/tickle
-> request: /v1/api/tickle
-> GET /v1/api/tickle,200|89ms
-> request: /sso/ping
-> GET /sso/ping,200|363ms
-> request: /v1/api/tickle
-> GET /v1/api/tickle,200|57ms
-> request: /v1/api/tickle
-> GET /v1/api/tickle,200|579ms
-> request: /v1/api/tickle
-> GET /v1/api/tickle,200|85ms
-> request: /v1/api/tickle
-> GET /v1/api/tickle,200|73ms
-> request: /v1/api/tickle
-> GET /v1/api/tickle,200|61ms
-> POST /v1/api/tickle
<- 200 POST /v1/api/tickle
-> request: /v1/api/tickle
-> GET /v1/api/tickle,200|232ms
-> request: /v1/api/tickle
-> GET /v1/api/tickle,200|75ms
-> request: /v1/api/tickle
-> GET /v1/api/tickle,200|64ms
-> request: /v1/api/tickle
-> GET /v1/api/tickle,200|74ms
-> request: /v1/api/tickle
-> GET /v1/api/tickle,200|381ms
-> request: /sso/ping
-> GET /sso/ping,200|396ms
-> request: /v1/api/tickle
-> GET /v1/api/tickle,200|84ms
-> POST /v1/api/tickle
<- 200 POST /v1/api/tickle
-> request: /v1/api/tickle
-> GET /v1/api/tickle,200|307ms
-> request: /v1/api/tickle
-> GET /v1/api/tickle,200|58ms
-> request: /v1/api/tickle
-> GET /v1/api/tickle,200|82ms
-> request: /v1/api/tickle
-> GET /v1/api/tickle,200|90ms
-> request: /v1/api/tickle
-> GET /v1/api/tickle,200|141ms
-> request: /v1/api/tickle
-> GET /v1/api/tickle,200|78ms
-> POST /v1/api/tickle
<- 200 POST /v1/api/tickle
-> request: /v1/api/tickle
-> GET /v1/api/tickle,200|70ms
-> request: /v1/api/tickle
-> GET /v1/api/tickle,200|116ms
-> request: /v1/api/tickle
-> GET /v1/api/tickle,200|64ms
-> request: /sso/ping
-> GET /sso/ping,200|533ms
-> request: /v1/api/tickle
-> GET /v1/api/tickle,200|53ms
-> request: /v1/api/tickle
-> GET /v1/api/tickle,200|60ms
-> request: /v1/api/tickle
-> GET /v1/api/tickle,200|327ms
-> POST /v1/api/tickle
<- 200 POST /v1/api/tickle
-> request: /v1/api/tickle
-> GET /v1/api/tickle,200|59ms
-> request: /v1/api/tickle
-> GET /v1/api/tickle,200|296ms
-> request: /v1/api/tickle
-> GET /v1/api/tickle,200|81ms
-> request: /v1/api/tickle
-> GET /v1/api/tickle,200|72ms
-> request: /v1/api/tickle
-> GET /v1/api/tickle,200|69ms
-> request: /v1/api/tickle
-> GET /v1/api/tickle,200|67ms
-> POST /v1/api/tickle
<- 200 POST /v1/api/tickle
-> request: /v1/api/tickle
-> GET /v1/api/tickle,200|288ms
-> request: /sso/ping
-> GET /sso/ping,200|286ms
-> request: /v1/api/tickle
-> GET /v1/api/tickle,200|68ms
-> request: /v1/api/tickle
-> GET /v1/api/tickle,200|69ms
-> request: /v1/api/tickle
-> GET /v1/api/tickle,200|70ms
-> request: /v1/api/tickle
-> GET /v1/api/tickle,200|84ms
-> request: /v1/api/tickle
-> GET /v1/api/tickle,200|63ms
-> POST /v1/api/tickle
<- 200 POST /v1/api/tickle
-> request: /v1/api/tickle
-> GET /v1/api/tickle,200|61ms
-> request: /v1/api/tickle
-> GET /v1/api/tickle,200|62ms
-> request: /v1/api/tickle
-> GET /v1/api/tickle,200|80ms
-> request: /v1/api/tickle
-> GET /v1/api/tickle,200|76ms
-> request: /v1/api/tickle
-> GET /v1/api/tickle,200|57ms
-> request: /sso/ping
-> GET /sso/ping,200|291ms
-> request: /v1/api/tickle
-> GET /v1/api/tickle,200|76ms
-> POST /v1/api/tickle
<- 200 POST /v1/api/tickle
-> request: /v1/api/tickle
-> GET /v1/api/tickle,200|71ms
-> request: /v1/api/tickle
-> GET /v1/api/tickle,200|69ms
-> request: /v1/api/tickle
-> GET /v1/api/tickle,200|328ms
-> request: /v1/api/tickle
-> GET /v1/api/tickle,200|54ms
-> request: /v1/api/tickle
-> GET /v1/api/tickle,200|82ms
-> request: /v1/api/tickle
-> GET /v1/api/tickle,200|62ms
-> POST /v1/api/tickle
<- 200 POST /v1/api/tickle
-> request: /v1/api/tickle
-> GET /v1/api/tickle,200|65ms
-> request: /v1/api/tickle
-> GET /v1/api/tickle,200|84ms
-> request: /v1/api/tickle
-> GET /v1/api/tickle,200|60ms
-> request: /sso/ping
-> GET /sso/ping,200|321ms
-> request: /v1/api/tickle
-> GET /v1/api/tickle,200|361ms
-> request: /v1/api/tickle
-> GET /v1/api/tickle,200|70ms
-> request: /v1/api/tickle
-> GET /v1/api/tickle,200|217ms
-> POST /v1/api/tickle
<- 200 POST /v1/api/tickle
-> request: /v1/api/tickle
-> GET /v1/api/tickle,200|72ms
-> request: /v1/api/tickle
-> GET /v1/api/tickle,200|63ms
-> request: /v1/api/tickle
-> GET /v1/api/tickle,200|58ms
-> request: /v1/api/tickle
-> GET /v1/api/tickle,200|74ms
-> request: /v1/api/tickle
-> GET /v1/api/tickle,200|59ms
-> request: /v1/api/tickle
-> GET /v1/api/tickle,200|93ms
-> POST /v1/api/tickle
<- 200 POST /v1/api/tickle
-> request: /v1/api/tickle
-> GET /v1/api/tickle,200|73ms
-> GET /v1/api/iserver/account/orders
<- 200 GET /v1/api/iserver/account/orders
-> request: /sso/ping
-> GET /sso/ping,200|561ms
-> GET /v1/api/portfolio/U5799398/summary
<- 200 GET /v1/api/portfolio/U5799398/summary
-> GET /v1/api/iserver/account/orders
-> GET /v1/api/portfolio/U5799398/positions/0?direction=a&period=1W&sort=position
<- 200 GET /v1/api/iserver/account/orders
<- 200 GET /v1/api/portfolio/U5799398/positions/0?direction=a&period=1W&sort=position
-> request: /v1/api/tickle
-> GET /v1/api/tickle,200|52ms
-> GET /v1/api/iserver/secdef/search?symbol=BORR&secType=STK
<- 200 GET /v1/api/iserver/secdef/search?symbol=BORR&secType=STK
-> GET /v1/api/iserver/account/orders
<- 200 GET /v1/api/iserver/account/orders
-> GET /v1/api/portfolio/U5799398/summary
<- 200 GET /v1/api/portfolio/U5799398/summary
-> POST /v1/api/iserver/account/U5799398/orders
<- 200 POST /v1/api/iserver/account/U5799398/orders
-> POST /v1/api/iserver/reply/a85f984f-2294-4e81-a594-62243b9c7c28
<- 200 POST /v1/api/iserver/reply/a85f984f-2294-4e81-a594-62243b9c7c28
-> POST /v1/api/iserver/reply/d68ef727-a735-4c83-b255-ceee9e06f65f
<- 200 POST /v1/api/iserver/reply/d68ef727-a735-4c83-b255-ceee9e06f65f
-> POST /v1/api/iserver/reply/7677fc27-86d4-4c4c-8fde-8731118accce
<- 200 POST /v1/api/iserver/reply/7677fc27-86d4-4c4c-8fde-8731118accce
-> POST /v1/api/iserver/reply/bde272c6-2071-4100-99f2-5808cdb18e33
<- 200 POST /v1/api/iserver/reply/bde272c6-2071-4100-99f2-5808cdb18e33
-> GET /v1/api/iserver/account/orders
<- 200 GET /v1/api/iserver/account/orders
-> GET /v1/api/iserver/marketdata/history?conid=531398916&period=30d&bar=1d&outsideRth=false
<- 200 GET /v1/api/iserver/marketdata/history?conid=531398916&period=30d&bar=1d&outsideRth=false
-> GET /v1/api/iserver/marketdata/history?conid=531398916&period=30d&bar=1d&outsideRth=false
<- 200 GET /v1/api/iserver/marketdata/history?conid=531398916&period=30d&bar=1d&outsideRth=false
-> request: /v1/api/tickle
-> GET /v1/api/tickle,200|59ms
-> request: /v1/api/tickle
-> GET /v1/api/tickle,200|240ms
-> GET /v1/api/iserver/account/orders
<- 200 GET /v1/api/iserver/account/orders
-> GET /v1/api/iserver/marketdata/history?conid=531398916&period=30d&bar=1d&outsideRth=false
<- 200 GET /v1/api/iserver/marketdata/history?conid=531398916&period=30d&bar=1d&outsideRth=false
-> GET /v1/api/iserver/marketdata/history?conid=531398916&period=30d&bar=1d&outsideRth=false
<- 200 GET /v1/api/iserver/marketdata/history?conid=531398916&period=30d&bar=1d&outsideRth=false
-> GET /v1/api/iserver/account/orders
<- 200 GET /v1/api/iserver/account/orders
-> GET /v1/api/iserver/account/orders
<- 200 GET /v1/api/iserver/account/orders
-> POST /v1/api/iserver/account/U5799398/order/2056197107
<- 200 POST /v1/api/iserver/account/U5799398/order/2056197107
-> POST /v1/api/iserver/reply/567bdbda-2ad4-4cab-ad33-3d56a9070619
<- 200 POST /v1/api/iserver/reply/567bdbda-2ad4-4cab-ad33-3d56a9070619
-> GET /v1/api/iserver/account/orders
<- 200 GET /v1/api/iserver/account/orders
-> GET /v1/api/iserver/marketdata/history?conid=531398916&period=30d&bar=1d&outsideRth=false
<- 200 GET /v1/api/iserver/marketdata/history?conid=531398916&period=30d&bar=1d&outsideRth=false
-> GET /v1/api/iserver/marketdata/history?conid=531398916&period=30d&bar=1d&outsideRth=false
<- 200 GET /v1/api/iserver/marketdata/history?conid=531398916&period=30d&bar=1d&outsideRth=false
-> GET /v1/api/iserver/account/orders
<- 200 GET /v1/api/iserver/account/orders
-> request: /v1/api/tickle
-> GET /v1/api/tickle,200|59ms
-> request: /v1/api/tickle
-> GET /v1/api/tickle,200|57ms
-> POST /v1/api/tickle
<- 200 POST /v1/api/tickle
-> request: /v1/api/tickle
-> GET /v1/api/tickle,200|362ms
-> request: /v1/api/tickle
-> GET /v1/api/tickle,200|68ms
-> request: /v1/api/tickle
-> GET /v1/api/tickle,200|63ms
-> request: /v1/api/tickle
-> GET /v1/api/tickle,200|65ms
-> request: /v1/api/tickle
-> GET /v1/api/tickle,200|63ms
-> request: /sso/ping
-> GET /sso/ping,200|277ms
-> request: /v1/api/tickle
-> GET /v1/api/tickle,200|64ms
-> POST /v1/api/tickle
<- 200 POST /v1/api/tickle
-> request: /v1/api/tickle
-> GET /v1/api/tickle,200|52ms
-> request: /v1/api/tickle
-> GET /v1/api/tickle,200|77ms
-> request: /v1/api/tickle
-> GET /v1/api/tickle,200|75ms
-> request: /v1/api/tickle
-> GET /v1/api/tickle,200|62ms
-> request: /v1/api/tickle
-> GET /v1/api/tickle,200|306ms
-> request: /v1/api/tickle
-> GET /v1/api/tickle,200|63ms
-> POST /v1/api/tickle
<- 200 POST /v1/api/tickle
-> request: /v1/api/tickle
-> GET /v1/api/tickle,200|220ms
-> request: /v1/api/tickle
-> GET /v1/api/tickle,200|72ms
-> request: /v1/api/tickle
-> GET /v1/api/tickle,200|60ms
-> request: /sso/ping
-> GET /sso/ping,200|726ms
-> request: /v1/api/tickle
-> GET /v1/api/tickle,200|62ms
-> request: /v1/api/tickle
-> GET /v1/api/tickle,200|62ms
-> request: /v1/api/tickle
-> GET /v1/api/tickle,200|73ms
-> POST /v1/api/tickle
<- 200 POST /v1/api/tickle
-> request: /v1/api/tickle
-> GET /v1/api/tickle,200|330ms
-> request: /v1/api/tickle
-> GET /v1/api/tickle,200|58ms
-> request: /v1/api/tickle
-> GET /v1/api/tickle,200|74ms
-> request: /v1/api/tickle
-> GET /v1/api/tickle,200|58ms
-> request: /v1/api/tickle
-> GET /v1/api/tickle,200|85ms
-> request: /v1/api/tickle
-> GET /v1/api/tickle,200|55ms
-> POST /v1/api/tickle
<- 200 POST /v1/api/tickle
-> request: /v1/api/tickle
-> GET /v1/api/tickle,200|60ms
-> request: /sso/ping
-> GET /sso/ping,200|722ms
-> request: /v1/api/tickle
-> GET /v1/api/tickle,200|65ms
-> request: /v1/api/tickle
-> GET /v1/api/tickle,200|59ms
-> request: /v1/api/tickle
-> GET /v1/api/tickle,200|83ms
-> request: /v1/api/tickle
-> GET /v1/api/tickle,200|225ms
-> request: /v1/api/tickle
-> GET /v1/api/tickle,200|71ms
-> POST /v1/api/tickle
<- 200 POST /v1/api/tickle
-> request: /v1/api/tickle
-> GET /v1/api/tickle,200|66ms
-> request: /v1/api/tickle
-> GET /v1/api/tickle,200|68ms
-> request: /v1/api/tickle
-> GET /v1/api/tickle,200|67ms
-> request: /v1/api/tickle
-> GET /v1/api/tickle,200|179ms
-> GET /v1/api/iserver/account/orders
<- 200 GET /v1/api/iserver/account/orders
-> GET /v1/api/iserver/account/orders
<- 200 GET /v1/api/iserver/account/orders
-> POST /v1/api/iserver/account/U5799398/order/90547667
<- 200 POST /v1/api/iserver/account/U5799398/order/90547667
-> POST /v1/api/iserver/reply/5a030d63-6ed1-4f8d-b2ea-511cca7efa99
<- 200 POST /v1/api/iserver/reply/5a030d63-6ed1-4f8d-b2ea-511cca7efa99
-> GET /v1/api/iserver/account/orders
<- 200 GET /v1/api/iserver/account/orders
-> GET /v1/api/iserver/marketdata/history?conid=453020818&period=30d&bar=1d&outsideRth=false
<- 200 GET /v1/api/iserver/marketdata/history?conid=453020818&period=30d&bar=1d&outsideRth=false
-> GET /v1/api/iserver/marketdata/history?conid=453020818&period=30d&bar=1d&outsideRth=false
<- 200 GET /v1/api/iserver/marketdata/history?conid=453020818&period=30d&bar=1d&outsideRth=false
-> GET /v1/api/iserver/account/orders
<- 200 GET /v1/api/iserver/account/orders
-> request: /v1/api/tickle
-> GET /v1/api/tickle,200|66ms
-> request: /sso/ping
-> GET /sso/ping,200|585ms
-> request: /v1/api/tickle
-> GET /v1/api/tickle,200|64ms
-> POST /v1/api/tickle
<- 200 POST /v1/api/tickle
-> request: /v1/api/tickle
-> GET /v1/api/tickle,200|65ms
-> request: /v1/api/tickle
-> GET /v1/api/tickle,200|72ms
-> request: /v1/api/tickle
-> GET /v1/api/tickle,200|68ms
-> request: /v1/api/tickle
-> GET /v1/api/tickle,200|72ms
-> request: /v1/api/tickle
-> GET /v1/api/tickle,200|94ms
-> GET /v1/api/iserver/account/orders
<- 200 GET /v1/api/iserver/account/orders
-> GET /v1/api/iserver/account/orders
<- 200 GET /v1/api/iserver/account/orders
-> GET /v1/api/iserver/account/orders
<- 200 GET /v1/api/iserver/account/orders
-> request: /v1/api/tickle
-> GET /v1/api/tickle,200|80ms
-> POST /v1/api/tickle
<- 200 POST /v1/api/tickle
-> GET /v1/api/iserver/secdef/search?symbol=FLOC&secType=STK
<- 200 GET /v1/api/iserver/secdef/search?symbol=FLOC&secType=STK
-> request: /v1/api/tickle
-> GET /v1/api/tickle,200|69ms
-> GET /v1/api/portfolio/U5799398/summary
<- 200 GET /v1/api/portfolio/U5799398/summary
-> GET /v1/api/iserver/account/orders
-> GET /v1/api/portfolio/U5799398/positions/0?direction=a&period=1W&sort=position
<- 200 GET /v1/api/iserver/account/orders
<- 200 GET /v1/api/portfolio/U5799398/positions/0?direction=a&period=1W&sort=position
-> request: /v1/api/tickle
-> GET /v1/api/tickle,200|292ms
-> GET /v1/api/iserver/secdef/search?symbol=FLOC&secType=STK
<- 200 GET /v1/api/iserver/secdef/search?symbol=FLOC&secType=STK
-> GET /v1/api/iserver/account/orders
<- 200 GET /v1/api/iserver/account/orders
-> GET /v1/api/portfolio/U5799398/summary
<- 200 GET /v1/api/portfolio/U5799398/summary
-> POST /v1/api/iserver/account/U5799398/orders
<- 200 POST /v1/api/iserver/account/U5799398/orders
-> POST /v1/api/iserver/reply/ee533249-9489-43c2-aafe-940217f01b3f
<- 200 POST /v1/api/iserver/reply/ee533249-9489-43c2-aafe-940217f01b3f
-> POST /v1/api/iserver/reply/0001eff2-0a56-4d9c-9b3c-1d9e4b2b60e8
<- 200 POST /v1/api/iserver/reply/0001eff2-0a56-4d9c-9b3c-1d9e4b2b60e8
-> POST /v1/api/iserver/reply/e98d5d7b-c975-44e8-9025-1c686b76d31c
<- 200 POST /v1/api/iserver/reply/e98d5d7b-c975-44e8-9025-1c686b76d31c
-> POST /v1/api/iserver/reply/302deb25-7293-41fb-a28b-770aa55b87a6
<- 200 POST /v1/api/iserver/reply/302deb25-7293-41fb-a28b-770aa55b87a6
-> GET /v1/api/iserver/account/orders
<- 200 GET /v1/api/iserver/account/orders
-> GET /v1/api/iserver/marketdata/history?conid=754102248&period=30d&bar=1d&outsideRth=false
<- 200 GET /v1/api/iserver/marketdata/history?conid=754102248&period=30d&bar=1d&outsideRth=false
-> GET /v1/api/iserver/marketdata/history?conid=754102248&period=30d&bar=1d&outsideRth=false
<- 200 GET /v1/api/iserver/marketdata/history?conid=754102248&period=30d&bar=1d&outsideRth=false
-> GET /v1/api/iserver/account/orders
<- 200 GET /v1/api/iserver/account/orders
-> GET /v1/api/iserver/marketdata/history?conid=754102248&period=30d&bar=1d&outsideRth=false
<- 200 GET /v1/api/iserver/marketdata/history?conid=754102248&period=30d&bar=1d&outsideRth=false
-> GET /v1/api/iserver/marketdata/history?conid=754102248&period=30d&bar=1d&outsideRth=false
<- 200 GET /v1/api/iserver/marketdata/history?conid=754102248&period=30d&bar=1d&outsideRth=false
-> GET /v1/api/iserver/account/orders
<- 200 GET /v1/api/iserver/account/orders
-> GET /v1/api/iserver/account/orders
<- 200 GET /v1/api/iserver/account/orders
-> POST /v1/api/iserver/account/U5799398/order/2056197110
<- 200 POST /v1/api/iserver/account/U5799398/order/2056197110
-> POST /v1/api/iserver/reply/59c53fd8-7c32-488c-8dce-8f2d04b0dedc
<- 200 POST /v1/api/iserver/reply/59c53fd8-7c32-488c-8dce-8f2d04b0dedc
-> GET /v1/api/iserver/account/orders
<- 200 GET /v1/api/iserver/account/orders
-> GET /v1/api/iserver/marketdata/history?conid=754102248&period=30d&bar=1d&outsideRth=false
<- 200 GET /v1/api/iserver/marketdata/history?conid=754102248&period=30d&bar=1d&outsideRth=false
-> GET /v1/api/iserver/marketdata/history?conid=754102248&period=30d&bar=1d&outsideRth=false
<- 200 GET /v1/api/iserver/marketdata/history?conid=754102248&period=30d&bar=1d&outsideRth=false
-> GET /v1/api/iserver/account/orders
<- 200 GET /v1/api/iserver/account/orders
-> request: /v1/api/tickle
-> GET /v1/api/tickle,200|82ms
-> request: /sso/ping
-> GET /sso/ping,200|512ms
-> request: /v1/api/tickle
-> GET /v1/api/tickle,200|289ms
-> request: /v1/api/tickle
-> GET /v1/api/tickle,200|322ms
-> request: /v1/api/tickle
-> GET /v1/api/tickle,200|79ms
-> POST /v1/api/tickle
<- 200 POST /v1/api/tickle
-> request: /v1/api/tickle
-> GET /v1/api/tickle,200|86ms
-> request: /v1/api/tickle
-> GET /v1/api/tickle,200|56ms
-> request: /v1/api/tickle
-> GET /v1/api/tickle,200|337ms
-> request: /v1/api/tickle
-> GET /v1/api/tickle,200|59ms
-> request: /v1/api/tickle
-> GET /v1/api/tickle,200|80ms
-> request: /v1/api/tickle
-> GET /v1/api/tickle,200|66ms
-> POST /v1/api/tickle
<- 200 POST /v1/api/tickle
-> request: /v1/api/tickle
-> GET /v1/api/tickle,200|78ms
-> request: /sso/ping
-> GET /sso/ping,200|546ms
-> request: /v1/api/tickle
-> GET /v1/api/tickle,200|62ms
-> request: /v1/api/tickle
-> GET /v1/api/tickle,200|60ms
-> request: /v1/api/tickle
-> GET /v1/api/tickle,200|60ms
-> request: /v1/api/tickle
-> GET /v1/api/tickle,200|76ms
-> request: /v1/api/tickle
-> GET /v1/api/tickle,200|60ms
-> POST /v1/api/tickle
<- 200 POST /v1/api/tickle
-> request: /v1/api/tickle
-> GET /v1/api/tickle,200|60ms
-> request: /v1/api/tickle
-> GET /v1/api/tickle,200|59ms
-> request: /v1/api/tickle
-> GET /v1/api/tickle,200|85ms
-> request: /v1/api/tickle
-> GET /v1/api/tickle,200|68ms
-> request: /v1/api/tickle
-> GET /v1/api/tickle,200|600ms
-> request: /sso/ping
-> GET /sso/ping,200|784ms
-> request: /v1/api/tickle
-> GET /v1/api/tickle,200|62ms
-> POST /v1/api/tickle
<- 200 POST /v1/api/tickle
-> request: /v1/api/tickle
-> GET /v1/api/tickle,200|82ms
-> request: /v1/api/tickle
-> GET /v1/api/tickle,200|59ms
-> request: /v1/api/tickle
-> GET /v1/api/tickle,200|73ms
-> request: /v1/api/tickle
-> GET /v1/api/tickle,200|71ms
-> request: /v1/api/tickle
-> GET /v1/api/tickle,200|67ms
-> request: /v1/api/tickle
-> GET /v1/api/tickle,200|65ms
-> POST /v1/api/tickle
<- 200 POST /v1/api/tickle
-> request: /v1/api/tickle
-> GET /v1/api/tickle,200|100ms
-> request: /v1/api/tickle
-> GET /v1/api/tickle,200|62ms
-> request: /v1/api/tickle
-> GET /v1/api/tickle,200|92ms
-> request: /sso/ping
-> GET /sso/ping,200|283ms
-> request: /v1/api/tickle
-> GET /v1/api/tickle,200|60ms
-> request: /v1/api/tickle
-> GET /v1/api/tickle,200|225ms
-> request: /v1/api/tickle
-> GET /v1/api/tickle,200|68ms
-> POST /v1/api/tickle
<- 200 POST /v1/api/tickle
-> GET /v1/api/portfolio/U5799398/summary
<- 200 GET /v1/api/portfolio/U5799398/summary
-> GET /v1/api/portfolio/U5799398/positions/0?direction=a&period=1W&sort=position
-> GET /v1/api/iserver/account/orders
<- 200 GET /v1/api/iserver/account/orders
<- 200 GET /v1/api/portfolio/U5799398/positions/0?direction=a&period=1W&sort=position
-> GET /v1/api/iserver/secdef/search?symbol=FPS&secType=STK
<- 200 GET /v1/api/iserver/secdef/search?symbol=FPS&secType=STK
-> GET /v1/api/iserver/account/orders
<- 200 GET /v1/api/iserver/account/orders
-> GET /v1/api/portfolio/U5799398/summary
<- 200 GET /v1/api/portfolio/U5799398/summary
-> POST /v1/api/iserver/account/U5799398/orders
<- 200 POST /v1/api/iserver/account/U5799398/orders
-> POST /v1/api/iserver/reply/b4d27a36-8cb3-490c-82db-1fef3236f60a
<- 200 POST /v1/api/iserver/reply/b4d27a36-8cb3-490c-82db-1fef3236f60a
-> POST /v1/api/iserver/reply/feaccce8-bb42-4500-8142-4a77ed64d220
<- 200 POST /v1/api/iserver/reply/feaccce8-bb42-4500-8142-4a77ed64d220
-> POST /v1/api/iserver/reply/407da021-b111-47cd-a28d-975865b0dc88
<- 200 POST /v1/api/iserver/reply/407da021-b111-47cd-a28d-975865b0dc88
-> POST /v1/api/iserver/reply/4bfa7254-d0bb-4ba1-94a6-8545af601f1a
<- 200 POST /v1/api/iserver/reply/4bfa7254-d0bb-4ba1-94a6-8545af601f1a
-> GET /v1/api/iserver/account/orders
<- 200 GET /v1/api/iserver/account/orders
-> GET /v1/api/iserver/marketdata/history?conid=851539566&period=30d&bar=1d&outsideRth=false
<- 200 GET /v1/api/iserver/marketdata/history?conid=851539566&period=30d&bar=1d&outsideRth=false
-> GET /v1/api/iserver/marketdata/history?conid=851539566&period=30d&bar=1d&outsideRth=false
<- 200 GET /v1/api/iserver/marketdata/history?conid=851539566&period=30d&bar=1d&outsideRth=false
-> request: /v1/api/tickle
-> GET /v1/api/tickle,200|246ms
-> GET /v1/api/iserver/account/orders
<- 200 GET /v1/api/iserver/account/orders
-> GET /v1/api/iserver/marketdata/history?conid=851539566&period=30d&bar=1d&outsideRth=false
<- 200 GET /v1/api/iserver/marketdata/history?conid=851539566&period=30d&bar=1d&outsideRth=false
-> GET /v1/api/iserver/marketdata/history?conid=851539566&period=30d&bar=1d&outsideRth=false
<- 200 GET /v1/api/iserver/marketdata/history?conid=851539566&period=30d&bar=1d&outsideRth=false
-> GET /v1/api/iserver/account/orders
<- 200 GET /v1/api/iserver/account/orders
-> GET /v1/api/iserver/account/orders
<- 200 GET /v1/api/iserver/account/orders
-> POST /v1/api/iserver/account/U5799398/order/2056197113
<- 200 POST /v1/api/iserver/account/U5799398/order/2056197113
-> GET /v1/api/iserver/account/orders
<- 200 GET /v1/api/iserver/account/orders
-> GET /v1/api/iserver/marketdata/history?conid=851539566&period=30d&bar=1d&outsideRth=false
<- 200 GET /v1/api/iserver/marketdata/history?conid=851539566&period=30d&bar=1d&outsideRth=false
-> GET /v1/api/iserver/marketdata/history?conid=851539566&period=30d&bar=1d&outsideRth=false
<- 200 GET /v1/api/iserver/marketdata/history?conid=851539566&period=30d&bar=1d&outsideRth=false
-> GET /v1/api/iserver/account/orders
<- 200 GET /v1/api/iserver/account/orders
-> request: /v1/api/tickle
-> GET /v1/api/tickle,200|59ms
-> GET /v1/api/iserver/account/orders
-> GET /v1/api/portfolio/U5799398/positions/0?direction=a&period=1W&sort=position
<- 200 GET /v1/api/iserver/account/orders
<- 200 GET /v1/api/portfolio/U5799398/positions/0?direction=a&period=1W&sort=position
-> request: /v1/api/tickle
-> GET /v1/api/tickle,200|77ms
-> request: /v1/api/tickle
-> GET /v1/api/tickle,200|67ms
-> request: /v1/api/tickle
-> GET /v1/api/tickle,200|65ms
-> request: /v1/api/tickle
-> GET /v1/api/tickle,200|82ms
-> request: /v1/api/tickle
-> GET /v1/api/tickle,200|83ms
-> request: /sso/ping
-> GET /sso/ping,200|278ms
-> request: /v1/api/tickle
-> GET /v1/api/tickle,200|84ms
-> GET /v1/api/iserver/account/orders
<- 200 GET /v1/api/iserver/account/orders
-> DELETE /v1/api/iserver/account/U5799398/order/2100837500
<- 200 DELETE /v1/api/iserver/account/U5799398/order/2100837500
-> DELETE /v1/api/iserver/account/U5799398/order/2100837501
<- 400 DELETE /v1/api/iserver/account/U5799398/order/2100837501
-> DELETE /v1/api/iserver/account/U5799398/order/2100837502
<- 400 DELETE /v1/api/iserver/account/U5799398/order/2100837502
-> GET /v1/api/iserver/account/orders
<- 200 GET /v1/api/iserver/account/orders
-> DELETE /v1/api/iserver/account/U5799398/order/2080396984
<- 200 DELETE /v1/api/iserver/account/U5799398/order/2080396984
-> DELETE /v1/api/iserver/account/U5799398/order/2080396985
<- 400 DELETE /v1/api/iserver/account/U5799398/order/2080396985
-> DELETE /v1/api/iserver/account/U5799398/order/2080396986
<- 400 DELETE /v1/api/iserver/account/U5799398/order/2080396986
-> request: /v1/api/tickle
-> GET /v1/api/tickle,200|57ms
-> request: /v1/api/tickle
-> GET /v1/api/tickle,200|77ms
-> request: /v1/api/tickle
-> GET /v1/api/tickle,200|80ms
-> request: /v1/api/tickle
-> GET /v1/api/tickle,200|103ms
-> request: /v1/api/tickle
-> GET /v1/api/tickle,200|70ms
-> GET /v1/api/iserver/account/orders
<- 200 GET /v1/api/iserver/account/orders
-> DELETE /v1/api/iserver/account/U5799398/order/930685643
<- 200 DELETE /v1/api/iserver/account/U5799398/order/930685643
-> DELETE /v1/api/iserver/account/U5799398/order/930685645
<- 400 DELETE /v1/api/iserver/account/U5799398/order/930685645
-> DELETE /v1/api/iserver/account/U5799398/order/930685644
<- 400 DELETE /v1/api/iserver/account/U5799398/order/930685644
-> request: /v1/api/tickle
-> GET /v1/api/tickle,200|59ms
-> request: /v1/api/tickle
-> GET /v1/api/tickle,200|81ms
-> request: /v1/api/tickle
-> GET /v1/api/tickle,200|79ms
-> request: /v1/api/tickle
-> GET /v1/api/tickle,200|73ms
-> request: /sso/ping
-> GET /sso/ping,200|282ms
-> request: /v1/api/tickle
-> GET /v1/api/tickle,200|61ms
-> request: /v1/api/tickle
-> GET /v1/api/tickle,200|68ms
-> request: /v1/api/tickle
-> GET /v1/api/tickle,200|70ms
-> request: /v1/api/tickle
-> GET /v1/api/tickle,200|66ms
-> request: /v1/api/tickle
-> GET /v1/api/tickle,200|53ms
-> request: /v1/api/tickle
-> GET /v1/api/tickle,200|54ms
-> request: /v1/api/tickle
-> GET /v1/api/tickle,200|63ms
-> request: /v1/api/tickle
-> GET /v1/api/tickle,200|68ms
-> request: /v1/api/tickle
-> GET /v1/api/tickle,200|67ms
-> request: /v1/api/tickle
-> GET /v1/api/logout
uri /v1/api/logout failed
java.net.SocketException: Connection reset
	at java.base/sun.nio.ch.SocketChannelImpl.throwConnectionReset(SocketChannelImpl.java:394)
	at java.base/sun.nio.ch.SocketChannelImpl.read(SocketChannelImpl.java:426)
	at io.netty.buffer.PooledUnsafeDirectByteBuf.setBytes(PooledUnsafeDirectByteBuf.java:288)
	at io.netty.buffer.AbstractByteBuf.writeBytes(AbstractByteBuf.java:1106)
	at io.netty.channel.socket.nio.NioSocketChannel.doReadBytes(NioSocketChannel.java:373)
	at io.netty.channel.nio.AbstractNioByteChannel$NioByteUnsafe.read(AbstractNioByteChannel.java:123)
	at io.netty.channel.nio.NioEventLoop.processSelectedKey(NioEventLoop.java:645)
	at io.netty.channel.nio.NioEventLoop.processSelectedKeysPlain(NioEventLoop.java:545)
	at io.netty.channel.nio.NioEventLoop.processSelectedKeys(NioEventLoop.java:499)
	at io.netty.channel.nio.NioEventLoop.run(NioEventLoop.java:459)
	at io.netty.util.concurrent.SingleThreadEventExecutor$5.run(SingleThreadEventExecutor.java:858)
	at java.base/java.lang.Thread.run(Thread.java:842)
-> GET /sso/Login?forwardTo=22&RL=1&ip2loc=US
<- 200 GET /sso/Login?forwardTo=22&RL=1&ip2loc=US
-> GET /css/bootstrap-5.2.2/bootstrap.min.css
-> GET /css/ibkr/theme-ibkr-portal.min.css
-> GET /css/fontawesome-6.4.2/all.min.css
-> GET /css/reg-am/login.min.css
-> GET /css/bootstrap-switch-3.3.2/bootstrap-switch.min.css
-> GET /scripts/common/js/jquery-3.7.0/jquery.min.js
<- 200 GET /css/bootstrap-5.2.2/bootstrap.min.css
-> GET /scripts/common/js/bootstrap-5.2.2/bootstrap.bundle.min.js
<- 200 GET /css/ibkr/theme-ibkr-portal.min.css
<- 200 GET /css/reg-am/login.min.css
<- 200 GET /css/bootstrap-switch-3.3.2/bootstrap-switch.min.css
-> GET /sso/lib/xyz.bundle.min.js
<- 200 GET /scripts/common/js/jquery-3.7.0/jquery.min.js
<- 200 GET /css/fontawesome-6.4.2/all.min.css
<- 200 GET /scripts/common/js/bootstrap-5.2.2/bootstrap.bundle.min.js
<- 200 GET /sso/lib/xyz.bundle.min.js
-> GET /images/common/logos/ibkr/interactive-brokers.svg
-> GET /fonts/proxima-nova/Proxima-Nova-Regular.woff2
-> GET /fonts/fontawesome-6.4.2/webfonts/fa-brands-400.woff2
-> GET /fonts/fontawesome-6.4.2/webfonts/fa-solid-900.woff2
<- 200 GET /images/common/logos/ibkr/interactive-brokers.svg
-> POST /sso/report
-> POST /portal.proxy/v1/gstat/bulletins
<- 200 GET /fonts/proxima-nova/Proxima-Nova-Regular.woff2
<- 200 GET /fonts/fontawesome-6.4.2/webfonts/fa-solid-900.woff2
<- 200 GET /fonts/fontawesome-6.4.2/webfonts/fa-brands-400.woff2
-> GET /images/web/favicons/home-screen-icon-128x128.png
<- 204 POST /portal.proxy/v1/gstat/bulletins
<- 200 GET /images/web/favicons/home-screen-icon-128x128.png
<- 200 POST /sso/report
-> POST /sso/Authenticator
<- 200 POST /sso/Authenticator
-> POST /sso/Authenticator
<- 200 POST /sso/Authenticator
-> POST /sso/Authenticator
<- 200 POST /sso/Authenticator
-> POST /sso/Authenticator
<- 200 POST /sso/Authenticator
-> POST /sso/Authenticator
<- 200 POST /sso/Authenticator
-> POST /sso/Authenticator
<- 200 POST /sso/Authenticator
-> POST /sso/Dispatcher
<- 302 POST /sso/Dispatcher
-> request: /v1/api/sso/validate?gw=1
-> GET /v1/api/sso/validate?gw=1,200|552ms
-> request: /v1/api/one/user
-> request: /v1/api/ssodh/init
-> sso GET https://api.ibkr.com/v1/api/ssodh/init
-> GET /v1/api/one/user,200|328ms
-> request: /v1/api/ssodh/st
-> sso GET https://api.ibkr.com/v1/api/ssodh/st
-> request: /v1/api/iserver/auth/status
-> GET /v1/api/iserver/auth/status,200|58ms
-> request: /v1/api/iserver/auth/ssodh/init
-> POST https://api.ibkr.com/v1/api/iserver/auth/ssodh/init,200|339ms
-> request: /v1/api/iserver/accounts
-> GET /v1/api/iserver/accounts,200|68ms
-> POST /v1/api/iserver/auth/ssodh/init?publish=true&compete=true
<- 200 POST /v1/api/iserver/auth/ssodh/init?publish=true&compete=true
-> GET /v1/api/iserver/account/orders
<- 200 GET /v1/api/iserver/account/orders
-> POST /v1/api/tickle
<- 200 POST /v1/api/tickle
-> request: /v1/api/tickle
-> GET /v1/api/tickle,200|65ms
-> request: /v1/api/tickle
-> GET /v1/api/tickle,200|221ms
-> request: /v1/api/tickle
-> GET /v1/api/tickle,200|411ms
-> request: /v1/api/tickle
-> GET /v1/api/tickle,200|277ms
-> request: /v1/api/tickle
-> GET /v1/api/tickle,200|294ms
-> request: /v1/api/tickle
-> GET /v1/api/tickle,200|933ms
-> POST /v1/api/tickle
<- 200 POST /v1/api/tickle
-> request: /v1/api/tickle
-> GET /v1/api/tickle,200|317ms
-> request: /v1/api/tickle
-> GET /v1/api/tickle,200|318ms
-> request: /v1/api/tickle
-> GET /v1/api/tickle,200|434ms
-> request: /sso/ping
-> GET /sso/ping,200|522ms
-> request: /v1/api/tickle
-> GET /v1/api/tickle,200|80ms
-> request: /v1/api/tickle
-> GET /v1/api/tickle,200|252ms
-> request: /v1/api/tickle
-> GET /v1/api/tickle,200|118ms
-> POST /v1/api/tickle
<- 200 POST /v1/api/tickle
-> request: /v1/api/tickle
-> GET /v1/api/tickle,200|216ms
-> request: /v1/api/tickle
-> GET /v1/api/tickle,200|99ms
-> request: /v1/api/tickle
-> GET /v1/api/tickle,200|78ms
-> request: /v1/api/tickle
-> GET /v1/api/tickle,200|338ms
-> request: /v1/api/tickle
-> GET /v1/api/tickle,200|88ms
-> request: /v1/api/tickle
-> GET /v1/api/tickle,200|303ms
-> POST /v1/api/tickle
<- 200 POST /v1/api/tickle
-> GET /v1/api/iserver/account/trades
<- 200 GET /v1/api/iserver/account/trades
-> GET /v1/api/iserver/account/trades
<- 200 GET /v1/api/iserver/account/trades
-> request: /v1/api/tickle
-> GET /v1/api/tickle,200|216ms
-> request: /sso/ping
-> GET /sso/ping,200|463ms
-> request: /v1/api/tickle
-> GET /v1/api/tickle,200|158ms
-> request: /v1/api/tickle
-> GET /v1/api/tickle,200|566ms
-> request: /v1/api/tickle
-> GET /v1/api/tickle,200|213ms
-> request: /v1/api/tickle
-> GET /v1/api/tickle,200|65ms
-> request: /v1/api/tickle
-> GET /v1/api/tickle,200|76ms
-> POST /v1/api/tickle
<- 200 POST /v1/api/tickle
-> request: /v1/api/tickle
-> GET /v1/api/tickle,200|277ms
-> request: /v1/api/tickle
-> GET /v1/api/tickle,200|384ms
-> request: /v1/api/tickle
-> GET /v1/api/tickle,200|60ms
-> request: /v1/api/tickle
-> GET /v1/api/tickle,200|66ms
-> request: /v1/api/tickle
-> GET /v1/api/tickle,200|245ms
-> request: /sso/ping
-> GET /sso/ping,200|297ms
-> request: /v1/api/tickle
-> GET /v1/api/tickle,200|224ms
-> POST /v1/api/tickle
<- 200 POST /v1/api/tickle
-> GET /v1/api/iserver/account/orders
<- 200 GET /v1/api/iserver/account/orders
-> GET /v1/api/iserver/account/orders
<- 200 GET /v1/api/iserver/account/orders
-> POST /v1/api/iserver/account/U5799398/order/875342712
<- 200 POST /v1/api/iserver/account/U5799398/order/875342712
-> POST /v1/api/iserver/reply/3423ea99-5b21-4c4e-9761-c03f2ba5a462
<- 200 POST /v1/api/iserver/reply/3423ea99-5b21-4c4e-9761-c03f2ba5a462
-> GET /v1/api/iserver/account/orders
<- 200 GET /v1/api/iserver/account/orders
-> GET /v1/api/iserver/marketdata/history?conid=639336275&period=30d&bar=1d&outsideRth=false
<- 200 GET /v1/api/iserver/marketdata/history?conid=639336275&period=30d&bar=1d&outsideRth=false
-> GET /v1/api/iserver/marketdata/history?conid=639336275&period=30d&bar=1d&outsideRth=false
<- 200 GET /v1/api/iserver/marketdata/history?conid=639336275&period=30d&bar=1d&outsideRth=false
-> GET /v1/api/iserver/account/orders
<- 200 GET /v1/api/iserver/account/orders
-> request: /v1/api/tickle
-> GET /v1/api/tickle,200|79ms
-> request: /v1/api/tickle
-> GET /v1/api/tickle,200|73ms
-> GET /v1/api/iserver/account/orders
<- 200 GET /v1/api/iserver/account/orders
-> GET /v1/api/iserver/account/orders
<- 200 GET /v1/api/iserver/account/orders
-> POST /v1/api/iserver/account/U5799398/order/875342711
<- 200 POST /v1/api/iserver/account/U5799398/order/875342711
-> POST /v1/api/iserver/reply/792d5019-dffb-4b66-8422-8382437f1e6d
<- 200 POST /v1/api/iserver/reply/792d5019-dffb-4b66-8422-8382437f1e6d
-> GET /v1/api/iserver/account/orders
<- 200 GET /v1/api/iserver/account/orders
-> GET /v1/api/iserver/marketdata/history?conid=639336275&period=30d&bar=1d&outsideRth=false
<- 200 GET /v1/api/iserver/marketdata/history?conid=639336275&period=30d&bar=1d&outsideRth=false
-> GET /v1/api/iserver/marketdata/history?conid=639336275&period=30d&bar=1d&outsideRth=false
<- 200 GET /v1/api/iserver/marketdata/history?conid=639336275&period=30d&bar=1d&outsideRth=false
-> GET /v1/api/iserver/account/orders
<- 200 GET /v1/api/iserver/account/orders
-> request: /v1/api/tickle
-> GET /v1/api/tickle,200|181ms
-> GET /v1/api/iserver/account/orders
<- 200 GET /v1/api/iserver/account/orders
-> DELETE /v1/api/iserver/account/U5799398/order/1272000571
-> request: /v1/api/tickle
-> GET /v1/api/tickle,200|90ms
<- 200 DELETE /v1/api/iserver/account/U5799398/order/1272000571
-> DELETE /v1/api/iserver/account/U5799398/order/1272000573
<- 400 DELETE /v1/api/iserver/account/U5799398/order/1272000573
-> DELETE /v1/api/iserver/account/U5799398/order/1272000572
<- 400 DELETE /v1/api/iserver/account/U5799398/order/1272000572
-> request: /v1/api/tickle
-> GET /v1/api/tickle,200|61ms
-> request: /v1/api/tickle
-> GET /v1/api/tickle,200|221ms
-> POST /v1/api/tickle
<- 200 POST /v1/api/tickle
-> request: /v1/api/tickle
-> GET /v1/api/tickle,200|518ms
-> GET /v1/api/portfolio/U5799398/summary
<- 200 GET /v1/api/portfolio/U5799398/summary
-> GET /v1/api/portfolio/U5799398/positions/0?direction=a&period=1W&sort=position
-> GET /v1/api/iserver/account/orders
<- 200 GET /v1/api/iserver/account/orders
<- 200 GET /v1/api/portfolio/U5799398/positions/0?direction=a&period=1W&sort=position
-> request: /v1/api/tickle
-> GET /v1/api/tickle,200|73ms
-> GET /v1/api/iserver/secdef/search?symbol=APH&secType=STK
<- 200 GET /v1/api/iserver/secdef/search?symbol=APH&secType=STK
-> GET /v1/api/iserver/account/orders
<- 200 GET /v1/api/iserver/account/orders
-> GET /v1/api/portfolio/U5799398/summary
<- 200 GET /v1/api/portfolio/U5799398/summary
-> POST /v1/api/iserver/account/U5799398/orders
<- 200 POST /v1/api/iserver/account/U5799398/orders
-> POST /v1/api/iserver/reply/d23ccc76-4a67-4585-9197-c72e39c9c87b
<- 200 POST /v1/api/iserver/reply/d23ccc76-4a67-4585-9197-c72e39c9c87b
-> POST /v1/api/iserver/reply/2fdac723-004c-419a-97c5-092ff32989eb
<- 200 POST /v1/api/iserver/reply/2fdac723-004c-419a-97c5-092ff32989eb
-> POST /v1/api/iserver/reply/f00b13bd-28d7-46f8-acce-6207d8f6249a
<- 200 POST /v1/api/iserver/reply/f00b13bd-28d7-46f8-acce-6207d8f6249a
-> POST /v1/api/iserver/reply/3f36f45c-1515-43fd-bdaa-75e294572691
<- 200 POST /v1/api/iserver/reply/3f36f45c-1515-43fd-bdaa-75e294572691
-> POST /v1/api/iserver/reply/10087877-7d63-415e-b778-b8c18e813843
<- 200 POST /v1/api/iserver/reply/10087877-7d63-415e-b778-b8c18e813843
-> POST /v1/api/iserver/reply/ce61162f-bc10-421f-92b0-ac44521e801d
<- 200 POST /v1/api/iserver/reply/ce61162f-bc10-421f-92b0-ac44521e801d
-> GET /v1/api/iserver/account/orders
<- 200 GET /v1/api/iserver/account/orders
-> GET /v1/api/iserver/marketdata/history?conid=4493&period=30d&bar=1d&outsideRth=false
<- 200 GET /v1/api/iserver/marketdata/history?conid=4493&period=30d&bar=1d&outsideRth=false
-> GET /v1/api/iserver/marketdata/history?conid=4493&period=30d&bar=1d&outsideRth=false
<- 200 GET /v1/api/iserver/marketdata/history?conid=4493&period=30d&bar=1d&outsideRth=false
-> request: /v1/api/tickle
-> GET /v1/api/tickle,200|74ms
-> GET /v1/api/iserver/account/orders
<- 200 GET /v1/api/iserver/account/orders
-> GET /v1/api/iserver/marketdata/history?conid=4493&period=30d&bar=1d&outsideRth=false
<- 200 GET /v1/api/iserver/marketdata/history?conid=4493&period=30d&bar=1d&outsideRth=false
-> GET /v1/api/iserver/marketdata/history?conid=4493&period=30d&bar=1d&outsideRth=false
<- 200 GET /v1/api/iserver/marketdata/history?conid=4493&period=30d&bar=1d&outsideRth=false
-> GET /v1/api/iserver/account/orders
<- 200 GET /v1/api/iserver/account/orders
-> GET /v1/api/iserver/account/orders
<- 200 GET /v1/api/iserver/account/orders
-> POST /v1/api/iserver/account/U5799398/order/1054803078
<- 200 POST /v1/api/iserver/account/U5799398/order/1054803078
-> GET /v1/api/iserver/account/orders
<- 200 GET /v1/api/iserver/account/orders
-> GET /v1/api/iserver/marketdata/history?conid=4493&period=30d&bar=1d&outsideRth=false
<- 200 GET /v1/api/iserver/marketdata/history?conid=4493&period=30d&bar=1d&outsideRth=false
-> GET /v1/api/iserver/marketdata/history?conid=4493&period=30d&bar=1d&outsideRth=false
<- 200 GET /v1/api/iserver/marketdata/history?conid=4493&period=30d&bar=1d&outsideRth=false
-> GET /v1/api/iserver/account/orders
<- 200 GET /v1/api/iserver/account/orders
-> request: /sso/ping
-> GET /sso/ping,200|291ms
-> request: /v1/api/tickle
-> GET /v1/api/tickle,200|61ms
-> request: /v1/api/tickle
-> GET /v1/api/tickle,200|301ms
-> request: /v1/api/tickle
-> GET /v1/api/tickle,200|72ms
-> POST /v1/api/tickle
<- 200 POST /v1/api/tickle
-> request: /v1/api/tickle
-> GET /v1/api/tickle,200|72ms
-> request: /v1/api/tickle
-> GET /v1/api/tickle,200|74ms
-> GET /v1/api/portfolio/U5799398/positions/0?direction=a&period=1W&sort=position
<- 200 GET /v1/api/portfolio/U5799398/positions/0?direction=a&period=1W&sort=position
-> GET /v1/api/iserver/account/orders
<- 200 GET /v1/api/iserver/account/orders
-> GET /v1/api/iserver/marketdata/history?conid=760229174&period=30d&bar=1d&outsideRth=false
<- 200 GET /v1/api/iserver/marketdata/history?conid=760229174&period=30d&bar=1d&outsideRth=false
-> GET /v1/api/iserver/marketdata/history?conid=760229174&period=30d&bar=1d&outsideRth=false
<- 200 GET /v1/api/iserver/marketdata/history?conid=760229174&period=30d&bar=1d&outsideRth=false
-> POST /v1/api/iserver/account/U5799398/orders
<- 200 POST /v1/api/iserver/account/U5799398/orders
-> POST /v1/api/iserver/reply/8665622a-3134-4911-9f0a-59118e0b7427
<- 200 POST /v1/api/iserver/reply/8665622a-3134-4911-9f0a-59118e0b7427
-> POST /v1/api/iserver/reply/bd0bd569-333e-4160-884a-00cbf7404590
<- 200 POST /v1/api/iserver/reply/bd0bd569-333e-4160-884a-00cbf7404590
-> GET /v1/api/iserver/account/orders
<- 200 GET /v1/api/iserver/account/orders
-> POST /v1/api/iserver/account/U5799398/order/177394612
<- 200 POST /v1/api/iserver/account/U5799398/order/177394612
-> GET /v1/api/iserver/account/orders
<- 200 GET /v1/api/iserver/account/orders
-> POST /v1/api/iserver/account/U5799398/order/177394613
<- 200 POST /v1/api/iserver/account/U5799398/order/177394613
-> GET /v1/api/iserver/account/orders
<- 200 GET /v1/api/iserver/account/orders
-> GET /v1/api/iserver/marketdata/history?conid=760229174&period=30d&bar=1d&outsideRth=false
<- 200 GET /v1/api/iserver/marketdata/history?conid=760229174&period=30d&bar=1d&outsideRth=false
-> GET /v1/api/iserver/marketdata/history?conid=760229174&period=30d&bar=1d&outsideRth=false
<- 200 GET /v1/api/iserver/marketdata/history?conid=760229174&period=30d&bar=1d&outsideRth=false
-> GET /v1/api/iserver/account/order/status/1054803080
<- 200 GET /v1/api/iserver/account/order/status/1054803080
-> GET /v1/api/iserver/account/orders
<- 200 GET /v1/api/iserver/account/orders
-> DELETE /v1/api/iserver/account/U5799398/order/177394612
<- 200 DELETE /v1/api/iserver/account/U5799398/order/177394612
-> DELETE /v1/api/iserver/account/U5799398/order/177394613
<- 400 DELETE /v1/api/iserver/account/U5799398/order/177394613
-> DELETE /v1/api/iserver/account/U5799398/order/1054803080
<- 400 DELETE /v1/api/iserver/account/U5799398/order/1054803080
-> request: /v1/api/tickle
-> GET /v1/api/tickle,200|73ms
-> request: /v1/api/tickle
-> GET /v1/api/tickle,200|83ms
-> request: /v1/api/tickle
-> GET /v1/api/tickle,200|66ms
-> request: /v1/api/tickle
-> GET /v1/api/tickle,200|62ms
-> POST /v1/api/tickle
<- 200 POST /v1/api/tickle
-> request: /v1/api/tickle
-> GET /v1/api/tickle,200|72ms
-> request: /sso/ping
-> GET /sso/ping,200|357ms
-> request: /v1/api/tickle
-> GET /v1/api/tickle,200|102ms
-> request: /v1/api/tickle
-> GET /v1/api/tickle,200|232ms
-> request: /v1/api/tickle
-> GET /v1/api/tickle,200|263ms
-> request: /v1/api/tickle
-> GET /v1/api/tickle,200|258ms
-> request: /v1/api/tickle
-> GET /v1/api/tickle,200|267ms
-> POST /v1/api/tickle
<- 200 POST /v1/api/tickle
-> request: /v1/api/tickle
-> GET /v1/api/tickle,200|220ms
-> request: /v1/api/tickle
-> GET /v1/api/tickle,200|376ms
-> request: /v1/api/tickle
-> GET /v1/api/tickle,200|222ms
-> request: /v1/api/tickle
-> GET /v1/api/tickle,200|86ms
-> GET /v1/api/iserver/secdef/search?symbol=SLDE&secType=STK
<- 200 GET /v1/api/iserver/secdef/search?symbol=SLDE&secType=STK
-> GET /v1/api/portfolio/U5799398/summary
<- 200 GET /v1/api/portfolio/U5799398/summary
-> GET /v1/api/iserver/account/orders
-> GET /v1/api/portfolio/U5799398/positions/0?direction=a&period=1W&sort=position
<- 200 GET /v1/api/portfolio/U5799398/positions/0?direction=a&period=1W&sort=position
<- 200 GET /v1/api/iserver/account/orders
-> request: /v1/api/tickle
-> GET /v1/api/tickle,200|206ms
-> GET /v1/api/iserver/secdef/search?symbol=SLDE&secType=STK
<- 200 GET /v1/api/iserver/secdef/search?symbol=SLDE&secType=STK
-> GET /v1/api/iserver/account/orders
<- 200 GET /v1/api/iserver/account/orders
-> GET /v1/api/portfolio/U5799398/summary
<- 200 GET /v1/api/portfolio/U5799398/summary
-> POST /v1/api/iserver/account/U5799398/orders
<- 200 POST /v1/api/iserver/account/U5799398/orders
-> POST /v1/api/iserver/reply/e0b16ceb-5b1b-4d36-9c0d-942ce698080d
<- 200 POST /v1/api/iserver/reply/e0b16ceb-5b1b-4d36-9c0d-942ce698080d
-> POST /v1/api/iserver/reply/b27a0925-48d4-46d6-8c4f-b740e6759d27
<- 200 POST /v1/api/iserver/reply/b27a0925-48d4-46d6-8c4f-b740e6759d27
-> POST /v1/api/iserver/reply/7e3c0fac-3afe-4f02-9d4d-464153c35083
<- 200 POST /v1/api/iserver/reply/7e3c0fac-3afe-4f02-9d4d-464153c35083
-> POST /v1/api/iserver/reply/9d205a6c-e76c-422a-8a16-f6da3dff0c38
<- 200 POST /v1/api/iserver/reply/9d205a6c-e76c-422a-8a16-f6da3dff0c38
-> POST /v1/api/iserver/reply/14b8dcbf-308f-455c-8a40-dc6e8394e9f5
<- 200 POST /v1/api/iserver/reply/14b8dcbf-308f-455c-8a40-dc6e8394e9f5
-> GET /v1/api/iserver/account/orders
<- 200 GET /v1/api/iserver/account/orders
-> GET /v1/api/iserver/marketdata/history?conid=792312084&period=30d&bar=1d&outsideRth=false
<- 200 GET /v1/api/iserver/marketdata/history?conid=792312084&period=30d&bar=1d&outsideRth=false
-> GET /v1/api/iserver/marketdata/history?conid=792312084&period=30d&bar=1d&outsideRth=false
<- 200 GET /v1/api/iserver/marketdata/history?conid=792312084&period=30d&bar=1d&outsideRth=false
-> request: /sso/ping
-> GET /sso/ping,200|292ms
-> GET /v1/api/iserver/account/orders
<- 200 GET /v1/api/iserver/account/orders
-> GET /v1/api/iserver/marketdata/history?conid=792312084&period=30d&bar=1d&outsideRth=false
-> request: /v1/api/tickle
<- 200 GET /v1/api/iserver/marketdata/history?conid=792312084&period=30d&bar=1d&outsideRth=false
-> GET /v1/api/iserver/marketdata/history?conid=792312084&period=30d&bar=1d&outsideRth=false
-> GET /v1/api/tickle,200|58ms
<- 200 GET /v1/api/iserver/marketdata/history?conid=792312084&period=30d&bar=1d&outsideRth=false
-> GET /v1/api/iserver/account/orders
<- 200 GET /v1/api/iserver/account/orders
-> GET /v1/api/iserver/account/orders
<- 200 GET /v1/api/iserver/account/orders
-> POST /v1/api/iserver/account/U5799398/order/1054803085
<- 200 POST /v1/api/iserver/account/U5799398/order/1054803085
-> GET /v1/api/iserver/account/orders
<- 200 GET /v1/api/iserver/account/orders
-> GET /v1/api/iserver/marketdata/history?conid=792312084&period=30d&bar=1d&outsideRth=false
<- 200 GET /v1/api/iserver/marketdata/history?conid=792312084&period=30d&bar=1d&outsideRth=false
-> GET /v1/api/iserver/marketdata/history?conid=792312084&period=30d&bar=1d&outsideRth=false
<- 200 GET /v1/api/iserver/marketdata/history?conid=792312084&period=30d&bar=1d&outsideRth=false
-> GET /v1/api/iserver/account/orders
<- 200 GET /v1/api/iserver/account/orders
-> POST /v1/api/tickle
<- 200 POST /v1/api/tickle
-> request: /v1/api/tickle
-> GET /v1/api/tickle,200|293ms
-> request: /v1/api/tickle
-> GET /v1/api/tickle,200|108ms
-> request: /v1/api/tickle
-> GET /v1/api/tickle,200|109ms
-> request: /v1/api/tickle
-> GET /v1/api/tickle,200|222ms
-> request: /v1/api/tickle
-> GET /v1/api/tickle,200|247ms
-> request: /v1/api/tickle
-> GET /v1/api/tickle,200|237ms
-> POST /v1/api/tickle
<- 200 POST /v1/api/tickle
-> request: /v1/api/tickle
-> GET /v1/api/tickle,200|215ms
-> request: /v1/api/tickle
-> GET /v1/api/tickle,200|68ms
-> GET /v1/api/iserver/account/orders
<- 200 GET /v1/api/iserver/account/orders
-> GET /v1/api/iserver/marketdata/history?conid=319355208&period=30d&bar=1d&outsideRth=false
<- 200 GET /v1/api/iserver/marketdata/history?conid=319355208&period=30d&bar=1d&outsideRth=false
-> GET /v1/api/iserver/marketdata/history?conid=319355208&period=30d&bar=1d&outsideRth=false
<- 200 GET /v1/api/iserver/marketdata/history?conid=319355208&period=30d&bar=1d&outsideRth=false
-> request: /v1/api/tickle
-> GET /v1/api/tickle,200|315ms
-> request: /sso/ping
-> GET /sso/ping,200|309ms
-> request: /v1/api/tickle
-> GET /v1/api/tickle,200|67ms
-> request: /v1/api/tickle
-> GET /v1/api/tickle,200|221ms
-> request: /v1/api/tickle
-> GET /v1/api/tickle,200|230ms
-> POST /v1/api/tickle
<- 200 POST /v1/api/tickle
-> request: /v1/api/tickle
-> GET /v1/api/tickle,200|135ms
-> request: /v1/api/tickle
-> GET /v1/api/tickle,200|67ms
-> request: /v1/api/tickle
-> GET /v1/api/tickle,200|71ms
-> request: /v1/api/tickle
-> GET /v1/api/tickle,200|272ms
-> request: /v1/api/tickle
-> GET /v1/api/tickle,200|232ms
-> request: /v1/api/tickle
-> GET /v1/api/tickle,200|284ms
-> POST /v1/api/tickle
<- 200 POST /v1/api/tickle
-> GET /v1/api/portfolio/U5799398/summary
<- 200 GET /v1/api/portfolio/U5799398/summary
-> GET /v1/api/iserver/account/orders
-> GET /v1/api/portfolio/U5799398/positions/0?direction=a&period=1W&sort=position
<- 200 GET /v1/api/portfolio/U5799398/positions/0?direction=a&period=1W&sort=position
<- 200 GET /v1/api/iserver/account/orders
-> request: /v1/api/tickle
-> GET /v1/api/tickle,200|79ms
-> request: /sso/ping
-> GET /sso/ping,200|449ms
-> request: /v1/api/tickle
-> GET /v1/api/tickle,200|218ms
-> GET /v1/api/iserver/secdef/search?symbol=SQM&secType=STK
<- 200 GET /v1/api/iserver/secdef/search?symbol=SQM&secType=STK
-> GET /v1/api/iserver/account/orders
<- 200 GET /v1/api/iserver/account/orders
-> GET /v1/api/portfolio/U5799398/summary
<- 200 GET /v1/api/portfolio/U5799398/summary
-> POST /v1/api/iserver/account/U5799398/orders
<- 200 POST /v1/api/iserver/account/U5799398/orders
-> POST /v1/api/iserver/reply/b00f58f4-506c-44ae-851c-8848ccca6a3f
<- 200 POST /v1/api/iserver/reply/b00f58f4-506c-44ae-851c-8848ccca6a3f
-> POST /v1/api/iserver/reply/9a1c56b2-3edb-42a5-9a34-380f552cdb08
<- 200 POST /v1/api/iserver/reply/9a1c56b2-3edb-42a5-9a34-380f552cdb08
-> POST /v1/api/iserver/reply/6a01609f-e0a1-4652-854e-b1602f755275
<- 200 POST /v1/api/iserver/reply/6a01609f-e0a1-4652-854e-b1602f755275
-> POST /v1/api/iserver/reply/ecab8103-c2de-412b-98a3-f8a2a1d9f2c3
<- 200 POST /v1/api/iserver/reply/ecab8103-c2de-412b-98a3-f8a2a1d9f2c3
-> POST /v1/api/iserver/reply/06940cb6-1487-44cd-8c28-e3d234a13ec1
<- 200 POST /v1/api/iserver/reply/06940cb6-1487-44cd-8c28-e3d234a13ec1
-> GET /v1/api/iserver/account/orders
<- 200 GET /v1/api/iserver/account/orders
-> GET /v1/api/iserver/marketdata/history?conid=12374&period=30d&bar=1d&outsideRth=false
<- 200 GET /v1/api/iserver/marketdata/history?conid=12374&period=30d&bar=1d&outsideRth=false
-> GET /v1/api/iserver/marketdata/history?conid=12374&period=30d&bar=1d&outsideRth=false
<- 200 GET /v1/api/iserver/marketdata/history?conid=12374&period=30d&bar=1d&outsideRth=false
-> GET /v1/api/iserver/account/orders
<- 200 GET /v1/api/iserver/account/orders
-> GET /v1/api/iserver/marketdata/history?conid=12374&period=30d&bar=1d&outsideRth=false
<- 200 GET /v1/api/iserver/marketdata/history?conid=12374&period=30d&bar=1d&outsideRth=false
-> GET /v1/api/iserver/marketdata/history?conid=12374&period=30d&bar=1d&outsideRth=false
<- 200 GET /v1/api/iserver/marketdata/history?conid=12374&period=30d&bar=1d&outsideRth=false
-> GET /v1/api/iserver/account/orders
<- 200 GET /v1/api/iserver/account/orders
-> GET /v1/api/iserver/account/orders
<- 200 GET /v1/api/iserver/account/orders
-> POST /v1/api/iserver/account/U5799398/order/1054803092
<- 200 POST /v1/api/iserver/account/U5799398/order/1054803092
-> GET /v1/api/iserver/account/orders
<- 200 GET /v1/api/iserver/account/orders
-> GET /v1/api/iserver/marketdata/history?conid=12374&period=30d&bar=1d&outsideRth=false
<- 200 GET /v1/api/iserver/marketdata/history?conid=12374&period=30d&bar=1d&outsideRth=false
-> GET /v1/api/iserver/marketdata/history?conid=12374&period=30d&bar=1d&outsideRth=false
<- 200 GET /v1/api/iserver/marketdata/history?conid=12374&period=30d&bar=1d&outsideRth=false
-> GET /v1/api/iserver/account/orders
<- 200 GET /v1/api/iserver/account/orders
-> request: /v1/api/tickle
-> GET /v1/api/tickle,200|82ms
-> GET /v1/api/iserver/account/orders
<- 200 GET /v1/api/iserver/account/orders
-> GET /v1/api/iserver/marketdata/history?conid=14019&period=30d&bar=1d&outsideRth=false
<- 200 GET /v1/api/iserver/marketdata/history?conid=14019&period=30d&bar=1d&outsideRth=false
-> GET /v1/api/iserver/marketdata/history?conid=14019&period=30d&bar=1d&outsideRth=false
<- 200 GET /v1/api/iserver/marketdata/history?conid=14019&period=30d&bar=1d&outsideRth=false
-> GET /v1/api/iserver/account/orders
<- 200 GET /v1/api/iserver/account/orders
-> GET /v1/api/iserver/marketdata/history?conid=12374&period=30d&bar=1d&outsideRth=false
<- 200 GET /v1/api/iserver/marketdata/history?conid=12374&period=30d&bar=1d&outsideRth=false
-> GET /v1/api/iserver/marketdata/history?conid=12374&period=30d&bar=1d&outsideRth=false
<- 200 GET /v1/api/iserver/marketdata/history?conid=12374&period=30d&bar=1d&outsideRth=false
-> request: /v1/api/tickle
-> GET /v1/api/tickle,200|361ms
-> request: /v1/api/tickle
-> GET /v1/api/tickle,200|253ms
-> request: /v1/api/tickle
-> GET /v1/api/tickle,200|88ms
-> GET /v1/api/iserver/account/orders
<- 200 GET /v1/api/iserver/account/orders
-> GET /v1/api/iserver/marketdata/history?conid=531398916&period=30d&bar=1d&outsideRth=false
<- 200 GET /v1/api/iserver/marketdata/history?conid=531398916&period=30d&bar=1d&outsideRth=false
-> GET /v1/api/iserver/marketdata/history?conid=531398916&period=30d&bar=1d&outsideRth=false
<- 200 GET /v1/api/iserver/marketdata/history?conid=531398916&period=30d&bar=1d&outsideRth=false
-> POST /v1/api/tickle
<- 200 POST /v1/api/tickle
-> GET /v1/api/iserver/account/orders
<- 200 GET /v1/api/iserver/account/orders
-> GET /v1/api/iserver/account/orders
<- 200 GET /v1/api/iserver/account/orders
-> POST /v1/api/iserver/account/U5799398/order/2056197107
<- 200 POST /v1/api/iserver/account/U5799398/order/2056197107
-> POST /v1/api/iserver/reply/ae1aa231-e5ff-4679-a3e4-4d4930774b6f
<- 200 POST /v1/api/iserver/reply/ae1aa231-e5ff-4679-a3e4-4d4930774b6f
-> GET /v1/api/iserver/account/orders
<- 200 GET /v1/api/iserver/account/orders
-> GET /v1/api/iserver/marketdata/history?conid=531398916&period=30d&bar=1d&outsideRth=false
<- 200 GET /v1/api/iserver/marketdata/history?conid=531398916&period=30d&bar=1d&outsideRth=false
-> GET /v1/api/iserver/marketdata/history?conid=531398916&period=30d&bar=1d&outsideRth=false
<- 200 GET /v1/api/iserver/marketdata/history?conid=531398916&period=30d&bar=1d&outsideRth=false
-> GET /v1/api/iserver/account/orders
<- 200 GET /v1/api/iserver/account/orders
-> request: /v1/api/tickle
-> GET /v1/api/tickle,200|73ms
-> request: /v1/api/tickle
-> GET /v1/api/tickle,200|99ms
-> request: /v1/api/tickle
-> GET /v1/api/tickle,200|85ms
-> request: /v1/api/tickle
-> GET /v1/api/tickle,200|265ms
-> GET /v1/api/iserver/account/orders
<- 200 GET /v1/api/iserver/account/orders
-> GET /v1/api/iserver/marketdata/history?conid=754102248&period=30d&bar=1d&outsideRth=false
<- 200 GET /v1/api/iserver/marketdata/history?conid=754102248&period=30d&bar=1d&outsideRth=false
-> GET /v1/api/iserver/marketdata/history?conid=754102248&period=30d&bar=1d&outsideRth=false
<- 200 GET /v1/api/iserver/marketdata/history?conid=754102248&period=30d&bar=1d&outsideRth=false
-> request: /v1/api/tickle
-> GET /v1/api/tickle,200|94ms
-> request: /sso/ping
-> GET /sso/ping,200|296ms
-> request: /v1/api/tickle
-> GET /v1/api/tickle,200|58ms
-> POST /v1/api/tickle
<- 200 POST /v1/api/tickle
-> request: /v1/api/tickle
-> GET /v1/api/tickle,200|295ms
-> request: /v1/api/tickle
-> GET /v1/api/tickle,200|338ms
-> request: /v1/api/tickle
-> GET /v1/api/tickle,200|64ms
-> request: /v1/api/tickle
-> GET /v1/api/tickle,200|126ms
-> GET /v1/api/iserver/account/orders
<- 200 GET /v1/api/iserver/account/orders
-> GET /v1/api/iserver/marketdata/history?conid=792312084&period=30d&bar=1d&outsideRth=false
<- 200 GET /v1/api/iserver/marketdata/history?conid=792312084&period=30d&bar=1d&outsideRth=false
-> GET /v1/api/iserver/marketdata/history?conid=792312084&period=30d&bar=1d&outsideRth=false
<- 200 GET /v1/api/iserver/marketdata/history?conid=792312084&period=30d&bar=1d&outsideRth=false
-> request: /v1/api/tickle
-> GET /v1/api/tickle,200|133ms
-> request: /v1/api/tickle
-> GET /v1/api/tickle,200|298ms
-> POST /v1/api/tickle
<- 200 POST /v1/api/tickle
-> request: /v1/api/tickle
-> GET /v1/api/tickle,200|607ms
-> request: /v1/api/tickle
-> GET /v1/api/tickle,200|302ms
-> request: /v1/api/tickle
-> GET /v1/api/tickle,200|408ms
-> request: /sso/ping
-> GET /sso/ping,200|718ms
-> request: /v1/api/tickle
-> GET /v1/api/tickle,200|371ms
-> request: /v1/api/tickle
-> GET /v1/api/tickle,200|331ms
-> request: /v1/api/tickle
-> GET /v1/api/tickle,200|418ms
-> POST /v1/api/tickle
<- 200 POST /v1/api/tickle
-> request: /v1/api/tickle
-> GET /v1/api/tickle,200|360ms
-> request: /v1/api/tickle
-> GET /v1/api/tickle,200|263ms
-> request: /v1/api/tickle
-> GET /v1/api/tickle,200|427ms
-> request: /v1/api/tickle
-> GET /v1/api/tickle,200|272ms
-> request: /v1/api/tickle
-> GET /v1/api/tickle,200|331ms
-> request: /v1/api/tickle
-> GET /v1/api/tickle,200|477ms
-> POST /v1/api/tickle
<- 200 POST /v1/api/tickle
-> request: /v1/api/tickle
-> GET /v1/api/tickle,200|273ms
-> request: /sso/ping
-> GET /sso/ping,200|534ms
-> request: /v1/api/tickle
-> GET /v1/api/tickle,200|226ms
-> request: /v1/api/tickle
-> GET /v1/api/tickle,200|240ms
-> GET /v1/api/iserver/secdef/search?symbol=AMZN&secType=STK
<- 200 GET /v1/api/iserver/secdef/search?symbol=AMZN&secType=STK
-> request: /v1/api/tickle
-> GET /v1/api/tickle,200|307ms
-> GET /v1/api/portfolio/U5799398/summary
<- 200 GET /v1/api/portfolio/U5799398/summary
-> GET /v1/api/iserver/account/orders
-> GET /v1/api/portfolio/U5799398/positions/0?direction=a&period=1W&sort=position
<- 200 GET /v1/api/iserver/account/orders
<- 200 GET /v1/api/portfolio/U5799398/positions/0?direction=a&period=1W&sort=position
-> request: /v1/api/tickle
-> GET /v1/api/tickle,200|59ms
-> GET /v1/api/portfolio/U5799398/summary
<- 200 GET /v1/api/portfolio/U5799398/summary
-> GET /v1/api/portfolio/U5799398/positions/0?direction=a&period=1W&sort=position
-> GET /v1/api/iserver/account/orders
<- 200 GET /v1/api/iserver/account/orders
<- 200 GET /v1/api/portfolio/U5799398/positions/0?direction=a&period=1W&sort=position
-> POST /v1/api/iserver/account/U5799398/orders
<- 200 POST /v1/api/iserver/account/U5799398/orders
-> POST /v1/api/iserver/reply/2a33b0fa-f167-483b-844e-9025f4b2b82c
<- 200 POST /v1/api/iserver/reply/2a33b0fa-f167-483b-844e-9025f4b2b82c
-> POST /v1/api/iserver/reply/a6768088-b881-46c7-9dbe-c47233557c48
<- 200 POST /v1/api/iserver/reply/a6768088-b881-46c7-9dbe-c47233557c48
-> POST /v1/api/iserver/reply/01f960f9-a58d-4820-a387-a18a8febd67b
<- 200 POST /v1/api/iserver/reply/01f960f9-a58d-4820-a387-a18a8febd67b
-> POST /v1/api/iserver/reply/67a49969-6fd8-4f44-947f-cca3cd6e85c1
<- 200 POST /v1/api/iserver/reply/67a49969-6fd8-4f44-947f-cca3cd6e85c1
-> POST /v1/api/iserver/reply/7e9d8302-4a0e-44ca-a2cb-0e0b7e833632
<- 200 POST /v1/api/iserver/reply/7e9d8302-4a0e-44ca-a2cb-0e0b7e833632
-> POST /v1/api/iserver/reply/e7f64405-7f5c-4910-9591-f62cbb576be3
<- 200 POST /v1/api/iserver/reply/e7f64405-7f5c-4910-9591-f62cbb576be3
-> GET /v1/api/iserver/account/orders
<- 200 GET /v1/api/iserver/account/orders
-> GET /v1/api/iserver/marketdata/history?conid=3691937&period=30d&bar=1d&outsideRth=false
<- 200 GET /v1/api/iserver/marketdata/history?conid=3691937&period=30d&bar=1d&outsideRth=false
-> GET /v1/api/iserver/marketdata/history?conid=3691937&period=30d&bar=1d&outsideRth=false
<- 200 GET /v1/api/iserver/marketdata/history?conid=3691937&period=30d&bar=1d&outsideRth=false
-> GET /v1/api/iserver/account/orders
<- 200 GET /v1/api/iserver/account/orders
-> GET /v1/api/iserver/marketdata/history?conid=3691937&period=30d&bar=1d&outsideRth=false
<- 200 GET /v1/api/iserver/marketdata/history?conid=3691937&period=30d&bar=1d&outsideRth=false
-> GET /v1/api/iserver/marketdata/history?conid=3691937&period=30d&bar=1d&outsideRth=false
<- 200 GET /v1/api/iserver/marketdata/history?conid=3691937&period=30d&bar=1d&outsideRth=false
-> GET /v1/api/iserver/account/orders
<- 200 GET /v1/api/iserver/account/orders
-> GET /v1/api/iserver/account/orders
<- 200 GET /v1/api/iserver/account/orders
-> request: /v1/api/tickle
-> GET /v1/api/tickle,200|94ms
-> POST /v1/api/iserver/account/U5799398/order/1054803173
<- 200 POST /v1/api/iserver/account/U5799398/order/1054803173
-> GET /v1/api/iserver/account/orders
<- 200 GET /v1/api/iserver/account/orders
-> GET /v1/api/iserver/marketdata/history?conid=3691937&period=30d&bar=1d&outsideRth=false
<- 200 GET /v1/api/iserver/marketdata/history?conid=3691937&period=30d&bar=1d&outsideRth=false
-> GET /v1/api/iserver/marketdata/history?conid=3691937&period=30d&bar=1d&outsideRth=false
<- 200 GET /v1/api/iserver/marketdata/history?conid=3691937&period=30d&bar=1d&outsideRth=false
-> GET /v1/api/iserver/account/orders
<- 200 GET /v1/api/iserver/account/orders
-> POST /v1/api/tickle
<- 200 POST /v1/api/tickle
-> request: /v1/api/tickle
-> GET /v1/api/tickle,200|61ms
-> request: /v1/api/tickle
-> GET /v1/api/tickle,200|65ms
-> GET /v1/api/iserver/account/orders
<- 200 GET /v1/api/iserver/account/orders
-> GET /v1/api/iserver/account/orders
<- 200 GET /v1/api/iserver/account/orders
-> POST /v1/api/iserver/account/U5799398/order/286523944
<- 200 POST /v1/api/iserver/account/U5799398/order/286523944
-> POST /v1/api/iserver/reply/89a41c46-6289-4b6f-8ac3-9eceeb5f5064
<- 200 POST /v1/api/iserver/reply/89a41c46-6289-4b6f-8ac3-9eceeb5f5064
-> GET /v1/api/iserver/account/orders
<- 200 GET /v1/api/iserver/account/orders
-> GET /v1/api/iserver/marketdata/history?conid=695996615&period=30d&bar=1d&outsideRth=false
<- 200 GET /v1/api/iserver/marketdata/history?conid=695996615&period=30d&bar=1d&outsideRth=false
-> GET /v1/api/iserver/marketdata/history?conid=695996615&period=30d&bar=1d&outsideRth=false
<- 200 GET /v1/api/iserver/marketdata/history?conid=695996615&period=30d&bar=1d&outsideRth=false
-> GET /v1/api/iserver/account/orders
<- 200 GET /v1/api/iserver/account/orders
-> request: /v1/api/tickle
-> GET /v1/api/tickle,200|65ms
-> request: /v1/api/tickle
-> GET /v1/api/tickle,200|67ms
-> request: /v1/api/tickle
-> GET /v1/api/tickle,200|267ms
-> request: /sso/ping
-> GET /sso/ping,200|441ms
-> request: /v1/api/tickle
-> GET /v1/api/tickle,200|302ms
-> POST /v1/api/tickle
<- 200 POST /v1/api/tickle
-> request: /v1/api/tickle
-> GET /v1/api/tickle,200|238ms
-> request: /v1/api/tickle
-> GET /v1/api/tickle,200|275ms
-> request: /v1/api/tickle
-> GET /v1/api/tickle,200|62ms
-> request: /v1/api/tickle
-> GET /v1/api/tickle,200|271ms
-> request: /v1/api/tickle
-> GET /v1/api/tickle,200|389ms
-> request: /v1/api/tickle
-> GET /v1/api/tickle,200|391ms
-> POST /v1/api/tickle
<- 200 POST /v1/api/tickle
-> request: /v1/api/tickle
-> GET /v1/api/tickle,200|212ms
-> request: /v1/api/tickle
-> GET /v1/api/tickle,200|74ms
-> request: /v1/api/tickle
-> GET /v1/api/tickle,200|300ms
-> request: /sso/ping
-> GET /sso/ping,200|405ms
-> request: /v1/api/tickle
-> GET /v1/api/tickle,200|73ms
-> request: /v1/api/tickle
-> GET /v1/api/tickle,200|356ms
-> request: /v1/api/tickle
-> GET /v1/api/tickle,200|409ms
-> POST /v1/api/tickle
<- 200 POST /v1/api/tickle
-> request: /v1/api/tickle
-> GET /v1/api/tickle,200|672ms
-> request: /v1/api/tickle
-> GET /v1/api/tickle,200|117ms
-> request: /v1/api/tickle
-> GET /v1/api/tickle,200|106ms
-> request: /v1/api/tickle
-> GET /v1/api/tickle,200|86ms
-> request: /v1/api/tickle
-> GET /v1/api/tickle,200|528ms
-> request: /v1/api/tickle
-> GET /v1/api/tickle,200|138ms
-> POST /v1/api/tickle
uri /v1/api/tickle failed
java.net.SocketException: Connection reset
	at java.base/sun.nio.ch.SocketChannelImpl.throwConnectionReset(SocketChannelImpl.java:394)
	at java.base/sun.nio.ch.SocketChannelImpl.read(SocketChannelImpl.java:426)
	at io.netty.buffer.PooledUnsafeDirectByteBuf.setBytes(PooledUnsafeDirectByteBuf.java:288)
	at io.netty.buffer.AbstractByteBuf.writeBytes(AbstractByteBuf.java:1106)
	at io.netty.channel.socket.nio.NioSocketChannel.doReadBytes(NioSocketChannel.java:373)
	at io.netty.channel.nio.AbstractNioByteChannel$NioByteUnsafe.read(AbstractNioByteChannel.java:123)
	at io.netty.channel.nio.NioEventLoop.processSelectedKey(NioEventLoop.java:645)
	at io.netty.channel.nio.NioEventLoop.processSelectedKeysPlain(NioEventLoop.java:545)
	at io.netty.channel.nio.NioEventLoop.processSelectedKeys(NioEventLoop.java:499)
	at io.netty.channel.nio.NioEventLoop.run(NioEventLoop.java:459)
	at io.netty.util.concurrent.SingleThreadEventExecutor$5.run(SingleThreadEventExecutor.java:858)
	at java.base/java.lang.Thread.run(Thread.java:842)
-> request: /v1/api/tickle
-> request: /sso/ping
-> request: /v1/api/tickle
-> request: /v1/api/tickle
-> request: /v1/api/tickle
-> GET /v1/api/tickle,200|426ms
-> request: /v1/api/tickle
-> GET /v1/api/tickle,200|87ms
-> request: /v1/api/tickle
-> GET /v1/api/tickle,200|78ms
-> request: /v1/api/tickle
-> GET /v1/api/tickle,200|61ms
-> request: /v1/api/tickle
-> GET /v1/api/tickle,200|101ms
-> request: /v1/api/tickle
-> GET /v1/api/tickle,200|97ms
-> request: /v1/api/tickle
-> GET /v1/api/tickle,200|66ms
-> request: /v1/api/tickle
-> GET /v1/api/tickle,200|64ms
-> request: /sso/ping
-> GET /sso/ping,200|305ms
-> request: /v1/api/tickle
-> GET /v1/api/tickle,200|74ms
-> request: /v1/api/tickle
-> GET /v1/api/tickle,200|91ms
-> request: /v1/api/tickle
-> GET /v1/api/tickle,200|64ms
-> request: /v1/api/tickle
-> GET /v1/api/tickle,200|92ms
-> request: /v1/api/tickle
-> GET /v1/api/tickle,200|71ms
-> request: /v1/api/tickle
-> GET /v1/api/tickle,200|94ms
-> request: /v1/api/tickle
-> GET /v1/api/tickle,200|81ms
-> request: /v1/api/tickle
-> GET /v1/api/tickle,200|96ms
-> request: /v1/api/tickle
-> GET /v1/api/tickle,200|72ms
-> request: /v1/api/tickle
-> GET /v1/api/tickle,200|64ms
-> request: /sso/ping
-> GET /sso/ping,200|297ms
-> request: /v1/api/tickle
-> GET /v1/api/tickle,200|74ms
-> request: /v1/api/tickle
-> GET /v1/api/tickle,200|65ms
-> request: /v1/api/tickle
-> GET /v1/api/tickle,200|83ms
-> request: /v1/api/tickle
-> GET /v1/api/tickle,200|338ms
-> request: /v1/api/tickle
-> GET /v1/api/tickle,200|72ms
-> request: /v1/api/tickle
-> GET /v1/api/tickle,200|81ms
-> request: /v1/api/tickle
-> GET /v1/api/tickle,200|241ms
-> request: /v1/api/tickle
-> GET /v1/api/tickle,200|88ms
-> request: /v1/api/tickle
-> GET /v1/api/tickle,200|94ms
-> request: /v1/api/tickle
-> GET /v1/api/tickle,200|62ms
-> request: /sso/ping
-> GET /sso/ping,200|297ms
-> request: /v1/api/tickle
-> GET /v1/api/tickle,200|67ms
-> request: /v1/api/tickle
-> GET /v1/api/tickle,200|75ms
-> request: /v1/api/tickle
-> GET /v1/api/tickle,200|322ms
-> request: /v1/api/tickle
-> GET /v1/api/tickle,200|103ms
-> request: /v1/api/tickle
-> GET /v1/api/tickle,200|123ms
-> request: /v1/api/tickle
-> GET /v1/api/tickle,200|99ms
-> request: /v1/api/tickle
-> GET /v1/api/tickle,200|69ms
-> request: /v1/api/tickle
-> GET /v1/api/tickle,200|68ms
-> request: /v1/api/tickle
-> GET /v1/api/tickle,200|218ms
-> request: /v1/api/tickle
-> GET /v1/api/tickle,200|67ms
-> request: /sso/ping
-> GET /sso/ping,200|299ms
-> request: /v1/api/tickle
-> GET /v1/api/tickle,200|69ms
-> request: /v1/api/tickle
-> GET /v1/api/tickle,200|59ms
-> request: /v1/api/tickle
-> GET /v1/api/tickle,200|76ms
-> request: /v1/api/tickle
-> GET /v1/api/tickle,200|73ms
-> request: /v1/api/tickle
-> GET /v1/api/tickle,200|344ms
-> request: /v1/api/tickle
-> GET /v1/api/tickle,200|66ms
-> request: /v1/api/tickle
-> GET /v1/api/tickle,200|81ms
-> request: /v1/api/tickle
-> GET /v1/api/tickle,200|106ms
-> request: /v1/api/tickle
-> GET /v1/api/tickle,200|75ms
-> request: /v1/api/tickle
-> GET /v1/api/tickle,200|86ms
-> request: /sso/ping
-> GET /sso/ping,200|461ms
-> request: /v1/api/tickle
-> GET /v1/api/tickle,200|59ms
-> request: /v1/api/tickle
-> GET /v1/api/tickle,200|66ms
-> request: /v1/api/tickle
-> GET /v1/api/tickle,200|85ms
-> request: /v1/api/tickle
-> GET /v1/api/tickle,200|78ms
-> request: /v1/api/tickle
-> GET /v1/api/tickle,200|71ms
-> request: /v1/api/tickle
-> GET /v1/api/tickle,200|73ms
-> request: /v1/api/tickle
-> GET /v1/api/tickle,200|213ms
-> request: /v1/api/tickle
-> GET /v1/api/tickle,200|94ms
-> request: /v1/api/tickle
-> GET /v1/api/tickle,200|64ms
-> request: /v1/api/tickle
-> GET /v1/api/tickle,200|65ms
-> request: /sso/ping
-> GET /sso/ping,200|299ms
-> request: /v1/api/tickle
-> GET /v1/api/tickle,200|216ms
-> request: /v1/api/tickle
-> GET /v1/api/tickle,200|75ms
-> request: /v1/api/tickle
-> GET /v1/api/tickle,200|69ms
-> request: /v1/api/tickle
-> GET /v1/api/tickle,200|91ms
-> request: /v1/api/tickle
-> GET /v1/api/tickle,200|60ms
-> request: /v1/api/tickle
-> GET /v1/api/tickle,200|433ms
-> request: /v1/api/tickle
-> GET /v1/api/tickle,200|71ms
-> request: /v1/api/tickle
-> GET /v1/api/tickle,200|66ms
-> request: /v1/api/tickle
-> GET /v1/api/tickle,200|66ms
-> request: /v1/api/tickle
-> GET /v1/api/tickle,200|61ms
-> request: /sso/ping
-> GET /sso/ping,200|298ms
-> request: /v1/api/tickle
-> GET /v1/api/tickle,200|80ms
-> request: /v1/api/tickle
-> GET /v1/api/tickle,200|68ms
-> request: /v1/api/tickle
-> GET /v1/api/tickle,200|65ms
-> request: /v1/api/tickle
-> GET /v1/api/tickle,200|71ms
-> request: /v1/api/tickle
-> GET /v1/api/tickle,200|66ms
-> request: /v1/api/tickle
-> GET /v1/api/tickle,200|52ms
