-> GET /sso/Login?forwardTo=22&RL=1&ip2loc=US
<- 200 GET /sso/Login?forwardTo=22&RL=1&ip2loc=US
-> GET /css/bootstrap-5.2.2/bootstrap.min.css
-> GET /css/fontawesome-6.4.2/all.min.css
-> GET /css/bootstrap-switch-3.3.2/bootstrap-switch.min.css
-> GET /css/reg-am/login.min.css
-> GET /css/ibkr/theme-ibkr-portal.min.css
-> GET /scripts/common/js/jquery-3.7.0/jquery.min.js
<- 200 GET /css/bootstrap-5.2.2/bootstrap.min.css
<- 200 GET /css/bootstrap-switch-3.3.2/bootstrap-switch.min.css
-> GET /scripts/common/js/bootstrap-5.2.2/bootstrap.bundle.min.js
<- 200 GET /css/ibkr/theme-ibkr-portal.min.css
<- 200 GET /css/fontawesome-6.4.2/all.min.css
<- 200 GET /css/reg-am/login.min.css
-> GET /sso/lib/xyz.bundle.min.js
<- 200 GET /scripts/common/js/jquery-3.7.0/jquery.min.js
<- 200 GET /sso/lib/xyz.bundle.min.js
<- 200 GET /scripts/common/js/bootstrap-5.2.2/bootstrap.bundle.min.js
-> GET /images/common/logos/ibkr/interactive-brokers.svg
-> GET /fonts/proxima-nova/Proxima-Nova-Regular.woff2
-> GET /fonts/fontawesome-6.4.2/webfonts/fa-brands-400.woff2
-> GET /fonts/fontawesome-6.4.2/webfonts/fa-solid-900.woff2
-> POST /sso/report
-> POST /portal.proxy/v1/gstat/bulletins
<- 200 GET /images/common/logos/ibkr/interactive-brokers.svg
<- 200 GET /fonts/proxima-nova/Proxima-Nova-Regular.woff2
<- 200 GET /fonts/fontawesome-6.4.2/webfonts/fa-brands-400.woff2
<- 200 GET /fonts/fontawesome-6.4.2/webfonts/fa-solid-900.woff2
-> GET /images/web/favicons/home-screen-icon-128x128.png
<- 200 GET /images/web/favicons/home-screen-icon-128x128.png
<- 204 POST /portal.proxy/v1/gstat/bulletins
<- 200 POST /sso/report
-> POST /sso/Authenticator
<- 200 POST /sso/Authenticator
-> POST /sso/Authenticator
<- 200 POST /sso/Authenticator
-> POST /sso/Authenticator
<- 200 POST /sso/Authenticator
-> POST /sso/Authenticator
<- 200 POST /sso/Authenticator
-> POST /sso/Authenticator
<- 200 POST /sso/Authenticator
-> POST /sso/Dispatcher
<- 302 POST /sso/Dispatcher
-> request: /v1/api/sso/validate?gw=1
-> GET /v1/api/sso/validate?gw=1,200|805ms
-> request: /v1/api/one/user
-> request: /v1/api/ssodh/init
-> sso GET https://api.ibkr.com/v1/api/ssodh/init
-> GET /v1/api/one/user,200|806ms
-> request: /v1/api/ssodh/st
-> sso GET https://api.ibkr.com/v1/api/ssodh/st
-> POST /v1/api/iserver/auth/ssodh/init?publish=true&compete=true
<- 200 POST /v1/api/iserver/auth/ssodh/init?publish=true&compete=true
-> GET /v1/api/iserver/account/orders
<- 200 GET /v1/api/iserver/account/orders
-> POST /v1/api/tickle
<- 200 POST /v1/api/tickle
-> request: /v1/api/iserver/auth/status
-> GET /v1/api/iserver/auth/status,200|579ms
-> request: /v1/api/iserver/accounts
-> GET /v1/api/iserver/accounts,200|588ms
-> request: /v1/api/tickle
-> GET /v1/api/tickle,200|681ms
-> request: /v1/api/tickle
-> GET /v1/api/tickle,200|595ms
-> request: /v1/api/tickle
-> GET /v1/api/tickle,200|509ms
-> request: /v1/api/tickle
-> GET /v1/api/tickle,200|803ms
-> request: /v1/api/tickle
-> GET /v1/api/tickle,200|572ms
-> POST /v1/api/tickle
<- 200 POST /v1/api/tickle
-> request: /v1/api/tickle
-> GET /v1/api/tickle,200|515ms
-> request: /v1/api/tickle
-> GET /v1/api/tickle,200|815ms
-> GET /v1/api/portfolio/U5799398/positions/0?direction=a&period=1W&sort=position
-> GET /v1/api/iserver/account/orders
<- 200 GET /v1/api/iserver/account/orders
<- 200 GET /v1/api/portfolio/U5799398/positions/0?direction=a&period=1W&sort=position
-> POST /v1/api/iserver/auth/ssodh/init?publish=true&compete=true
<- 200 POST /v1/api/iserver/auth/ssodh/init?publish=true&compete=true
-> GET /v1/api/iserver/account/orders
<- 200 GET /v1/api/iserver/account/orders
-> POST /v1/api/tickle
<- 200 POST /v1/api/tickle
-> request: /v1/api/tickle
-> GET /v1/api/tickle,200|528ms
-> request: /v1/api/tickle
-> GET /v1/api/tickle,200|735ms
-> GET /v1/api/iserver/account/orders
<- 200 GET /v1/api/iserver/account/orders
-> GET /v1/api/iserver/marketdata/history?conid=4310&period=30d&bar=1d&outsideRth=false
<- 200 GET /v1/api/iserver/marketdata/history?conid=4310&period=30d&bar=1d&outsideRth=false
-> GET /v1/api/iserver/marketdata/history?conid=4310&period=30d&bar=1d&outsideRth=false
<- 200 GET /v1/api/iserver/marketdata/history?conid=4310&period=30d&bar=1d&outsideRth=false
-> GET /v1/api/iserver/account/orders
<- 200 GET /v1/api/iserver/account/orders
-> DELETE /v1/api/iserver/account/U5799398/order/1383966984
<- 200 DELETE /v1/api/iserver/account/U5799398/order/1383966984
-> DELETE /v1/api/iserver/account/U5799398/order/1383966983
<- 400 DELETE /v1/api/iserver/account/U5799398/order/1383966983
-> DELETE /v1/api/iserver/account/U5799398/order/1383966982
<- 200 DELETE /v1/api/iserver/account/U5799398/order/1383966982
-> request: /sso/ping
-> GET /sso/ping,200|717ms
-> request: /v1/api/tickle
-> GET /v1/api/tickle,200|533ms
-> request: /v1/api/tickle
-> GET /v1/api/tickle,200|623ms
-> POST /v1/api/tickle
<- 200 POST /v1/api/tickle
-> request: /v1/api/tickle
-> GET /v1/api/tickle,200|525ms
-> request: /v1/api/tickle
-> GET /v1/api/tickle,200|767ms
-> POST /v1/api/tickle
<- 200 POST /v1/api/tickle
-> GET /v1/api/iserver/account/orders
<- 200 GET /v1/api/iserver/account/orders
-> GET /v1/api/iserver/marketdata/history?conid=415578518&period=30d&bar=1d&outsideRth=false
<- 200 GET /v1/api/iserver/marketdata/history?conid=415578518&period=30d&bar=1d&outsideRth=false
-> GET /v1/api/iserver/marketdata/history?conid=415578518&period=30d&bar=1d&outsideRth=false
<- 200 GET /v1/api/iserver/marketdata/history?conid=415578518&period=30d&bar=1d&outsideRth=false
-> request: /v1/api/tickle
-> GET /v1/api/tickle,200|1196ms
-> request: /v1/api/tickle
-> GET /v1/api/tickle,200|842ms
-> request: /v1/api/tickle
-> GET /v1/api/tickle,200|511ms
-> GET /v1/api/portfolio/U5799398/positions/0?direction=a&period=1W&sort=position
<- 200 GET /v1/api/portfolio/U5799398/positions/0?direction=a&period=1W&sort=position
-> GET /v1/api/iserver/account/orders
<- 200 GET /v1/api/iserver/account/orders
-> request: /v1/api/tickle
-> GET /v1/api/tickle,200|544ms
-> request: /v1/api/tickle
-> GET /v1/api/tickle,200|534ms
-> request: /v1/api/tickle
-> GET /v1/api/tickle,200|506ms
-> POST /v1/api/tickle
<- 200 POST /v1/api/tickle
-> request: /sso/ping
-> GET /sso/ping,200|923ms
-> request: /v1/api/tickle
-> GET /v1/api/tickle,200|742ms
-> request: /v1/api/tickle
-> GET /v1/api/tickle,200|537ms
-> request: /v1/api/tickle
-> GET /v1/api/tickle,200|522ms
-> request: /v1/api/tickle
-> GET /v1/api/tickle,200|765ms
-> request: /v1/api/tickle
-> GET /v1/api/tickle,200|555ms
-> request: /v1/api/tickle
-> GET /v1/api/tickle,200|759ms
-> POST /v1/api/tickle
<- 200 POST /v1/api/tickle
-> request: /v1/api/tickle
-> GET /v1/api/tickle,200|510ms
-> request: /v1/api/tickle
-> GET /v1/api/tickle,200|518ms
-> request: /v1/api/tickle
-> GET /v1/api/tickle,200|752ms
-> request: /v1/api/tickle
-> GET /v1/api/tickle,200|521ms
-> request: /sso/ping
-> GET /sso/ping,200|1007ms
-> request: /v1/api/tickle
-> GET /v1/api/tickle,200|505ms
-> request: /v1/api/tickle
-> GET /v1/api/tickle,200|726ms
-> request: /v1/api/tickle
-> GET /v1/api/tickle,200|603ms
-> request: /v1/api/tickle
-> GET /v1/api/tickle,200|520ms
-> request: /v1/api/tickle
-> GET /v1/api/tickle,200|523ms
-> request: /v1/api/tickle
-> GET /v1/api/tickle,200|546ms
-> request: /v1/api/tickle
-> GET /v1/api/tickle,200|511ms
-> request: /v1/api/tickle
-> GET /v1/api/tickle,200|536ms
-> request: /v1/api/tickle
-> GET /v1/api/tickle,200|512ms
-> request: /v1/api/tickle
-> GET /v1/api/tickle,200|761ms
-> request: /sso/ping
-> GET /sso/ping,200|930ms
-> request: /v1/api/tickle
-> GET /v1/api/tickle,200|503ms
-> request: /v1/api/tickle
-> GET /v1/api/tickle,200|1437ms
-> request: /v1/api/tickle
-> GET /v1/api/tickle,200|548ms
-> request: /v1/api/tickle
-> GET /v1/api/tickle,200|599ms
-> request: /v1/api/tickle
-> GET /v1/api/tickle,200|735ms
-> request: /v1/api/tickle
-> GET /v1/api/tickle,200|739ms
-> request: /v1/api/tickle
-> GET /v1/api/tickle,200|499ms
-> request: /v1/api/tickle
-> GET /v1/api/tickle,200|754ms
-> request: /v1/api/tickle
-> GET /v1/api/tickle,200|541ms
-> request: /v1/api/tickle
-> GET /v1/api/tickle,200|544ms
-> request: /sso/ping
-> GET /sso/ping,200|1175ms
-> request: /v1/api/tickle
-> GET /v1/api/tickle,200|558ms
-> request: /v1/api/tickle
-> GET /v1/api/tickle,200|753ms
-> request: /v1/api/tickle
-> GET /v1/api/tickle,200|512ms
-> request: /v1/api/tickle
-> GET /v1/api/tickle,200|540ms
-> request: /v1/api/tickle
-> GET /v1/api/tickle,200|737ms
-> request: /v1/api/tickle
-> GET /v1/api/tickle,200|544ms
