-> GET /sso/Login?forwardTo=22&RL=1&ip2loc=US
<- 200 GET /sso/Login?forwardTo=22&RL=1&ip2loc=US
-> GET /css/bootstrap-5.2.2/bootstrap.min.css
-> GET /css/bootstrap-switch-3.3.2/bootstrap-switch.min.css
-> GET /css/reg-am/login.min.css
-> GET /css/ibkr/theme-ibkr-portal.min.css
-> GET /css/fontawesome-6.4.2/all.min.css
-> GET /scripts/common/js/jquery-3.7.0/jquery.min.js
<- 200 GET /css/bootstrap-5.2.2/bootstrap.min.css
<- 200 GET /css/reg-am/login.min.css
<- 200 GET /css/ibkr/theme-ibkr-portal.min.css
<- 200 GET /css/bootstrap-switch-3.3.2/bootstrap-switch.min.css
-> GET /scripts/common/js/bootstrap-5.2.2/bootstrap.bundle.min.js
-> GET /sso/lib/xyz.bundle.min.js
<- 200 GET /scripts/common/js/jquery-3.7.0/jquery.min.js
<- 200 GET /scripts/common/js/bootstrap-5.2.2/bootstrap.bundle.min.js
<- 200 GET /sso/lib/xyz.bundle.min.js
<- 200 GET /css/fontawesome-6.4.2/all.min.css
-> GET /images/common/logos/ibkr/interactive-brokers.svg
-> GET /fonts/proxima-nova/Proxima-Nova-Regular.woff2
-> GET /fonts/fontawesome-6.4.2/webfonts/fa-brands-400.woff2
-> GET /fonts/fontawesome-6.4.2/webfonts/fa-solid-900.woff2
-> POST /sso/report
-> POST /portal.proxy/v1/gstat/bulletins
<- 200 GET /images/common/logos/ibkr/interactive-brokers.svg
<- 200 GET /fonts/proxima-nova/Proxima-Nova-Regular.woff2
<- 200 GET /fonts/fontawesome-6.4.2/webfonts/fa-solid-900.woff2
<- 200 GET /fonts/fontawesome-6.4.2/webfonts/fa-brands-400.woff2
-> GET /images/web/favicons/home-screen-icon-128x128.png
<- 204 POST /portal.proxy/v1/gstat/bulletins
<- 200 GET /images/web/favicons/home-screen-icon-128x128.png
<- 200 POST /sso/report
-> POST /sso/Authenticator
<- 200 POST /sso/Authenticator
-> POST /sso/Authenticator
<- 200 POST /sso/Authenticator
-> POST /sso/Authenticator
<- 200 POST /sso/Authenticator
-> POST /sso/Authenticator
<- 200 POST /sso/Authenticator
-> POST /sso/Authenticator
<- 200 POST /sso/Authenticator
-> POST /sso/Authenticator
<- 200 POST /sso/Authenticator
-> POST /sso/Dispatcher
<- 302 POST /sso/Dispatcher
-> request: /v1/api/sso/validate?gw=1
-> GET /v1/api/sso/validate?gw=1,200|359ms
-> request: /v1/api/one/user
-> request: /v1/api/ssodh/init
-> sso GET https://api.ibkr.com/v1/api/ssodh/init
-> GET /v1/api/one/user,200|449ms
-> request: /v1/api/ssodh/st
-> sso GET https://api.ibkr.com/v1/api/ssodh/st
-> request: /sso/Authenticator?ACTION=PUBLISH_TST&RESP_TYPE=JSON&DEVICE_ID=06b0ea96|FE-76-14-67-FC-57
-> sso GET https://api.ibkr.com/sso/Authenticator?ACTION=PUBLISH_TST&RESP_TYPE=JSON&DEVICE_ID=06b0ea96|FE-76-14-67-FC-57
<- 200 GET https://api.ibkr.com/sso/Authenticator?ACTION=PUBLISH_TST&RESP_TYPE=JSON&DEVICE_ID=06b0ea96|FE-76-14-67-FC-57 0
-> POST /v1/api/iserver/auth/ssodh/init?publish=true&compete=true
<- 200 POST /v1/api/iserver/auth/ssodh/init?publish=true&compete=true
-> GET /v1/api/iserver/account/orders
<- 200 GET /v1/api/iserver/account/orders
-> POST /v1/api/tickle
<- 200 POST /v1/api/tickle
-> request: /v1/api/iserver/auth/status
-> GET /v1/api/iserver/auth/status,200|98ms
-> request: /v1/api/iserver/accounts
-> GET /v1/api/iserver/accounts,200|106ms
-> request: /v1/api/tickle
-> GET /v1/api/tickle,200|100ms
-> GET /v1/api/iserver/account/orders
<- 200 GET /v1/api/iserver/account/orders
-> DELETE /v1/api/iserver/account/U5799398/order/93845078
<- 200 DELETE /v1/api/iserver/account/U5799398/order/93845078
-> DELETE /v1/api/iserver/account/U5799398/order/93845077
<- 400 DELETE /v1/api/iserver/account/U5799398/order/93845077
-> DELETE /v1/api/iserver/account/U5799398/order/93845076
<- 200 DELETE /v1/api/iserver/account/U5799398/order/93845076
-> request: /v1/api/tickle
-> GET /v1/api/tickle,200|337ms
-> request: /v1/api/tickle
-> GET /v1/api/tickle,200|133ms
-> request: /v1/api/tickle
-> GET /v1/api/tickle,200|352ms
-> request: /v1/api/tickle
-> GET /v1/api/tickle,200|375ms
-> POST /v1/api/tickle
-> request: /v1/api/tickle
<- 200 POST /v1/api/tickle
-> GET /v1/api/tickle,200|112ms
-> request: /v1/api/tickle
-> GET /v1/api/tickle,200|117ms
-> request: /v1/api/tickle
-> GET /v1/api/tickle,200|122ms
-> GET /v1/api/iserver/account/orders
<- 200 GET /v1/api/iserver/account/orders
-> GET /v1/api/iserver/account/orders
<- 200 GET /v1/api/iserver/account/orders
-> POST /v1/api/iserver/account/U5799398/order/286523944
<- 200 POST /v1/api/iserver/account/U5799398/order/286523944
-> GET /v1/api/iserver/account/orders
<- 200 GET /v1/api/iserver/account/orders
-> GET /v1/api/iserver/marketdata/history?conid=695996615&period=30d&bar=1d&outsideRth=false
<- 200 GET /v1/api/iserver/marketdata/history?conid=695996615&period=30d&bar=1d&outsideRth=false
-> GET /v1/api/iserver/marketdata/history?conid=695996615&period=30d&bar=1d&outsideRth=false
<- 200 GET /v1/api/iserver/marketdata/history?conid=695996615&period=30d&bar=1d&outsideRth=false
-> GET /v1/api/iserver/account/orders
<- 200 GET /v1/api/iserver/account/orders
-> request: /v1/api/tickle
-> GET /v1/api/tickle,200|131ms
-> request: /sso/ping
-> GET /sso/ping,200|373ms
-> request: /v1/api/tickle
-> GET /v1/api/tickle,200|134ms
-> request: /v1/api/tickle
-> GET /v1/api/tickle,200|169ms
-> request: /v1/api/tickle
-> POST /v1/api/tickle
-> GET /v1/api/tickle,200|132ms
<- 200 POST /v1/api/tickle
-> request: /v1/api/tickle
-> GET /v1/api/tickle,200|141ms
-> request: /v1/api/tickle
-> GET /v1/api/tickle,200|375ms
-> request: /v1/api/tickle
-> GET /v1/api/tickle,200|128ms
-> request: /v1/api/tickle
-> GET /v1/api/tickle,200|131ms
-> request: /v1/api/tickle
-> GET /v1/api/tickle,200|150ms
-> GET /v1/api/iserver/secdef/search?symbol=SION&secType=STK
<- 200 GET /v1/api/iserver/secdef/search?symbol=SION&secType=STK
-> request: /v1/api/tickle
-> GET /v1/api/tickle,200|141ms
-> POST /v1/api/tickle
<- 200 POST /v1/api/tickle
-> GET /v1/api/portfolio/U5799398/summary
<- 200 GET /v1/api/portfolio/U5799398/summary
-> GET /v1/api/iserver/account/orders
-> GET /v1/api/portfolio/U5799398/positions/0?direction=a&period=1W&sort=position
<- 200 GET /v1/api/portfolio/U5799398/positions/0?direction=a&period=1W&sort=position
<- 200 GET /v1/api/iserver/account/orders
-> request: /v1/api/tickle
-> GET /v1/api/tickle,200|129ms
-> GET /v1/api/iserver/secdef/search?symbol=SION&secType=STK
<- 200 GET /v1/api/iserver/secdef/search?symbol=SION&secType=STK
-> GET /v1/api/iserver/account/orders
<- 200 GET /v1/api/iserver/account/orders
-> GET /v1/api/portfolio/U5799398/summary
<- 200 GET /v1/api/portfolio/U5799398/summary
-> POST /v1/api/iserver/account/U5799398/orders
<- 200 POST /v1/api/iserver/account/U5799398/orders
-> POST /v1/api/iserver/reply/8f0da265-6b61-4d0e-83c2-0073c9250af5
<- 200 POST /v1/api/iserver/reply/8f0da265-6b61-4d0e-83c2-0073c9250af5
-> POST /v1/api/iserver/reply/989d56f8-b4ef-447b-bab9-ead4bda11ae6
<- 200 POST /v1/api/iserver/reply/989d56f8-b4ef-447b-bab9-ead4bda11ae6
-> POST /v1/api/iserver/reply/e93a99d2-aea2-46c5-bf46-ce390b308f6f
<- 200 POST /v1/api/iserver/reply/e93a99d2-aea2-46c5-bf46-ce390b308f6f
-> GET /v1/api/iserver/account/orders
<- 200 GET /v1/api/iserver/account/orders
-> GET /v1/api/iserver/marketdata/history?conid=759904217&period=30d&bar=1d&outsideRth=false
<- 200 GET /v1/api/iserver/marketdata/history?conid=759904217&period=30d&bar=1d&outsideRth=false
-> GET /v1/api/iserver/marketdata/history?conid=759904217&period=30d&bar=1d&outsideRth=false
<- 200 GET /v1/api/iserver/marketdata/history?conid=759904217&period=30d&bar=1d&outsideRth=false
-> GET /v1/api/iserver/account/orders
<- 200 GET /v1/api/iserver/account/orders
-> GET /v1/api/iserver/marketdata/history?conid=759904217&period=30d&bar=1d&outsideRth=false
<- 200 GET /v1/api/iserver/marketdata/history?conid=759904217&period=30d&bar=1d&outsideRth=false
-> GET /v1/api/iserver/marketdata/history?conid=759904217&period=30d&bar=1d&outsideRth=false
<- 200 GET /v1/api/iserver/marketdata/history?conid=759904217&period=30d&bar=1d&outsideRth=false
-> GET /v1/api/iserver/account/orders
<- 200 GET /v1/api/iserver/account/orders
-> GET /v1/api/iserver/account/orders
<- 200 GET /v1/api/iserver/account/orders
-> POST /v1/api/iserver/account/U5799398/order/1083084136
<- 200 POST /v1/api/iserver/account/U5799398/order/1083084136
-> GET /v1/api/iserver/account/orders
<- 200 GET /v1/api/iserver/account/orders
-> GET /v1/api/iserver/marketdata/history?conid=759904217&period=30d&bar=1d&outsideRth=false
<- 200 GET /v1/api/iserver/marketdata/history?conid=759904217&period=30d&bar=1d&outsideRth=false
-> GET /v1/api/iserver/marketdata/history?conid=759904217&period=30d&bar=1d&outsideRth=false
<- 200 GET /v1/api/iserver/marketdata/history?conid=759904217&period=30d&bar=1d&outsideRth=false
-> GET /v1/api/iserver/account/orders
<- 200 GET /v1/api/iserver/account/orders
-> request: /sso/ping
-> GET /sso/ping,200|328ms
-> request: /v1/api/tickle
-> GET /v1/api/tickle,200|282ms
-> request: /v1/api/tickle
-> GET /v1/api/tickle,200|125ms
-> GET /v1/api/iserver/account/orders
<- 200 GET /v1/api/iserver/account/orders
-> GET /v1/api/iserver/account/orders
<- 200 GET /v1/api/iserver/account/orders
-> POST /v1/api/iserver/account/U5799398/order/1083084136
<- 200 POST /v1/api/iserver/account/U5799398/order/1083084136
-> GET /v1/api/iserver/account/orders
<- 200 GET /v1/api/iserver/account/orders
-> GET /v1/api/iserver/marketdata/history?conid=759904217&period=30d&bar=1d&outsideRth=false
<- 200 GET /v1/api/iserver/marketdata/history?conid=759904217&period=30d&bar=1d&outsideRth=false
-> GET /v1/api/iserver/marketdata/history?conid=759904217&period=30d&bar=1d&outsideRth=false
<- 200 GET /v1/api/iserver/marketdata/history?conid=759904217&period=30d&bar=1d&outsideRth=false
-> GET /v1/api/iserver/account/orders
<- 200 GET /v1/api/iserver/account/orders
-> request: /v1/api/tickle
-> GET /v1/api/tickle,200|363ms
-> request: /v1/api/tickle
-> GET /v1/api/tickle,200|141ms
-> request: /v1/api/tickle
-> GET /v1/api/tickle,200|131ms
-> POST /v1/api/tickle
<- 200 POST /v1/api/tickle
-> request: /v1/api/tickle
-> GET /v1/api/tickle,200|126ms
-> request: /v1/api/tickle
-> GET /v1/api/tickle,200|136ms
-> GET /v1/api/iserver/account/trades
<- 200 GET /v1/api/iserver/account/trades
-> GET /v1/api/iserver/account/trades
<- 200 GET /v1/api/iserver/account/trades
-> request: /v1/api/tickle
-> GET /v1/api/tickle,200|138ms
-> request: /v1/api/tickle
-> GET /v1/api/tickle,200|126ms
-> request: /v1/api/tickle
-> GET /v1/api/tickle,200|131ms
-> request: /sso/ping
-> GET /sso/ping,200|641ms
-> request: /v1/api/tickle
-> GET /v1/api/tickle,200|133ms
-> POST /v1/api/tickle
<- 200 POST /v1/api/tickle
-> GET /v1/api/iserver/account/trades
<- 200 GET /v1/api/iserver/account/trades
-> request: /v1/api/tickle
-> GET /v1/api/tickle,200|134ms
-> request: /v1/api/tickle
-> GET /v1/api/tickle,200|167ms
-> request: /v1/api/tickle
-> GET /v1/api/tickle,200|133ms
-> request: /v1/api/tickle
-> GET /v1/api/tickle,200|125ms
-> request: /v1/api/tickle
-> GET /v1/api/tickle,200|139ms
-> request: /v1/api/tickle
-> GET /v1/api/tickle,200|137ms
-> POST /v1/api/tickle
<- 200 POST /v1/api/tickle
-> GET /v1/api/iserver/account/orders
<- 200 GET /v1/api/iserver/account/orders
-> GET /v1/api/iserver/account/orders
<- 200 GET /v1/api/iserver/account/orders
-> POST /v1/api/iserver/account/U5799398/order/758547498
<- 200 POST /v1/api/iserver/account/U5799398/order/758547498
-> GET /v1/api/iserver/account/orders
<- 200 GET /v1/api/iserver/account/orders
-> GET /v1/api/iserver/marketdata/history?conid=391048323&period=30d&bar=1d&outsideRth=false
<- 200 GET /v1/api/iserver/marketdata/history?conid=391048323&period=30d&bar=1d&outsideRth=false
-> GET /v1/api/iserver/marketdata/history?conid=391048323&period=30d&bar=1d&outsideRth=false
<- 200 GET /v1/api/iserver/marketdata/history?conid=391048323&period=30d&bar=1d&outsideRth=false
-> GET /v1/api/iserver/account/orders
<- 200 GET /v1/api/iserver/account/orders
-> request: /v1/api/tickle
-> GET /v1/api/tickle,200|108ms
-> request: /v1/api/tickle
-> GET /v1/api/tickle,200|138ms
-> GET /v1/api/iserver/account/orders
<- 200 GET /v1/api/iserver/account/orders
-> GET /v1/api/iserver/account/orders
<- 200 GET /v1/api/iserver/account/orders
-> POST /v1/api/iserver/account/U5799398/order/2114802825
<- 200 POST /v1/api/iserver/account/U5799398/order/2114802825
-> GET /v1/api/iserver/account/orders
<- 200 GET /v1/api/iserver/account/orders
-> GET /v1/api/iserver/marketdata/history?conid=12460&period=30d&bar=1d&outsideRth=false
<- 200 GET /v1/api/iserver/marketdata/history?conid=12460&period=30d&bar=1d&outsideRth=false
-> GET /v1/api/iserver/marketdata/history?conid=12460&period=30d&bar=1d&outsideRth=false
<- 200 GET /v1/api/iserver/marketdata/history?conid=12460&period=30d&bar=1d&outsideRth=false
-> GET /v1/api/iserver/account/orders
<- 200 GET /v1/api/iserver/account/orders
-> request: /v1/api/tickle
-> GET /v1/api/tickle,200|111ms
-> GET /v1/api/iserver/account/orders
<- 200 GET /v1/api/iserver/account/orders
-> GET /v1/api/iserver/account/orders
<- 200 GET /v1/api/iserver/account/orders
-> POST /v1/api/iserver/account/U5799398/order/658676953
<- 200 POST /v1/api/iserver/account/U5799398/order/658676953
-> GET /v1/api/iserver/account/orders
<- 200 GET /v1/api/iserver/account/orders
-> GET /v1/api/iserver/marketdata/history?conid=9485&period=30d&bar=1d&outsideRth=false
<- 200 GET /v1/api/iserver/marketdata/history?conid=9485&period=30d&bar=1d&outsideRth=false
-> GET /v1/api/iserver/marketdata/history?conid=9485&period=30d&bar=1d&outsideRth=false
<- 200 GET /v1/api/iserver/marketdata/history?conid=9485&period=30d&bar=1d&outsideRth=false
-> GET /v1/api/iserver/account/orders
<- 200 GET /v1/api/iserver/account/orders
-> request: /sso/ping
-> GET /sso/ping,200|319ms
-> request: /v1/api/tickle
-> GET /v1/api/tickle,200|151ms
-> GET /v1/api/iserver/account/orders
<- 200 GET /v1/api/iserver/account/orders
-> GET /v1/api/iserver/account/orders
<- 200 GET /v1/api/iserver/account/orders
-> POST /v1/api/iserver/account/U5799398/order/1198175565
<- 200 POST /v1/api/iserver/account/U5799398/order/1198175565
-> GET /v1/api/iserver/account/orders
<- 200 GET /v1/api/iserver/account/orders
-> GET /v1/api/iserver/marketdata/history?conid=239037320&period=30d&bar=1d&outsideRth=false
<- 200 GET /v1/api/iserver/marketdata/history?conid=239037320&period=30d&bar=1d&outsideRth=false
-> GET /v1/api/iserver/marketdata/history?conid=239037320&period=30d&bar=1d&outsideRth=false
<- 200 GET /v1/api/iserver/marketdata/history?conid=239037320&period=30d&bar=1d&outsideRth=false
-> GET /v1/api/iserver/account/orders
<- 200 GET /v1/api/iserver/account/orders
-> request: /v1/api/tickle
-> GET /v1/api/tickle,200|152ms
-> request: /v1/api/tickle
-> GET /v1/api/tickle,200|135ms
-> POST /v1/api/tickle
<- 200 POST /v1/api/tickle
-> request: /v1/api/tickle
-> GET /v1/api/tickle,200|154ms
-> request: /v1/api/tickle
-> GET /v1/api/tickle,200|181ms
-> request: /v1/api/tickle
-> GET /v1/api/tickle,200|181ms
-> GET /v1/api/iserver/account/orders
<- 200 GET /v1/api/iserver/account/orders
-> GET /v1/api/iserver/account/orders
<- 200 GET /v1/api/iserver/account/orders
-> POST /v1/api/iserver/account/U5799398/order/1198175482
<- 200 POST /v1/api/iserver/account/U5799398/order/1198175482
-> GET /v1/api/iserver/account/orders
<- 200 GET /v1/api/iserver/account/orders
-> GET /v1/api/iserver/marketdata/history?conid=263975426&period=30d&bar=1d&outsideRth=false
<- 200 GET /v1/api/iserver/marketdata/history?conid=263975426&period=30d&bar=1d&outsideRth=false
-> GET /v1/api/iserver/marketdata/history?conid=263975426&period=30d&bar=1d&outsideRth=false
<- 200 GET /v1/api/iserver/marketdata/history?conid=263975426&period=30d&bar=1d&outsideRth=false
-> GET /v1/api/iserver/account/orders
<- 200 GET /v1/api/iserver/account/orders
-> request: /v1/api/tickle
-> GET /v1/api/tickle,200|195ms
-> request: /v1/api/tickle
-> GET /v1/api/tickle,200|193ms
-> request: /v1/api/tickle
-> GET /v1/api/tickle,200|206ms
-> POST /v1/api/tickle
<- 200 POST /v1/api/tickle
-> request: /v1/api/tickle
-> GET /v1/api/tickle,200|185ms
-> GET /v1/api/iserver/account/orders
<- 200 GET /v1/api/iserver/account/orders
-> GET /v1/api/iserver/account/orders
<- 200 GET /v1/api/iserver/account/orders
-> POST /v1/api/iserver/account/U5799398/order/658676822
<- 200 POST /v1/api/iserver/account/U5799398/order/658676822
-> GET /v1/api/iserver/account/orders
<- 200 GET /v1/api/iserver/account/orders
-> GET /v1/api/iserver/marketdata/history?conid=12374&period=30d&bar=1d&outsideRth=false
<- 200 GET /v1/api/iserver/marketdata/history?conid=12374&period=30d&bar=1d&outsideRth=false
-> GET /v1/api/iserver/marketdata/history?conid=12374&period=30d&bar=1d&outsideRth=false
<- 200 GET /v1/api/iserver/marketdata/history?conid=12374&period=30d&bar=1d&outsideRth=false
-> GET /v1/api/iserver/account/orders
<- 200 GET /v1/api/iserver/account/orders
-> request: /sso/ping
-> GET /sso/ping,200|376ms
-> request: /v1/api/tickle
-> GET /v1/api/tickle,200|172ms
-> request: /v1/api/tickle
-> GET /v1/api/tickle,200|181ms
-> request: /v1/api/tickle
-> GET /v1/api/tickle,200|188ms
-> GET /v1/api/iserver/account/orders
<- 200 GET /v1/api/iserver/account/orders
-> GET /v1/api/iserver/account/orders
<- 200 GET /v1/api/iserver/account/orders
-> POST /v1/api/iserver/account/U5799398/order/286523793
<- 200 POST /v1/api/iserver/account/U5799398/order/286523793
-> GET /v1/api/iserver/account/orders
<- 200 GET /v1/api/iserver/account/orders
-> GET /v1/api/iserver/marketdata/history?conid=271320&period=30d&bar=1d&outsideRth=false
<- 200 GET /v1/api/iserver/marketdata/history?conid=271320&period=30d&bar=1d&outsideRth=false
-> GET /v1/api/iserver/marketdata/history?conid=271320&period=30d&bar=1d&outsideRth=false
<- 200 GET /v1/api/iserver/marketdata/history?conid=271320&period=30d&bar=1d&outsideRth=false
-> GET /v1/api/iserver/account/orders
<- 200 GET /v1/api/iserver/account/orders
-> request: /v1/api/tickle
-> GET /v1/api/tickle,200|206ms
-> request: /v1/api/tickle
-> GET /v1/api/tickle,200|173ms
-> POST /v1/api/tickle
<- 200 POST /v1/api/tickle
-> request: /v1/api/tickle
-> GET /v1/api/tickle,200|154ms
-> request: /v1/api/tickle
-> GET /v1/api/tickle,200|265ms
-> request: /v1/api/tickle
-> GET /v1/api/tickle,200|187ms
-> request: /v1/api/tickle
-> GET /v1/api/tickle,200|262ms
-> request: /v1/api/tickle
-> GET /v1/api/tickle,200|357ms
-> request: /sso/ping
-> GET /sso/ping,200|419ms
-> request: /v1/api/tickle
-> GET /v1/api/tickle,200|204ms
-> POST /v1/api/tickle
<- 200 POST /v1/api/tickle
-> request: /v1/api/tickle
-> GET /v1/api/tickle,200|195ms
-> request: /v1/api/tickle
-> GET /v1/api/tickle,200|208ms
-> request: /v1/api/tickle
-> GET /v1/api/tickle,200|232ms
-> request: /v1/api/tickle
-> GET /v1/api/tickle,200|208ms
-> request: /v1/api/tickle
-> GET /v1/api/tickle,200|218ms
-> request: /v1/api/tickle
-> GET /v1/api/tickle,200|253ms
-> GET /v1/api/iserver/secdef/search?symbol=TWST&secType=STK
<- 200 GET /v1/api/iserver/secdef/search?symbol=TWST&secType=STK
-> request: /v1/api/tickle
-> GET /v1/api/tickle,200|187ms
-> GET /v1/api/portfolio/U5799398/summary
<- 200 GET /v1/api/portfolio/U5799398/summary
-> GET /v1/api/portfolio/U5799398/positions/0?direction=a&period=1W&sort=position
-> GET /v1/api/iserver/account/orders
<- 200 GET /v1/api/iserver/account/orders
<- 200 GET /v1/api/portfolio/U5799398/positions/0?direction=a&period=1W&sort=position
-> request: /v1/api/tickle
-> GET /v1/api/tickle,200|200ms
-> GET /v1/api/iserver/secdef/search?symbol=TWST&secType=STK
<- 200 GET /v1/api/iserver/secdef/search?symbol=TWST&secType=STK
-> GET /v1/api/iserver/account/orders
<- 200 GET /v1/api/iserver/account/orders
-> GET /v1/api/portfolio/U5799398/summary
<- 200 GET /v1/api/portfolio/U5799398/summary
-> POST /v1/api/iserver/account/U5799398/orders
<- 200 POST /v1/api/iserver/account/U5799398/orders
-> POST /v1/api/iserver/reply/acfc337e-a83d-4242-b2ed-bf1bc2d2d200
<- 200 POST /v1/api/iserver/reply/acfc337e-a83d-4242-b2ed-bf1bc2d2d200
-> POST /v1/api/iserver/reply/a908214d-c939-4b99-9130-0cc5dcbe98d7
<- 200 POST /v1/api/iserver/reply/a908214d-c939-4b99-9130-0cc5dcbe98d7
-> POST /v1/api/iserver/reply/a2c345f7-bd82-45fe-9ba5-3bc0f0c4fbdb
<- 200 POST /v1/api/iserver/reply/a2c345f7-bd82-45fe-9ba5-3bc0f0c4fbdb
-> GET /v1/api/iserver/account/orders
<- 200 GET /v1/api/iserver/account/orders
-> GET /v1/api/iserver/marketdata/history?conid=339974449&period=30d&bar=1d&outsideRth=false
<- 200 GET /v1/api/iserver/marketdata/history?conid=339974449&period=30d&bar=1d&outsideRth=false
-> GET /v1/api/iserver/marketdata/history?conid=339974449&period=30d&bar=1d&outsideRth=false
<- 200 GET /v1/api/iserver/marketdata/history?conid=339974449&period=30d&bar=1d&outsideRth=false
-> GET /v1/api/iserver/account/orders
<- 200 GET /v1/api/iserver/account/orders
-> GET /v1/api/iserver/marketdata/history?conid=339974449&period=30d&bar=1d&outsideRth=false
<- 200 GET /v1/api/iserver/marketdata/history?conid=339974449&period=30d&bar=1d&outsideRth=false
-> GET /v1/api/iserver/marketdata/history?conid=339974449&period=30d&bar=1d&outsideRth=false
<- 200 GET /v1/api/iserver/marketdata/history?conid=339974449&period=30d&bar=1d&outsideRth=false
-> GET /v1/api/iserver/account/orders
<- 200 GET /v1/api/iserver/account/orders
-> GET /v1/api/iserver/account/orders
<- 200 GET /v1/api/iserver/account/orders
-> POST /v1/api/iserver/account/U5799398/order/1083084146
<- 200 POST /v1/api/iserver/account/U5799398/order/1083084146
-> GET /v1/api/iserver/account/orders
<- 200 GET /v1/api/iserver/account/orders
-> request: /v1/api/tickle
-> GET /v1/api/iserver/marketdata/history?conid=339974449&period=30d&bar=1d&outsideRth=false
<- 200 GET /v1/api/iserver/marketdata/history?conid=339974449&period=30d&bar=1d&outsideRth=false
-> GET /v1/api/tickle,200|206ms
-> GET /v1/api/iserver/marketdata/history?conid=339974449&period=30d&bar=1d&outsideRth=false
<- 200 GET /v1/api/iserver/marketdata/history?conid=339974449&period=30d&bar=1d&outsideRth=false
-> GET /v1/api/iserver/account/orders
<- 200 GET /v1/api/iserver/account/orders
-> GET /v1/api/portfolio/U5799398/positions/0?direction=a&period=1W&sort=position
<- 200 GET /v1/api/portfolio/U5799398/positions/0?direction=a&period=1W&sort=position
-> GET /v1/api/iserver/account/orders
<- 200 GET /v1/api/iserver/account/orders
-> request: /sso/ping
-> GET /sso/ping,200|341ms
-> request: /v1/api/tickle
-> GET /v1/api/tickle,200|164ms
-> GET /v1/api/iserver/secdef/search?symbol=ALLE&secType=STK
<- 200 GET /v1/api/iserver/secdef/search?symbol=ALLE&secType=STK
-> POST /v1/api/iserver/account/U5799398/orders
<- 200 POST /v1/api/iserver/account/U5799398/orders
-> POST /v1/api/iserver/reply/bc3ac977-6f56-49ab-a426-68fa649c6c83
<- 200 POST /v1/api/iserver/reply/bc3ac977-6f56-49ab-a426-68fa649c6c83
-> POST /v1/api/iserver/reply/2e3d6de4-a9cb-4039-abf7-525c052921d9
<- 200 POST /v1/api/iserver/reply/2e3d6de4-a9cb-4039-abf7-525c052921d9
-> POST /v1/api/iserver/account/U5799398/orders
<- 200 POST /v1/api/iserver/account/U5799398/orders
-> POST /v1/api/iserver/reply/654e03dd-1fb1-4d79-b8e5-9b5dc3b379f3
<- 200 POST /v1/api/iserver/reply/654e03dd-1fb1-4d79-b8e5-9b5dc3b379f3
-> GET /v1/api/iserver/account/orders
<- 200 GET /v1/api/iserver/account/orders
-> GET /v1/api/iserver/marketdata/history?conid=138438437&period=30d&bar=1d&outsideRth=false
-> request: /v1/api/tickle
-> GET /v1/api/tickle,200|145ms
<- 200 GET /v1/api/iserver/marketdata/history?conid=138438437&period=30d&bar=1d&outsideRth=false
-> GET /v1/api/iserver/marketdata/history?conid=138438437&period=30d&bar=1d&outsideRth=false
<- 200 GET /v1/api/iserver/marketdata/history?conid=138438437&period=30d&bar=1d&outsideRth=false
-> GET /v1/api/iserver/account/orders
<- 200 GET /v1/api/iserver/account/orders
-> GET /v1/api/iserver/marketdata/history?conid=138438437&period=30d&bar=1d&outsideRth=false
<- 200 GET /v1/api/iserver/marketdata/history?conid=138438437&period=30d&bar=1d&outsideRth=false
-> GET /v1/api/iserver/marketdata/history?conid=138438437&period=30d&bar=1d&outsideRth=false
<- 200 GET /v1/api/iserver/marketdata/history?conid=138438437&period=30d&bar=1d&outsideRth=false
-> request: /v1/api/tickle
-> GET /v1/api/tickle,200|176ms
-> request: /v1/api/tickle
-> GET /v1/api/tickle,200|169ms
-> request: /v1/api/tickle
-> GET /v1/api/tickle,200|128ms
-> request: /v1/api/tickle
-> GET /v1/api/tickle,200|136ms
-> request: /v1/api/tickle
-> GET /v1/api/tickle,200|158ms
-> GET /v1/api/iserver/secdef/search?symbol=ERAS&secType=STK
<- 200 GET /v1/api/iserver/secdef/search?symbol=ERAS&secType=STK
-> request: /v1/api/tickle
-> GET /v1/api/tickle,200|163ms
-> GET /v1/api/portfolio/U5799398/summary
<- 200 GET /v1/api/portfolio/U5799398/summary
-> GET /v1/api/portfolio/U5799398/positions/0?direction=a&period=1W&sort=position
-> GET /v1/api/iserver/account/orders
<- 200 GET /v1/api/iserver/account/orders
<- 200 GET /v1/api/portfolio/U5799398/positions/0?direction=a&period=1W&sort=position
-> request: /v1/api/tickle
-> GET /v1/api/tickle,200|133ms
-> GET /v1/api/iserver/secdef/search?symbol=ERAS&secType=STK
<- 200 GET /v1/api/iserver/secdef/search?symbol=ERAS&secType=STK
-> GET /v1/api/iserver/account/orders
<- 200 GET /v1/api/iserver/account/orders
-> GET /v1/api/portfolio/U5799398/summary
<- 200 GET /v1/api/portfolio/U5799398/summary
-> POST /v1/api/iserver/account/U5799398/orders
<- 200 POST /v1/api/iserver/account/U5799398/orders
-> POST /v1/api/iserver/reply/b1b4a242-e922-4acb-a161-0f1a61006a2c
<- 200 POST /v1/api/iserver/reply/b1b4a242-e922-4acb-a161-0f1a61006a2c
-> POST /v1/api/iserver/reply/f1498450-c448-41b4-bf8b-3545c3c106d5
<- 200 POST /v1/api/iserver/reply/f1498450-c448-41b4-bf8b-3545c3c106d5
-> POST /v1/api/iserver/reply/61b841d2-ac24-4ec4-95b4-af2bf6d7e8b0
<- 200 POST /v1/api/iserver/reply/61b841d2-ac24-4ec4-95b4-af2bf6d7e8b0
-> GET /v1/api/iserver/account/orders
<- 200 GET /v1/api/iserver/account/orders
-> GET /v1/api/iserver/marketdata/history?conid=502252181&period=30d&bar=1d&outsideRth=false
<- 200 GET /v1/api/iserver/marketdata/history?conid=502252181&period=30d&bar=1d&outsideRth=false
-> GET /v1/api/iserver/marketdata/history?conid=502252181&period=30d&bar=1d&outsideRth=false
<- 200 GET /v1/api/iserver/marketdata/history?conid=502252181&period=30d&bar=1d&outsideRth=false
-> GET /v1/api/iserver/account/orders
<- 200 GET /v1/api/iserver/account/orders
-> GET /v1/api/iserver/marketdata/history?conid=502252181&period=30d&bar=1d&outsideRth=false
<- 200 GET /v1/api/iserver/marketdata/history?conid=502252181&period=30d&bar=1d&outsideRth=false
-> GET /v1/api/iserver/marketdata/history?conid=502252181&period=30d&bar=1d&outsideRth=false
<- 200 GET /v1/api/iserver/marketdata/history?conid=502252181&period=30d&bar=1d&outsideRth=false
-> GET /v1/api/iserver/account/orders
<- 200 GET /v1/api/iserver/account/orders
-> GET /v1/api/iserver/account/orders
<- 200 GET /v1/api/iserver/account/orders
-> POST /v1/api/iserver/account/U5799398/order/1083084151
<- 200 POST /v1/api/iserver/account/U5799398/order/1083084151
-> GET /v1/api/iserver/account/orders
<- 200 GET /v1/api/iserver/account/orders
-> request: /v1/api/tickle
-> GET /v1/api/tickle,200|213ms
-> GET /v1/api/iserver/marketdata/history?conid=502252181&period=30d&bar=1d&outsideRth=false
<- 200 GET /v1/api/iserver/marketdata/history?conid=502252181&period=30d&bar=1d&outsideRth=false
-> GET /v1/api/iserver/marketdata/history?conid=502252181&period=30d&bar=1d&outsideRth=false
<- 200 GET /v1/api/iserver/marketdata/history?conid=502252181&period=30d&bar=1d&outsideRth=false
-> GET /v1/api/iserver/account/orders
<- 200 GET /v1/api/iserver/account/orders
-> request: /sso/ping
-> GET /sso/ping,200|394ms
-> request: /v1/api/tickle
-> GET /v1/api/tickle,200|110ms
-> request: /v1/api/tickle
-> GET /v1/api/tickle,200|140ms
-> request: /v1/api/tickle
-> GET /v1/api/tickle,200|171ms
-> request: /v1/api/tickle
-> GET /v1/api/tickle,200|139ms
-> request: /v1/api/tickle
-> GET /v1/api/tickle,200|136ms
-> request: /v1/api/tickle
-> GET /v1/api/tickle,200|138ms
-> request: /v1/api/tickle
-> GET /v1/api/tickle,200|125ms
-> request: /v1/api/tickle
-> GET /v1/api/tickle,200|118ms
-> request: /v1/api/tickle
-> GET /v1/api/tickle,200|142ms
-> request: /v1/api/tickle
-> GET /v1/api/tickle,200|154ms
-> request: /sso/ping
-> GET /sso/ping,200|325ms
-> request: /v1/api/tickle
-> GET /v1/api/tickle,200|177ms
-> request: /v1/api/tickle
-> GET /v1/api/tickle,200|137ms
-> request: /v1/api/tickle
-> GET /v1/api/tickle,200|177ms
-> request: /v1/api/tickle
-> GET /v1/api/tickle,200|217ms
-> request: /v1/api/tickle
-> GET /v1/api/tickle,200|121ms
-> GET /v1/api/iserver/account/trades
<- 200 GET /v1/api/iserver/account/trades
-> request: /v1/api/tickle
-> GET /v1/api/tickle,200|130ms
-> GET /v1/api/iserver/account/orders
<- 200 GET /v1/api/iserver/account/orders
-> GET /v1/api/iserver/marketdata/history?conid=849557888&period=30d&bar=1d&outsideRth=false
<- 200 GET /v1/api/iserver/marketdata/history?conid=849557888&period=30d&bar=1d&outsideRth=false
-> GET /v1/api/iserver/marketdata/history?conid=849557888&period=30d&bar=1d&outsideRth=false
<- 200 GET /v1/api/iserver/marketdata/history?conid=849557888&period=30d&bar=1d&outsideRth=false
-> GET /v1/api/iserver/marketdata/history?conid=849557888&period=30d&bar=1d&outsideRth=false
<- 200 GET /v1/api/iserver/marketdata/history?conid=849557888&period=30d&bar=1d&outsideRth=false
-> GET /v1/api/iserver/marketdata/history?conid=849557888&period=30d&bar=1d&outsideRth=false
<- 200 GET /v1/api/iserver/marketdata/history?conid=849557888&period=30d&bar=1d&outsideRth=false
-> request: /v1/api/tickle
-> GET /v1/api/tickle,200|155ms
-> request: /v1/api/tickle
-> GET /v1/api/tickle,200|120ms
-> GET /v1/api/portfolio/U5799398/positions/0?direction=a&period=1W&sort=position
<- 200 GET /v1/api/portfolio/U5799398/positions/0?direction=a&period=1W&sort=position
-> GET /v1/api/iserver/account/orders
<- 200 GET /v1/api/iserver/account/orders
-> GET /v1/api/iserver/marketdata/history?conid=849557888&period=30d&bar=1d&outsideRth=false
<- 200 GET /v1/api/iserver/marketdata/history?conid=849557888&period=30d&bar=1d&outsideRth=false
-> GET /v1/api/iserver/marketdata/history?conid=849557888&period=30d&bar=1d&outsideRth=false
<- 200 GET /v1/api/iserver/marketdata/history?conid=849557888&period=30d&bar=1d&outsideRth=false
-> GET /v1/api/iserver/marketdata/history?conid=849557888&period=30d&bar=1d&outsideRth=false
<- 200 GET /v1/api/iserver/marketdata/history?conid=849557888&period=30d&bar=1d&outsideRth=false
-> GET /v1/api/iserver/marketdata/history?conid=849557888&period=30d&bar=1d&outsideRth=false
<- 200 GET /v1/api/iserver/marketdata/history?conid=849557888&period=30d&bar=1d&outsideRth=false
-> POST /v1/api/iserver/account/U5799398/orders
<- 200 POST /v1/api/iserver/account/U5799398/orders
-> POST /v1/api/iserver/reply/9201891a-24b2-433c-8f85-6b76f88c84d8
<- 200 POST /v1/api/iserver/reply/9201891a-24b2-433c-8f85-6b76f88c84d8
-> GET /v1/api/iserver/account/orders
<- 200 GET /v1/api/iserver/account/orders
-> POST /v1/api/iserver/account/U5799398/order/177393568
<- 200 POST /v1/api/iserver/account/U5799398/order/177393568
-> GET /v1/api/iserver/account/orders
<- 200 GET /v1/api/iserver/account/orders
-> POST /v1/api/iserver/account/U5799398/order/177393569
<- 200 POST /v1/api/iserver/account/U5799398/order/177393569
-> GET /v1/api/iserver/account/orders
<- 200 GET /v1/api/iserver/account/orders
-> POST /v1/api/iserver/account/U5799398/order/1833693391
<- 200 POST /v1/api/iserver/account/U5799398/order/1833693391
-> GET /v1/api/iserver/account/orders
<- 200 GET /v1/api/iserver/account/orders
-> POST /v1/api/iserver/account/U5799398/order/1833693392
<- 200 POST /v1/api/iserver/account/U5799398/order/1833693392
-> GET /v1/api/iserver/account/orders
<- 200 GET /v1/api/iserver/account/orders
-> GET /v1/api/iserver/marketdata/history?conid=849557888&period=30d&bar=1d&outsideRth=false
<- 200 GET /v1/api/iserver/marketdata/history?conid=849557888&period=30d&bar=1d&outsideRth=false
-> GET /v1/api/iserver/marketdata/history?conid=849557888&period=30d&bar=1d&outsideRth=false
<- 200 GET /v1/api/iserver/marketdata/history?conid=849557888&period=30d&bar=1d&outsideRth=false
-> GET /v1/api/iserver/marketdata/history?conid=849557888&period=30d&bar=1d&outsideRth=false
<- 200 GET /v1/api/iserver/marketdata/history?conid=849557888&period=30d&bar=1d&outsideRth=false
-> GET /v1/api/iserver/marketdata/history?conid=849557888&period=30d&bar=1d&outsideRth=false
<- 200 GET /v1/api/iserver/marketdata/history?conid=849557888&period=30d&bar=1d&outsideRth=false
-> GET /v1/api/iserver/account/order/status/1083084234
<- 200 GET /v1/api/iserver/account/order/status/1083084234
-> GET /v1/api/iserver/account/orders
<- 200 GET /v1/api/iserver/account/orders
-> DELETE /v1/api/iserver/account/U5799398/order/177393567
<- 400 DELETE /v1/api/iserver/account/U5799398/order/177393567
-> DELETE /v1/api/iserver/account/U5799398/order/177393568
<- 200 DELETE /v1/api/iserver/account/U5799398/order/177393568
-> DELETE /v1/api/iserver/account/U5799398/order/177393569
<- 400 DELETE /v1/api/iserver/account/U5799398/order/177393569
-> DELETE /v1/api/iserver/account/U5799398/order/1083084234
<- 400 DELETE /v1/api/iserver/account/U5799398/order/1083084234
-> DELETE /v1/api/iserver/account/U5799398/order/1833693391
-> request: /v1/api/tickle
<- 200 DELETE /v1/api/iserver/account/U5799398/order/1833693391
-> DELETE /v1/api/iserver/account/U5799398/order/1833693392
-> GET /v1/api/tickle,200|134ms
<- 400 DELETE /v1/api/iserver/account/U5799398/order/1833693392
-> request: /v1/api/tickle
-> GET /v1/api/tickle,200|135ms
-> request: /sso/ping
-> GET /sso/ping,200|319ms
-> request: /v1/api/tickle
-> GET /v1/api/tickle,200|137ms
-> request: /v1/api/tickle
-> GET /v1/api/tickle,200|144ms
-> request: /v1/api/tickle
-> GET /v1/api/tickle,200|163ms
-> request: /v1/api/tickle
-> GET /v1/api/tickle,200|136ms
-> request: /v1/api/tickle
-> GET /v1/api/tickle,200|135ms
-> request: /v1/api/tickle
-> GET /v1/api/tickle,200|141ms
-> request: /v1/api/tickle
-> GET /v1/api/tickle,200|133ms
-> request: /v1/api/tickle
-> GET /v1/api/tickle,200|163ms
-> request: /v1/api/tickle
-> GET /v1/api/tickle,200|161ms
-> request: /v1/api/tickle
-> GET /v1/api/tickle,200|185ms
-> GET /v1/api/iserver/account/orders
-> GET /v1/api/portfolio/U5799398/positions/0?direction=a&period=1W&sort=position
<- 200 GET /v1/api/iserver/account/orders
<- 200 GET /v1/api/portfolio/U5799398/positions/0?direction=a&period=1W&sort=position
-> request: /sso/ping
-> GET /sso/ping,200|439ms
-> request: /v1/api/tickle
-> GET /v1/api/tickle,200|176ms
-> GET /v1/api/iserver/account/orders
<- 200 GET /v1/api/iserver/account/orders
-> GET /v1/api/iserver/account/orders
<- 200 GET /v1/api/iserver/account/orders
-> POST /v1/api/iserver/account/U5799398/order/1083084151
<- 200 POST /v1/api/iserver/account/U5799398/order/1083084151
-> GET /v1/api/iserver/account/orders
<- 200 GET /v1/api/iserver/account/orders
-> GET /v1/api/iserver/marketdata/history?conid=502252181&period=30d&bar=1d&outsideRth=false
<- 200 GET /v1/api/iserver/marketdata/history?conid=502252181&period=30d&bar=1d&outsideRth=false
-> GET /v1/api/iserver/marketdata/history?conid=502252181&period=30d&bar=1d&outsideRth=false
<- 200 GET /v1/api/iserver/marketdata/history?conid=502252181&period=30d&bar=1d&outsideRth=false
-> GET /v1/api/iserver/account/orders
<- 200 GET /v1/api/iserver/account/orders
-> request: /v1/api/tickle
-> GET /v1/api/tickle,200|188ms
-> GET /v1/api/iserver/account/orders
<- 200 GET /v1/api/iserver/account/orders
-> GET /v1/api/iserver/account/orders
<- 200 GET /v1/api/iserver/account/orders
-> POST /v1/api/iserver/account/U5799398/order/177394157
<- 200 POST /v1/api/iserver/account/U5799398/order/177394157
-> GET /v1/api/iserver/account/orders
<- 200 GET /v1/api/iserver/account/orders
-> GET /v1/api/iserver/marketdata/history?conid=47965865&period=30d&bar=1d&outsideRth=false
<- 200 GET /v1/api/iserver/marketdata/history?conid=47965865&period=30d&bar=1d&outsideRth=false
-> GET /v1/api/iserver/marketdata/history?conid=47965865&period=30d&bar=1d&outsideRth=false
<- 200 GET /v1/api/iserver/marketdata/history?conid=47965865&period=30d&bar=1d&outsideRth=false
-> GET /v1/api/iserver/account/orders
<- 200 GET /v1/api/iserver/account/orders
-> request: /v1/api/tickle
-> GET /v1/api/tickle,200|201ms
-> request: /v1/api/tickle
-> GET /v1/api/tickle,200|254ms
-> request: /v1/api/tickle
-> GET /v1/api/tickle,200|205ms
-> GET /v1/api/iserver/account/orders
<- 200 GET /v1/api/iserver/account/orders
-> GET /v1/api/iserver/marketdata/history?conid=138438437&period=30d&bar=1d&outsideRth=false
<- 200 GET /v1/api/iserver/marketdata/history?conid=138438437&period=30d&bar=1d&outsideRth=false
-> request: /v1/api/tickle
-> GET /v1/api/iserver/account/orders
-> GET /v1/api/tickle,200|202ms
<- 200 GET /v1/api/iserver/account/orders
-> DELETE /v1/api/iserver/account/U5799398/order/1083084148
<- 400 DELETE /v1/api/iserver/account/U5799398/order/1083084148
-> DELETE /v1/api/iserver/account/U5799398/order/1083084147
<- 200 DELETE /v1/api/iserver/account/U5799398/order/1083084147
-> GET /v1/api/portfolio/U5799398/positions/0?direction=a&period=1W&sort=position
<- 200 GET /v1/api/portfolio/U5799398/positions/0?direction=a&period=1W&sort=position
-> GET /v1/api/iserver/account/orders
<- 200 GET /v1/api/iserver/account/orders
-> request: /v1/api/tickle
-> GET /v1/api/tickle,200|256ms
-> request: /v1/api/tickle
-> GET /v1/api/tickle,200|213ms
-> request: /v1/api/tickle
-> GET /v1/api/tickle,200|559ms
-> GET /v1/api/iserver/account/orders
<- 200 GET /v1/api/iserver/account/orders
-> GET /v1/api/iserver/account/orders
<- 200 GET /v1/api/iserver/account/orders
-> POST /v1/api/iserver/account/U5799398/order/1848206440
<- 200 POST /v1/api/iserver/account/U5799398/order/1848206440
-> GET /v1/api/iserver/account/orders
<- 200 GET /v1/api/iserver/account/orders
-> GET /v1/api/iserver/marketdata/history?conid=6482&period=30d&bar=1d&outsideRth=false
<- 200 GET /v1/api/iserver/marketdata/history?conid=6482&period=30d&bar=1d&outsideRth=false
-> GET /v1/api/iserver/marketdata/history?conid=6482&period=30d&bar=1d&outsideRth=false
<- 200 GET /v1/api/iserver/marketdata/history?conid=6482&period=30d&bar=1d&outsideRth=false
-> GET /v1/api/iserver/account/orders
<- 200 GET /v1/api/iserver/account/orders
-> request: /v1/api/tickle
-> GET /v1/api/tickle,200|1536ms
-> request: /sso/ping
-> GET /sso/ping,200|398ms
-> request: /v1/api/tickle
-> GET /v1/api/tickle,200|214ms
-> request: /v1/api/tickle
-> GET /v1/api/tickle,200|182ms
-> request: /v1/api/tickle
-> GET /v1/api/tickle,200|266ms
-> request: /v1/api/tickle
-> GET /v1/api/tickle,200|203ms
-> request: /v1/api/tickle
-> GET /v1/api/tickle,200|195ms
-> request: /v1/api/tickle
-> GET /v1/api/tickle,200|255ms
-> GET /v1/api/portfolio/U5799398/summary
<- 200 GET /v1/api/portfolio/U5799398/summary
-> GET /v1/api/iserver/account/orders
-> GET /v1/api/portfolio/U5799398/positions/0?direction=a&period=1W&sort=position
<- 200 GET /v1/api/iserver/account/orders
<- 200 GET /v1/api/portfolio/U5799398/positions/0?direction=a&period=1W&sort=position
-> request: /v1/api/tickle
-> GET /v1/api/tickle,200|170ms
-> POST /v1/api/iserver/auth/ssodh/init?publish=true&compete=true
<- 200 POST /v1/api/iserver/auth/ssodh/init?publish=true&compete=true
-> GET /v1/api/iserver/account/orders
<- 200 GET /v1/api/iserver/account/orders
-> request: /v1/api/tickle
-> POST /v1/api/tickle
-> GET /v1/api/tickle,200|130ms
<- 200 POST /v1/api/tickle
-> request: /v1/api/tickle
-> GET /v1/api/tickle,200|317ms
-> request: /v1/api/tickle
-> GET /v1/api/tickle,200|155ms
-> GET /v1/api/iserver/account/orders
<- 200 GET /v1/api/iserver/account/orders
-> request: /sso/ping
-> GET /sso/ping,200|372ms
-> request: /v1/api/tickle
-> GET /v1/api/tickle,200|187ms
-> request: /v1/api/tickle
-> GET /v1/api/tickle,200|147ms
-> GET /v1/api/portfolio/U5799398/summary
<- 200 GET /v1/api/portfolio/U5799398/summary
-> GET /v1/api/iserver/account/orders
-> GET /v1/api/portfolio/U5799398/positions/0?direction=a&period=1W&sort=position
<- 200 GET /v1/api/iserver/account/orders
<- 200 GET /v1/api/portfolio/U5799398/positions/0?direction=a&period=1W&sort=position
-> request: /v1/api/tickle
-> GET /v1/api/tickle,200|295ms
-> request: /v1/api/tickle
-> POST /v1/api/tickle
<- 200 POST /v1/api/tickle
-> GET /v1/api/tickle,200|493ms
-> request: /v1/api/tickle
-> GET /v1/api/tickle,200|150ms
-> request: /v1/api/tickle
-> GET /v1/api/tickle,200|140ms
-> GET /sso/Login?forwardTo=22&RL=1&ip2loc=US
<- 200 GET /sso/Login?forwardTo=22&RL=1&ip2loc=US
-> GET /css/bootstrap-5.2.2/bootstrap.min.css
-> GET /css/reg-am/login.min.css
-> GET /css/bootstrap-switch-3.3.2/bootstrap-switch.min.css
-> GET /css/ibkr/theme-ibkr-portal.min.css
-> GET /css/fontawesome-6.4.2/all.min.css
-> GET /scripts/common/js/jquery-3.7.0/jquery.min.js
<- 200 GET /css/bootstrap-5.2.2/bootstrap.min.css
<- 200 GET /css/reg-am/login.min.css
<- 200 GET /css/ibkr/theme-ibkr-portal.min.css
<- 200 GET /css/bootstrap-switch-3.3.2/bootstrap-switch.min.css
-> GET /scripts/common/js/bootstrap-5.2.2/bootstrap.bundle.min.js
<- 200 GET /css/fontawesome-6.4.2/all.min.css
-> GET /sso/lib/xyz.bundle.min.js
<- 200 GET /scripts/common/js/jquery-3.7.0/jquery.min.js
<- 200 GET /scripts/common/js/bootstrap-5.2.2/bootstrap.bundle.min.js
<- 200 GET /sso/lib/xyz.bundle.min.js
-> GET /images/common/logos/ibkr/interactive-brokers.svg
-> GET /fonts/proxima-nova/Proxima-Nova-Regular.woff2
-> GET /fonts/fontawesome-6.4.2/webfonts/fa-solid-900.woff2
-> GET /fonts/fontawesome-6.4.2/webfonts/fa-brands-400.woff2
-> POST /sso/report
-> POST /portal.proxy/v1/gstat/bulletins
<- 200 GET /images/common/logos/ibkr/interactive-brokers.svg
<- 200 GET /fonts/fontawesome-6.4.2/webfonts/fa-brands-400.woff2
<- 200 GET /fonts/fontawesome-6.4.2/webfonts/fa-solid-900.woff2
<- 200 GET /fonts/proxima-nova/Proxima-Nova-Regular.woff2
-> GET /images/web/favicons/home-screen-icon-128x128.png
<- 200 GET /images/web/favicons/home-screen-icon-128x128.png
<- 204 POST /portal.proxy/v1/gstat/bulletins
<- 200 POST /sso/report
-> POST /sso/Authenticator
<- 200 POST /sso/Authenticator
-> POST /sso/Authenticator
<- 200 POST /sso/Authenticator
-> POST /sso/Authenticator
<- 200 POST /sso/Authenticator
-> POST /sso/Authenticator
<- 200 POST /sso/Authenticator
-> POST /sso/Authenticator
<- 200 POST /sso/Authenticator
-> POST /sso/Authenticator
<- 200 POST /sso/Authenticator
-> POST /sso/Authenticator
<- 200 POST /sso/Authenticator
-> POST /sso/Authenticator
<- 200 POST /sso/Authenticator
-> POST /sso/Authenticator
<- 200 POST /sso/Authenticator
-> POST /sso/Authenticator
<- 200 POST /sso/Authenticator
-> POST /sso/Authenticator
<- 200 POST /sso/Authenticator
-> POST /sso/Authenticator
<- 200 POST /sso/Authenticator
-> POST /sso/Authenticator
<- 200 POST /sso/Authenticator
-> POST /sso/Authenticator
<- 200 POST /sso/Authenticator
-> POST /sso/Authenticator
<- 200 POST /sso/Authenticator
-> POST /sso/Authenticator
<- 200 POST /sso/Authenticator
-> GET /v1/api/iserver/account/orders
<- 401 GET /v1/api/iserver/account/orders
-> GET /v1/api/iserver/account/orders
<- 401 GET /v1/api/iserver/account/orders
-> POST /sso/Authenticator
<- 200 POST /sso/Authenticator
-> POST /v1/api/iserver/auth/ssodh/init?publish=true&compete=true
-> POST /sso/Authenticator
<- 200 POST /sso/Authenticator
<- 401 POST /v1/api/iserver/auth/ssodh/init?publish=true&compete=true
-> POST /v1/api/iserver/auth/ssodh/init?publish=true&compete=true
<- 401 POST /v1/api/iserver/auth/ssodh/init?publish=true&compete=true
-> POST /sso/Authenticator
<- 200 POST /sso/Authenticator
-> GET /sso/Login?forwardTo=22&RL=1&ip2loc=US
-> POST /sso/Authenticator
<- 200 GET /sso/Login?forwardTo=22&RL=1&ip2loc=US
-> GET /css/reg-am/login.min.css
-> GET /scripts/common/js/jquery-3.7.0/jquery.min.js
-> GET /css/ibkr/theme-ibkr-portal.min.css
-> GET /scripts/common/js/bootstrap-5.2.2/bootstrap.bundle.min.js
-> GET /sso/lib/xyz.bundle.min.js
<- 200 POST /sso/Authenticator
<- 304 GET /scripts/common/js/jquery-3.7.0/jquery.min.js
<- 200 GET /css/reg-am/login.min.css
<- 200 GET /css/ibkr/theme-ibkr-portal.min.css
<- 200 GET /scripts/common/js/bootstrap-5.2.2/bootstrap.bundle.min.js
<- 304 GET /sso/lib/xyz.bundle.min.js
-> GET /fonts/proxima-nova/Proxima-Nova-Regular.woff2
-> GET /fonts/fontawesome-6.4.2/webfonts/fa-brands-400.woff2
-> GET /fonts/fontawesome-6.4.2/webfonts/fa-solid-900.woff2
-> POST /sso/report
-> POST /portal.proxy/v1/gstat/bulletins
<- 304 GET /fonts/fontawesome-6.4.2/webfonts/fa-solid-900.woff2
<- 304 GET /fonts/fontawesome-6.4.2/webfonts/fa-brands-400.woff2
<- 304 GET /fonts/proxima-nova/Proxima-Nova-Regular.woff2
-> GET /images/web/favicons/home-screen-icon-128x128.png
<- 200 GET /images/web/favicons/home-screen-icon-128x128.png
<- 204 POST /portal.proxy/v1/gstat/bulletins
<- 200 POST /sso/report
-> POST /sso/Authenticator
<- 200 POST /sso/Authenticator
-> POST /sso/Authenticator
<- 200 POST /sso/Authenticator
-> POST /sso/Authenticator
<- 200 POST /sso/Authenticator
-> POST /sso/Authenticator
<- 200 POST /sso/Authenticator
-> POST /sso/Authenticator
<- 200 POST /sso/Authenticator
-> POST /sso/Authenticator
<- 200 POST /sso/Authenticator
-> GET /sso/Login?forwardTo=22&RL=1&ip2loc=US
<- 200 GET /sso/Login?forwardTo=22&RL=1&ip2loc=US
-> GET /css/bootstrap-5.2.2/bootstrap.min.css
-> GET /css/bootstrap-switch-3.3.2/bootstrap-switch.min.css
-> GET /css/ibkr/theme-ibkr-portal.min.css
-> GET /css/fontawesome-6.4.2/all.min.css
-> GET /css/reg-am/login.min.css
-> GET /scripts/common/js/jquery-3.7.0/jquery.min.js
<- 200 GET /css/bootstrap-5.2.2/bootstrap.min.css
-> GET /scripts/common/js/bootstrap-5.2.2/bootstrap.bundle.min.js
<- 200 GET /css/bootstrap-switch-3.3.2/bootstrap-switch.min.css
-> GET /sso/lib/xyz.bundle.min.js
<- 200 GET /css/fontawesome-6.4.2/all.min.css
<- 200 GET /scripts/common/js/jquery-3.7.0/jquery.min.js
<- 200 GET /scripts/common/js/bootstrap-5.2.2/bootstrap.bundle.min.js
<- 200 GET /css/ibkr/theme-ibkr-portal.min.css
<- 200 GET /css/reg-am/login.min.css
<- 200 GET /sso/lib/xyz.bundle.min.js
-> GET /images/common/logos/ibkr/interactive-brokers.svg
-> GET /fonts/proxima-nova/Proxima-Nova-Regular.woff2
-> GET /fonts/fontawesome-6.4.2/webfonts/fa-solid-900.woff2
-> GET /fonts/fontawesome-6.4.2/webfonts/fa-brands-400.woff2
<- 200 GET /images/common/logos/ibkr/interactive-brokers.svg
-> POST /sso/report
-> POST /portal.proxy/v1/gstat/bulletins
<- 200 GET /fonts/fontawesome-6.4.2/webfonts/fa-solid-900.woff2
<- 200 GET /fonts/proxima-nova/Proxima-Nova-Regular.woff2
<- 200 GET /fonts/fontawesome-6.4.2/webfonts/fa-brands-400.woff2
-> GET /images/web/favicons/home-screen-icon-128x128.png
<- 200 GET /images/web/favicons/home-screen-icon-128x128.png
<- 204 POST /portal.proxy/v1/gstat/bulletins
<- 200 POST /sso/report
-> POST /sso/Authenticator
<- 200 POST /sso/Authenticator
-> POST /sso/Authenticator
<- 200 POST /sso/Authenticator
-> POST /sso/Authenticator
<- 200 POST /sso/Authenticator
-> POST /sso/Authenticator
<- 200 POST /sso/Authenticator
-> POST /sso/Authenticator
<- 200 POST /sso/Authenticator
-> POST /sso/Dispatcher
<- 302 POST /sso/Dispatcher
-> request: /v1/api/sso/validate?gw=1
-> GET /v1/api/sso/validate?gw=1,200|889ms
-> request: /v1/api/one/user
-> request: /v1/api/ssodh/init
-> sso GET https://api.ibkr.com/v1/api/ssodh/init
-> GET /v1/api/one/user,200|485ms
-> request: /v1/api/ssodh/st
-> sso GET https://api.ibkr.com/v1/api/ssodh/st
-> POST /v1/api/iserver/auth/ssodh/init?publish=true&compete=true
<- 200 POST /v1/api/iserver/auth/ssodh/init?publish=true&compete=true
-> GET /v1/api/iserver/account/orders
<- 200 GET /v1/api/iserver/account/orders
-> request: /v1/api/iserver/auth/status
-> GET /v1/api/iserver/auth/status,200|130ms
-> request: /v1/api/iserver/accounts
-> GET /v1/api/iserver/accounts,200|89ms
-> POST /v1/api/tickle
<- 200 POST /v1/api/tickle
-> GET /v1/api/iserver/account/orders
<- 200 GET /v1/api/iserver/account/orders
-> request: /v1/api/tickle
-> GET /v1/api/tickle,200|97ms
-> GET /v1/api/iserver/secdef/search?symbol=YSS&secType=STK
<- 200 GET /v1/api/iserver/secdef/search?symbol=YSS&secType=STK
-> request: /v1/api/tickle
-> GET /v1/api/tickle,200|422ms
-> GET /v1/api/portfolio/U5799398/summary
<- 200 GET /v1/api/portfolio/U5799398/summary
-> GET /v1/api/portfolio/U5799398/positions/0?direction=a&period=1W&sort=position
-> GET /v1/api/iserver/account/orders
<- 200 GET /v1/api/portfolio/U5799398/positions/0?direction=a&period=1W&sort=position
<- 200 GET /v1/api/iserver/account/orders
-> GET /v1/api/iserver/account/orders
<- 200 GET /v1/api/iserver/account/orders
-> GET /v1/api/iserver/marketdata/history?conid=695996615&period=30d&bar=1d&outsideRth=false
<- 200 GET /v1/api/iserver/marketdata/history?conid=695996615&period=30d&bar=1d&outsideRth=false
-> GET /v1/api/iserver/marketdata/history?conid=695996615&period=30d&bar=1d&outsideRth=false
<- 200 GET /v1/api/iserver/marketdata/history?conid=695996615&period=30d&bar=1d&outsideRth=false
-> request: /v1/api/tickle
-> GET /v1/api/tickle,200|107ms
-> GET /v1/api/iserver/account/orders
<- 200 GET /v1/api/iserver/account/orders
-> request: /v1/api/tickle
-> GET /v1/api/tickle,200|189ms
-> GET /v1/api/iserver/account/orders
<- 200 GET /v1/api/iserver/account/orders
-> request: /v1/api/tickle
-> GET /v1/api/tickle,200|114ms
-> request: /v1/api/tickle
-> GET /v1/api/tickle,200|367ms
-> request: /v1/api/tickle
-> POST /v1/api/iserver/auth/ssodh/init?publish=true&compete=true
uri /v1/api/iserver/auth/ssodh/init?publish=true&compete=true failed
java.net.SocketException: Connection reset
	at java.base/sun.nio.ch.SocketChannelImpl.throwConnectionReset(SocketChannelImpl.java:394)
	at java.base/sun.nio.ch.SocketChannelImpl.read(SocketChannelImpl.java:426)
	at io.netty.buffer.PooledUnsafeDirectByteBuf.setBytes(PooledUnsafeDirectByteBuf.java:288)
	at io.netty.buffer.AbstractByteBuf.writeBytes(AbstractByteBuf.java:1106)
	at io.netty.channel.socket.nio.NioSocketChannel.doReadBytes(NioSocketChannel.java:373)
	at io.netty.channel.nio.AbstractNioByteChannel$NioByteUnsafe.read(AbstractNioByteChannel.java:123)
	at io.netty.channel.nio.NioEventLoop.processSelectedKey(NioEventLoop.java:645)
	at io.netty.channel.nio.NioEventLoop.processSelectedKeysPlain(NioEventLoop.java:545)
	at io.netty.channel.nio.NioEventLoop.processSelectedKeys(NioEventLoop.java:499)
	at io.netty.channel.nio.NioEventLoop.run(NioEventLoop.java:459)
	at io.netty.util.concurrent.SingleThreadEventExecutor$5.run(SingleThreadEventExecutor.java:858)
	at java.base/java.lang.Thread.run(Thread.java:842)
-> request: /v1/api/tickle
-> POST /sso/Dispatcher
uri /sso/Dispatcher failed
java.net.SocketException: Connection reset
	at java.base/sun.nio.ch.SocketChannelImpl.throwConnectionReset(SocketChannelImpl.java:394)
	at java.base/sun.nio.ch.SocketChannelImpl.read(SocketChannelImpl.java:426)
	at io.netty.buffer.PooledUnsafeDirectByteBuf.setBytes(PooledUnsafeDirectByteBuf.java:288)
	at io.netty.buffer.AbstractByteBuf.writeBytes(AbstractByteBuf.java:1106)
	at io.netty.channel.socket.nio.NioSocketChannel.doReadBytes(NioSocketChannel.java:373)
	at io.netty.channel.nio.AbstractNioByteChannel$NioByteUnsafe.read(AbstractNioByteChannel.java:123)
	at io.netty.channel.nio.NioEventLoop.processSelectedKey(NioEventLoop.java:645)
	at io.netty.channel.nio.NioEventLoop.processSelectedKeysPlain(NioEventLoop.java:545)
	at io.netty.channel.nio.NioEventLoop.processSelectedKeys(NioEventLoop.java:499)
	at io.netty.channel.nio.NioEventLoop.run(NioEventLoop.java:459)
	at io.netty.util.concurrent.SingleThreadEventExecutor$5.run(SingleThreadEventExecutor.java:858)
	at java.base/java.lang.Thread.run(Thread.java:842)
-> request: /v1/api/tickle
-> request: /sso/ping
-> GET /sso/ping,200|633ms
-> request: /v1/api/tickle
-> GET /v1/api/tickle,200|516ms
-> request: /v1/api/tickle
-> GET /v1/api/tickle,200|156ms
-> GET /v1/api/logout
<- 200 GET /v1/api/logout
-> GET /sso/Login?forwardTo=22&RL=1&ip2loc=US
<- 200 GET /sso/Login?forwardTo=22&RL=1&ip2loc=US
-> GET /css/bootstrap-5.2.2/bootstrap.min.css
-> GET /css/ibkr/theme-ibkr-portal.min.css
-> GET /css/bootstrap-switch-3.3.2/bootstrap-switch.min.css
-> GET /css/reg-am/login.min.css
-> GET /css/fontawesome-6.4.2/all.min.css
-> GET /scripts/common/js/jquery-3.7.0/jquery.min.js
<- 200 GET /css/bootstrap-5.2.2/bootstrap.min.css
-> GET /scripts/common/js/bootstrap-5.2.2/bootstrap.bundle.min.js
<- 200 GET /css/ibkr/theme-ibkr-portal.min.css
-> GET /sso/lib/xyz.bundle.min.js
<- 200 GET /css/fontawesome-6.4.2/all.min.css
<- 200 GET /css/reg-am/login.min.css
<- 200 GET /scripts/common/js/jquery-3.7.0/jquery.min.js
<- 200 GET /scripts/common/js/bootstrap-5.2.2/bootstrap.bundle.min.js
<- 200 GET /css/bootstrap-switch-3.3.2/bootstrap-switch.min.css
<- 200 GET /sso/lib/xyz.bundle.min.js
-> GET /images/common/logos/ibkr/interactive-brokers.svg
-> GET /fonts/proxima-nova/Proxima-Nova-Regular.woff2
-> GET /fonts/fontawesome-6.4.2/webfonts/fa-brands-400.woff2
-> GET /fonts/fontawesome-6.4.2/webfonts/fa-solid-900.woff2
<- 200 GET /images/common/logos/ibkr/interactive-brokers.svg
-> POST /sso/report
-> POST /portal.proxy/v1/gstat/bulletins
<- 200 GET /fonts/proxima-nova/Proxima-Nova-Regular.woff2
<- 200 GET /fonts/fontawesome-6.4.2/webfonts/fa-brands-400.woff2
<- 200 GET /fonts/fontawesome-6.4.2/webfonts/fa-solid-900.woff2
-> GET /images/web/favicons/home-screen-icon-128x128.png
<- 200 GET /images/web/favicons/home-screen-icon-128x128.png
<- 204 POST /portal.proxy/v1/gstat/bulletins
<- 200 POST /sso/report
-> POST /sso/Authenticator
<- 200 POST /sso/Authenticator
-> POST /sso/Authenticator
<- 200 POST /sso/Authenticator
-> POST /sso/Authenticator
<- 200 POST /sso/Authenticator
-> POST /sso/Authenticator
<- 200 POST /sso/Authenticator
-> POST /sso/Authenticator
<- 200 POST /sso/Authenticator
-> POST /sso/Authenticator
<- 200 POST /sso/Authenticator
-> POST /sso/Authenticator
<- 200 POST /sso/Authenticator
-> GET /sso/Login?forwardTo=22&RL=1&ip2loc=US
<- 200 GET /sso/Login?forwardTo=22&RL=1&ip2loc=US
-> GET /css/reg-am/login.min.css
-> GET /scripts/common/js/jquery-3.7.0/jquery.min.js
-> GET /css/ibkr/theme-ibkr-portal.min.css
-> GET /scripts/common/js/bootstrap-5.2.2/bootstrap.bundle.min.js
-> GET /sso/lib/xyz.bundle.min.js
<- 304 GET /scripts/common/js/jquery-3.7.0/jquery.min.js
<- 304 GET /scripts/common/js/bootstrap-5.2.2/bootstrap.bundle.min.js
<- 304 GET /sso/lib/xyz.bundle.min.js
<- 304 GET /css/ibkr/theme-ibkr-portal.min.css
<- 304 GET /css/reg-am/login.min.css
-> GET /fonts/proxima-nova/Proxima-Nova-Regular.woff2
-> POST /sso/report
-> POST /portal.proxy/v1/gstat/bulletins
-> GET /fonts/fontawesome-6.4.2/webfonts/fa-solid-900.woff2
-> GET /fonts/fontawesome-6.4.2/webfonts/fa-brands-400.woff2
<- 304 GET /fonts/proxima-nova/Proxima-Nova-Regular.woff2
<- 304 GET /fonts/fontawesome-6.4.2/webfonts/fa-solid-900.woff2
<- 304 GET /fonts/fontawesome-6.4.2/webfonts/fa-brands-400.woff2
-> GET /images/web/favicons/home-screen-icon-128x128.png
<- 200 GET /images/web/favicons/home-screen-icon-128x128.png
<- 204 POST /portal.proxy/v1/gstat/bulletins
<- 200 POST /sso/report
-> POST /sso/Authenticator
<- 200 POST /sso/Authenticator
-> POST /sso/Authenticator
<- 200 POST /sso/Authenticator
-> POST /sso/Authenticator
<- 200 POST /sso/Authenticator
-> POST /sso/Authenticator
<- 200 POST /sso/Authenticator
-> POST /sso/Authenticator
<- 200 POST /sso/Authenticator
-> POST /sso/Authenticator
<- 200 POST /sso/Authenticator
-> POST /sso/Authenticator
-> GET /sso/Login?forwardTo=22&RL=1&ip2loc=US
<- 200 POST /sso/Authenticator
<- 200 GET /sso/Login?forwardTo=22&RL=1&ip2loc=US
-> GET /css/reg-am/login.min.css
-> GET /css/ibkr/theme-ibkr-portal.min.css
-> GET /scripts/common/js/jquery-3.7.0/jquery.min.js
-> GET /scripts/common/js/bootstrap-5.2.2/bootstrap.bundle.min.js
-> GET /sso/lib/xyz.bundle.min.js
<- 304 GET /sso/lib/xyz.bundle.min.js
<- 304 GET /scripts/common/js/bootstrap-5.2.2/bootstrap.bundle.min.js
<- 304 GET /scripts/common/js/jquery-3.7.0/jquery.min.js
<- 304 GET /css/reg-am/login.min.css
<- 200 GET /css/ibkr/theme-ibkr-portal.min.css
-> GET /fonts/proxima-nova/Proxima-Nova-Regular.woff2
-> GET /fonts/fontawesome-6.4.2/webfonts/fa-solid-900.woff2
-> GET /fonts/fontawesome-6.4.2/webfonts/fa-brands-400.woff2
<- 304 GET /fonts/proxima-nova/Proxima-Nova-Regular.woff2
<- 304 GET /fonts/fontawesome-6.4.2/webfonts/fa-brands-400.woff2
-> POST /sso/report
<- 304 GET /fonts/fontawesome-6.4.2/webfonts/fa-solid-900.woff2
-> POST /portal.proxy/v1/gstat/bulletins
-> GET /images/web/favicons/home-screen-icon-128x128.png
<- 200 GET /images/web/favicons/home-screen-icon-128x128.png
<- 204 POST /portal.proxy/v1/gstat/bulletins
<- 200 POST /sso/report
-> GET /sso/Login?forwardTo=22&RL=1&ip2loc=US
<- 200 GET /sso/Login?forwardTo=22&RL=1&ip2loc=US
-> GET /css/bootstrap-5.2.2/bootstrap.min.css
-> GET /css/bootstrap-switch-3.3.2/bootstrap-switch.min.css
-> GET /css/reg-am/login.min.css
-> GET /css/fontawesome-6.4.2/all.min.css
-> GET /css/ibkr/theme-ibkr-portal.min.css
-> GET /scripts/common/js/jquery-3.7.0/jquery.min.js
<- 200 GET /css/bootstrap-5.2.2/bootstrap.min.css
-> GET /scripts/common/js/bootstrap-5.2.2/bootstrap.bundle.min.js
<- 200 GET /css/bootstrap-switch-3.3.2/bootstrap-switch.min.css
-> GET /sso/lib/xyz.bundle.min.js
<- 200 GET /css/reg-am/login.min.css
<- 200 GET /css/ibkr/theme-ibkr-portal.min.css
<- 200 GET /scripts/common/js/jquery-3.7.0/jquery.min.js
<- 200 GET /scripts/common/js/bootstrap-5.2.2/bootstrap.bundle.min.js
<- 200 GET /css/fontawesome-6.4.2/all.min.css
<- 200 GET /sso/lib/xyz.bundle.min.js
-> GET /images/common/logos/ibkr/interactive-brokers.svg
-> GET /fonts/proxima-nova/Proxima-Nova-Regular.woff2
-> GET /fonts/fontawesome-6.4.2/webfonts/fa-solid-900.woff2
-> GET /fonts/fontawesome-6.4.2/webfonts/fa-brands-400.woff2
-> POST /sso/report
-> POST /portal.proxy/v1/gstat/bulletins
<- 200 GET /fonts/proxima-nova/Proxima-Nova-Regular.woff2
<- 200 GET /images/common/logos/ibkr/interactive-brokers.svg
<- 200 GET /fonts/fontawesome-6.4.2/webfonts/fa-brands-400.woff2
<- 204 POST /portal.proxy/v1/gstat/bulletins
<- 200 GET /fonts/fontawesome-6.4.2/webfonts/fa-solid-900.woff2
-> GET /images/web/favicons/home-screen-icon-128x128.png
<- 200 GET /images/web/favicons/home-screen-icon-128x128.png
<- 200 POST /sso/report
-> POST /sso/Authenticator
<- 200 POST /sso/Authenticator
-> POST /sso/Authenticator
<- 200 POST /sso/Authenticator
-> POST /sso/Authenticator
<- 200 POST /sso/Authenticator
-> POST /sso/Authenticator
<- 200 POST /sso/Authenticator
-> POST /sso/Authenticator
<- 200 POST /sso/Authenticator
-> POST /sso/Dispatcher
<- 302 POST /sso/Dispatcher
-> request: /v1/api/sso/validate?gw=1
-> GET /v1/api/sso/validate?gw=1,200|439ms
-> request: /v1/api/one/user
-> request: /v1/api/ssodh/init
-> sso GET https://api.ibkr.com/v1/api/ssodh/init
-> GET /v1/api/one/user,200|442ms
-> request: /v1/api/ssodh/st
-> sso GET https://api.ibkr.com/v1/api/ssodh/st
-> POST /v1/api/iserver/auth/ssodh/init?publish=true&compete=true
-> request: /v1/api/iserver/auth/status
-> GET /v1/api/iserver/auth/status,200|92ms
-> request: /v1/api/iserver/auth/ssodh/init
<- 200 POST /v1/api/iserver/auth/ssodh/init?publish=true&compete=true
-> GET /v1/api/iserver/account/orders
<- 200 GET /v1/api/iserver/account/orders
-> POST https://api.ibkr.com/v1/api/iserver/auth/ssodh/init,200|385ms
-> request: /v1/api/iserver/accounts
-> GET /v1/api/iserver/accounts,200|106ms
-> POST /v1/api/tickle
<- 200 POST /v1/api/tickle
-> GET /v1/api/iserver/account/orders
<- 200 GET /v1/api/iserver/account/orders
-> request: /v1/api/tickle
-> GET /v1/api/tickle,200|392ms
-> GET /v1/api/portfolio/U5799398/summary
<- 200 GET /v1/api/portfolio/U5799398/summary
-> GET /v1/api/portfolio/U5799398/positions/0?direction=a&period=1W&sort=position
-> GET /v1/api/iserver/account/orders
<- 200 GET /v1/api/portfolio/U5799398/positions/0?direction=a&period=1W&sort=position
<- 200 GET /v1/api/iserver/account/orders
-> request: /v1/api/tickle
-> GET /v1/api/tickle,200|147ms
-> GET /v1/api/iserver/secdef/search?symbol=YSS&secType=STK
<- 200 GET /v1/api/iserver/secdef/search?symbol=YSS&secType=STK
-> GET /v1/api/iserver/account/orders
<- 200 GET /v1/api/iserver/account/orders
-> GET /v1/api/portfolio/U5799398/summary
<- 200 GET /v1/api/portfolio/U5799398/summary
-> POST /v1/api/iserver/account/U5799398/orders
<- 200 POST /v1/api/iserver/account/U5799398/orders
-> POST /v1/api/iserver/reply/31a2bbb1-edfc-4453-9b68-c972b0ac1f53
<- 200 POST /v1/api/iserver/reply/31a2bbb1-edfc-4453-9b68-c972b0ac1f53
-> POST /v1/api/iserver/reply/d1baf62e-d38b-4336-a207-aa6df6c7132a
<- 200 POST /v1/api/iserver/reply/d1baf62e-d38b-4336-a207-aa6df6c7132a
-> GET /v1/api/iserver/account/orders
<- 200 GET /v1/api/iserver/account/orders
-> request: /v1/api/tickle
-> GET /v1/api/tickle,200|158ms
-> GET /v1/api/iserver/marketdata/history?conid=849557888&period=30d&bar=1d&outsideRth=false
<- 200 GET /v1/api/iserver/marketdata/history?conid=849557888&period=30d&bar=1d&outsideRth=false
-> GET /v1/api/iserver/marketdata/history?conid=849557888&period=30d&bar=1d&outsideRth=false
<- 200 GET /v1/api/iserver/marketdata/history?conid=849557888&period=30d&bar=1d&outsideRth=false
-> request: /v1/api/tickle
-> GET /v1/api/tickle,200|101ms
-> GET /v1/api/iserver/account/orders
<- 200 GET /v1/api/iserver/account/orders
-> GET /v1/api/iserver/marketdata/history?conid=849557888&period=30d&bar=1d&outsideRth=false
<- 200 GET /v1/api/iserver/marketdata/history?conid=849557888&period=30d&bar=1d&outsideRth=false
-> GET /v1/api/iserver/marketdata/history?conid=849557888&period=30d&bar=1d&outsideRth=false
<- 200 GET /v1/api/iserver/marketdata/history?conid=849557888&period=30d&bar=1d&outsideRth=false
-> GET /v1/api/iserver/account/orders
<- 200 GET /v1/api/iserver/account/orders
-> GET /v1/api/iserver/account/orders
<- 200 GET /v1/api/iserver/account/orders
-> POST /v1/api/iserver/account/U5799398/order/1083085355
<- 200 POST /v1/api/iserver/account/U5799398/order/1083085355
-> GET /v1/api/iserver/account/orders
<- 200 GET /v1/api/iserver/account/orders
-> GET /v1/api/iserver/marketdata/history?conid=849557888&period=30d&bar=1d&outsideRth=false
<- 200 GET /v1/api/iserver/marketdata/history?conid=849557888&period=30d&bar=1d&outsideRth=false
-> GET /v1/api/iserver/marketdata/history?conid=849557888&period=30d&bar=1d&outsideRth=false
<- 200 GET /v1/api/iserver/marketdata/history?conid=849557888&period=30d&bar=1d&outsideRth=false
-> GET /v1/api/iserver/account/orders
<- 200 GET /v1/api/iserver/account/orders
-> request: /v1/api/tickle
-> GET /v1/api/tickle,200|113ms
-> request: /v1/api/tickle
-> GET /v1/api/tickle,200|95ms
-> POST /v1/api/tickle
<- 200 POST /v1/api/tickle
-> request: /v1/api/tickle
-> GET /v1/api/tickle,200|264ms
-> request: /v1/api/tickle
-> GET /v1/api/tickle,200|150ms
-> request: /v1/api/tickle
-> GET /v1/api/tickle,200|118ms
-> request: /sso/ping
-> GET /sso/ping,200|288ms
-> request: /v1/api/tickle
-> GET /v1/api/tickle,200|76ms
-> request: /v1/api/tickle
-> GET /v1/api/tickle,200|522ms
-> request: /v1/api/tickle
-> GET /v1/api/tickle,200|323ms
-> POST /v1/api/tickle
<- 200 POST /v1/api/tickle
-> request: /v1/api/tickle
-> GET /v1/api/tickle,200|271ms
-> request: /v1/api/tickle
-> GET /v1/api/tickle,200|101ms
-> request: /v1/api/tickle
-> GET /v1/api/tickle,200|97ms
-> request: /v1/api/tickle
-> GET /v1/api/tickle,200|115ms
-> request: /v1/api/tickle
-> GET /v1/api/tickle,200|109ms
-> request: /v1/api/tickle
-> GET /v1/api/tickle,200|343ms
-> POST /v1/api/tickle
<- 200 POST /v1/api/tickle
-> request: /v1/api/tickle
-> GET /v1/api/tickle,200|173ms
-> request: /sso/ping
-> GET /sso/ping,200|283ms
-> request: /v1/api/tickle
-> GET /v1/api/tickle,200|168ms
-> request: /v1/api/tickle
-> GET /v1/api/tickle,200|314ms
-> request: /v1/api/tickle
-> GET /v1/api/tickle,200|107ms
-> request: /v1/api/tickle
-> GET /v1/api/tickle,200|1565ms
-> request: /v1/api/tickle
-> GET /v1/api/tickle,200|295ms
-> POST /v1/api/tickle
<- 200 POST /v1/api/tickle
-> request: /v1/api/tickle
-> GET /v1/api/tickle,200|875ms
-> GET /v1/api/iserver/secdef/search?symbol=ALB&secType=STK
<- 200 GET /v1/api/iserver/secdef/search?symbol=ALB&secType=STK
-> request: /v1/api/tickle
-> GET /v1/api/tickle,200|130ms
-> request: /v1/api/tickle
-> GET /v1/api/tickle,200|223ms
-> GET /v1/api/portfolio/U5799398/summary
-> request: /v1/api/tickle
-> GET /v1/api/tickle,200|100ms
<- 200 GET /v1/api/portfolio/U5799398/summary
-> GET /v1/api/portfolio/U5799398/positions/0?direction=a&period=1W&sort=position
-> GET /v1/api/iserver/account/orders
<- 200 GET /v1/api/portfolio/U5799398/positions/0?direction=a&period=1W&sort=position
<- 200 GET /v1/api/iserver/account/orders
-> request: /v1/api/tickle
-> GET /v1/api/tickle,200|159ms
-> request: /sso/ping
-> GET /sso/ping,200|335ms
-> request: /v1/api/tickle
-> GET /v1/api/tickle,200|481ms
-> POST /v1/api/tickle
<- 200 POST /v1/api/tickle
-> request: /v1/api/tickle
-> GET /v1/api/tickle,200|116ms
-> request: /v1/api/tickle
-> GET /v1/api/tickle,200|126ms
-> request: /v1/api/tickle
-> GET /v1/api/tickle,200|241ms
-> request: /v1/api/tickle
-> GET /v1/api/tickle,200|127ms
-> request: /v1/api/tickle
-> GET /v1/api/tickle,200|114ms
-> request: /v1/api/tickle
-> GET /v1/api/tickle,200|106ms
-> POST /v1/api/tickle
<- 200 POST /v1/api/tickle
-> request: /v1/api/tickle
-> GET /v1/api/tickle,200|402ms
-> request: /v1/api/tickle
-> GET /v1/api/tickle,200|453ms
-> request: /v1/api/tickle
-> GET /v1/api/tickle,200|145ms
-> request: /sso/ping
-> GET /sso/ping,200|368ms
-> request: /v1/api/tickle
-> GET /v1/api/tickle,200|146ms
-> GET /v1/api/logout
<- 200 GET /v1/api/logout
